[0.439s] DEBUG:colcon:Command line arguments: ['/usr/bin/colcon', 'build']
[0.439s] DEBUG:colcon:Parsed command line arguments: Namespace(log_base=None, log_level=None, verb_name='build', build_base='build', install_base='install', merge_install=False, symlink_install=False, test_result_base=None, continue_on_error=False, executor='parallel', parallel_workers=8, event_handlers=None, ignore_user_meta=False, metas=['./colcon.meta'], base_paths=['.'], packages_ignore=None, packages_ignore_regex=None, paths=None, packages_up_to=None, packages_up_to_regex=None, packages_above=None, packages_above_and_dependencies=None, packages_above_depth=None, packages_select_by_dep=None, packages_skip_by_dep=None, packages_skip_up_to=None, packages_select_build_failed=False, packages_skip_build_finished=False, packages_select_test_failures=False, packages_skip_test_passed=False, packages_select=None, packages_skip=None, packages_select_regex=None, packages_skip_regex=None, packages_start=None, packages_end=None, allow_overriding=[], cmake_args=None, cmake_target=None, cmake_target_skip_unavailable=False, cmake_clean_cache=False, cmake_clean_first=False, cmake_force_configure=False, ament_cmake_args=None, catkin_cmake_args=None, catkin_skip_building_tests=False, verb_parser=<colcon_defaults.argument_parser.defaults.DefaultArgumentsDecorator object at 0x7e785e634250>, verb_extension=<colcon_core.verb.build.BuildVerb object at 0x7e785e765630>, main=<bound method BuildVerb.main of <colcon_core.verb.build.BuildVerb object at 0x7e785e765630>>)
[0.942s] Level 1:colcon.colcon_core.package_discovery:discover_packages(colcon_meta) check parameters
[0.942s] Level 1:colcon.colcon_core.package_discovery:discover_packages(recursive) check parameters
[0.942s] Level 1:colcon.colcon_core.package_discovery:discover_packages(ignore) check parameters
[0.942s] Level 1:colcon.colcon_core.package_discovery:discover_packages(path) check parameters
[0.943s] Level 1:colcon.colcon_core.package_discovery:discover_packages(colcon_meta) discover
[0.943s] Level 1:colcon.colcon_core.package_discovery:discover_packages(recursive) discover
[0.943s] INFO:colcon.colcon_core.package_discovery:Crawling recursively for packages in '/home/michfiona2002/ros2_ws'
[0.943s] Level 1:colcon.colcon_core.package_identification:_identify(.) by extensions ['ignore', 'ignore_ament_install']
[0.943s] Level 1:colcon.colcon_core.package_identification:_identify(.) by extension 'ignore'
[0.944s] Level 1:colcon.colcon_core.package_identification:_identify(.) by extension 'ignore_ament_install'
[0.944s] Level 1:colcon.colcon_core.package_identification:_identify(.) by extensions ['colcon_pkg']
[0.944s] Level 1:colcon.colcon_core.package_identification:_identify(.) by extension 'colcon_pkg'
[0.944s] Level 1:colcon.colcon_core.package_identification:_identify(.) by extensions ['colcon_meta']
[0.944s] Level 1:colcon.colcon_core.package_identification:_identify(.) by extension 'colcon_meta'
[0.944s] Level 1:colcon.colcon_core.package_identification:_identify(.) by extensions ['ros']
[0.944s] Level 1:colcon.colcon_core.package_identification:_identify(.) by extension 'ros'
[0.985s] Level 1:colcon.colcon_core.package_identification:_identify(.) by extensions ['cmake', 'python']
[0.985s] Level 1:colcon.colcon_core.package_identification:_identify(.) by extension 'cmake'
[0.985s] Level 1:colcon.colcon_core.package_identification:_identify(.) by extension 'python'
[0.985s] Level 1:colcon.colcon_core.package_identification:_identify(.) by extensions ['python_setup_py']
[0.985s] Level 1:colcon.colcon_core.package_identification:_identify(.) by extension 'python_setup_py'
[0.985s] Level 1:colcon.colcon_core.package_identification:_identify(build) by extensions ['ignore', 'ignore_ament_install']
[0.986s] Level 1:colcon.colcon_core.package_identification:_identify(build) by extension 'ignore'
[0.986s] Level 1:colcon.colcon_core.package_identification:_identify(build) ignored
[0.986s] Level 1:colcon.colcon_core.package_identification:_identify(install) by extensions ['ignore', 'ignore_ament_install']
[0.987s] Level 1:colcon.colcon_core.package_identification:_identify(install) by extension 'ignore'
[0.987s] Level 1:colcon.colcon_core.package_identification:_identify(install) ignored
[0.987s] Level 1:colcon.colcon_core.package_identification:_identify(listener) by extensions ['ignore', 'ignore_ament_install']
[0.987s] Level 1:colcon.colcon_core.package_identification:_identify(listener) by extension 'ignore'
[0.987s] Level 1:colcon.colcon_core.package_identification:_identify(listener) by extension 'ignore_ament_install'
[0.987s] Level 1:colcon.colcon_core.package_identification:_identify(listener) by extensions ['colcon_pkg']
[0.988s] Level 1:colcon.colcon_core.package_identification:_identify(listener) by extension 'colcon_pkg'
[0.988s] Level 1:colcon.colcon_core.package_identification:_identify(listener) by extensions ['colcon_meta']
[0.988s] Level 1:colcon.colcon_core.package_identification:_identify(listener) by extension 'colcon_meta'
[0.988s] Level 1:colcon.colcon_core.package_identification:_identify(listener) by extensions ['ros']
[0.988s] Level 1:colcon.colcon_core.package_identification:_identify(listener) by extension 'ros'
[0.996s] DEBUG:colcon.colcon_core.package_identification:Package 'listener' with type 'ros.ament_python' and name 'listener'
[0.996s] Level 1:colcon.colcon_core.package_identification:_identify(log) by extensions ['ignore', 'ignore_ament_install']
[0.997s] Level 1:colcon.colcon_core.package_identification:_identify(log) by extension 'ignore'
[0.997s] Level 1:colcon.colcon_core.package_identification:_identify(log) ignored
[0.997s] Level 1:colcon.colcon_core.package_identification:_identify(src) by extensions ['ignore', 'ignore_ament_install']
[0.997s] Level 1:colcon.colcon_core.package_identification:_identify(src) by extension 'ignore'
[0.997s] Level 1:colcon.colcon_core.package_identification:_identify(src) by extension 'ignore_ament_install'
[0.998s] Level 1:colcon.colcon_core.package_identification:_identify(src) by extensions ['colcon_pkg']
[0.998s] Level 1:colcon.colcon_core.package_identification:_identify(src) by extension 'colcon_pkg'
[0.998s] Level 1:colcon.colcon_core.package_identification:_identify(src) by extensions ['colcon_meta']
[0.998s] Level 1:colcon.colcon_core.package_identification:_identify(src) by extension 'colcon_meta'
[0.998s] Level 1:colcon.colcon_core.package_identification:_identify(src) by extensions ['ros']
[0.998s] Level 1:colcon.colcon_core.package_identification:_identify(src) by extension 'ros'
[0.998s] Level 1:colcon.colcon_core.package_identification:_identify(src) by extensions ['cmake', 'python']
[0.998s] Level 1:colcon.colcon_core.package_identification:_identify(src) by extension 'cmake'
[0.999s] Level 1:colcon.colcon_core.package_identification:_identify(src) by extension 'python'
[0.999s] Level 1:colcon.colcon_core.package_identification:_identify(src) by extensions ['python_setup_py']
[0.999s] Level 1:colcon.colcon_core.package_identification:_identify(src) by extension 'python_setup_py'
[0.999s] Level 1:colcon.colcon_core.package_identification:_identify(src/cpp_pubsub) by extensions ['ignore', 'ignore_ament_install']
[0.999s] Level 1:colcon.colcon_core.package_identification:_identify(src/cpp_pubsub) by extension 'ignore'
[0.999s] Level 1:colcon.colcon_core.package_identification:_identify(src/cpp_pubsub) by extension 'ignore_ament_install'
[0.999s] Level 1:colcon.colcon_core.package_identification:_identify(src/cpp_pubsub) by extensions ['colcon_pkg']
[1.000s] Level 1:colcon.colcon_core.package_identification:_identify(src/cpp_pubsub) by extension 'colcon_pkg'
[1.000s] Level 1:colcon.colcon_core.package_identification:_identify(src/cpp_pubsub) by extensions ['colcon_meta']
[1.000s] Level 1:colcon.colcon_core.package_identification:_identify(src/cpp_pubsub) by extension 'colcon_meta'
[1.000s] Level 1:colcon.colcon_core.package_identification:_identify(src/cpp_pubsub) by extensions ['ros']
[1.000s] Level 1:colcon.colcon_core.package_identification:_identify(src/cpp_pubsub) by extension 'ros'
[1.001s] DEBUG:colcon.colcon_core.package_identification:Package 'src/cpp_pubsub' with type 'ros.ament_cmake' and name 'cpp_pubsub'
[1.002s] Level 1:colcon.colcon_core.package_identification:_identify(talker) by extensions ['ignore', 'ignore_ament_install']
[1.002s] Level 1:colcon.colcon_core.package_identification:_identify(talker) by extension 'ignore'
[1.002s] Level 1:colcon.colcon_core.package_identification:_identify(talker) by extension 'ignore_ament_install'
[1.002s] Level 1:colcon.colcon_core.package_identification:_identify(talker) by extensions ['colcon_pkg']
[1.003s] Level 1:colcon.colcon_core.package_identification:_identify(talker) by extension 'colcon_pkg'
[1.003s] Level 1:colcon.colcon_core.package_identification:_identify(talker) by extensions ['colcon_meta']
[1.003s] Level 1:colcon.colcon_core.package_identification:_identify(talker) by extension 'colcon_meta'
[1.003s] Level 1:colcon.colcon_core.package_identification:_identify(talker) by extensions ['ros']
[1.003s] Level 1:colcon.colcon_core.package_identification:_identify(talker) by extension 'ros'
[1.005s] DEBUG:colcon.colcon_core.package_identification:Package 'talker' with type 'ros.ament_python' and name 'talker'
[1.005s] Level 1:colcon.colcon_core.package_discovery:discover_packages(recursive) using defaults
[1.005s] Level 1:colcon.colcon_core.package_discovery:discover_packages(ignore) discover
[1.005s] Level 1:colcon.colcon_core.package_discovery:discover_packages(ignore) using defaults
[1.005s] Level 1:colcon.colcon_core.package_discovery:discover_packages(path) discover
[1.005s] Level 1:colcon.colcon_core.package_discovery:discover_packages(path) using defaults
[1.100s] Level 1:colcon.colcon_core.package_discovery:discover_packages(prefix_path) check parameters
[1.100s] Level 1:colcon.colcon_core.package_discovery:discover_packages(prefix_path) discover
[1.109s] DEBUG:colcon.colcon_installed_package_information.package_discovery:Found 3 installed packages in /home/michfiona2002/ros2_ws/install
[1.113s] DEBUG:colcon.colcon_installed_package_information.package_discovery:Found 2 installed packages in /home/michfiona2002/dojo_robotics_2025/install
[1.120s] DEBUG:colcon.colcon_installed_package_information.package_discovery:Found 295 installed packages in /opt/ros/humble
[1.165s] Level 1:colcon.colcon_core.package_discovery:discover_packages(prefix_path) using defaults
[1.346s] Level 5:colcon.colcon_core.verb:set package 'cpp_pubsub' build argument 'cmake_args' from command line to 'None'
[1.346s] Level 5:colcon.colcon_core.verb:set package 'cpp_pubsub' build argument 'cmake_target' from command line to 'None'
[1.346s] Level 5:colcon.colcon_core.verb:set package 'cpp_pubsub' build argument 'cmake_target_skip_unavailable' from command line to 'False'
[1.347s] Level 5:colcon.colcon_core.verb:set package 'cpp_pubsub' build argument 'cmake_clean_cache' from command line to 'False'
[1.347s] Level 5:colcon.colcon_core.verb:set package 'cpp_pubsub' build argument 'cmake_clean_first' from command line to 'False'
[1.347s] Level 5:colcon.colcon_core.verb:set package 'cpp_pubsub' build argument 'cmake_force_configure' from command line to 'False'
[1.347s] Level 5:colcon.colcon_core.verb:set package 'cpp_pubsub' build argument 'ament_cmake_args' from command line to 'None'
[1.347s] Level 5:colcon.colcon_core.verb:set package 'cpp_pubsub' build argument 'catkin_cmake_args' from command line to 'None'
[1.347s] Level 5:colcon.colcon_core.verb:set package 'cpp_pubsub' build argument 'catkin_skip_building_tests' from command line to 'False'
[1.347s] DEBUG:colcon.colcon_core.verb:Building package 'cpp_pubsub' with the following arguments: {'ament_cmake_args': None, 'build_base': '/home/michfiona2002/ros2_ws/build/cpp_pubsub', 'catkin_cmake_args': None, 'catkin_skip_building_tests': False, 'cmake_args': None, 'cmake_clean_cache': False, 'cmake_clean_first': False, 'cmake_force_configure': False, 'cmake_target': None, 'cmake_target_skip_unavailable': False, 'install_base': '/home/michfiona2002/ros2_ws/install/cpp_pubsub', 'merge_install': False, 'path': '/home/michfiona2002/ros2_ws/src/cpp_pubsub', 'symlink_install': False, 'test_result_base': None}
[1.348s] Level 5:colcon.colcon_core.verb:set package 'listener' build argument 'cmake_args' from command line to 'None'
[1.348s] Level 5:colcon.colcon_core.verb:set package 'listener' build argument 'cmake_target' from command line to 'None'
[1.348s] Level 5:colcon.colcon_core.verb:set package 'listener' build argument 'cmake_target_skip_unavailable' from command line to 'False'
[1.348s] Level 5:colcon.colcon_core.verb:set package 'listener' build argument 'cmake_clean_cache' from command line to 'False'
[1.348s] Level 5:colcon.colcon_core.verb:set package 'listener' build argument 'cmake_clean_first' from command line to 'False'
[1.348s] Level 5:colcon.colcon_core.verb:set package 'listener' build argument 'cmake_force_configure' from command line to 'False'
[1.348s] Level 5:colcon.colcon_core.verb:set package 'listener' build argument 'ament_cmake_args' from command line to 'None'
[1.348s] Level 5:colcon.colcon_core.verb:set package 'listener' build argument 'catkin_cmake_args' from command line to 'None'
[1.348s] Level 5:colcon.colcon_core.verb:set package 'listener' build argument 'catkin_skip_building_tests' from command line to 'False'
[1.348s] DEBUG:colcon.colcon_core.verb:Building package 'listener' with the following arguments: {'ament_cmake_args': None, 'build_base': '/home/michfiona2002/ros2_ws/build/listener', 'catkin_cmake_args': None, 'catkin_skip_building_tests': False, 'cmake_args': None, 'cmake_clean_cache': False, 'cmake_clean_first': False, 'cmake_force_configure': False, 'cmake_target': None, 'cmake_target_skip_unavailable': False, 'install_base': '/home/michfiona2002/ros2_ws/install/listener', 'merge_install': False, 'path': '/home/michfiona2002/ros2_ws/listener', 'symlink_install': False, 'test_result_base': None}
[1.349s] Level 5:colcon.colcon_core.verb:set package 'talker' build argument 'cmake_args' from command line to 'None'
[1.349s] Level 5:colcon.colcon_core.verb:set package 'talker' build argument 'cmake_target' from command line to 'None'
[1.349s] Level 5:colcon.colcon_core.verb:set package 'talker' build argument 'cmake_target_skip_unavailable' from command line to 'False'
[1.349s] Level 5:colcon.colcon_core.verb:set package 'talker' build argument 'cmake_clean_cache' from command line to 'False'
[1.349s] Level 5:colcon.colcon_core.verb:set package 'talker' build argument 'cmake_clean_first' from command line to 'False'
[1.349s] Level 5:colcon.colcon_core.verb:set package 'talker' build argument 'cmake_force_configure' from command line to 'False'
[1.349s] Level 5:colcon.colcon_core.verb:set package 'talker' build argument 'ament_cmake_args' from command line to 'None'
[1.349s] Level 5:colcon.colcon_core.verb:set package 'talker' build argument 'catkin_cmake_args' from command line to 'None'
[1.349s] Level 5:colcon.colcon_core.verb:set package 'talker' build argument 'catkin_skip_building_tests' from command line to 'False'
[1.350s] DEBUG:colcon.colcon_core.verb:Building package 'talker' with the following arguments: {'ament_cmake_args': None, 'build_base': '/home/michfiona2002/ros2_ws/build/talker', 'catkin_cmake_args': None, 'catkin_skip_building_tests': False, 'cmake_args': None, 'cmake_clean_cache': False, 'cmake_clean_first': False, 'cmake_force_configure': False, 'cmake_target': None, 'cmake_target_skip_unavailable': False, 'install_base': '/home/michfiona2002/ros2_ws/install/talker', 'merge_install': False, 'path': '/home/michfiona2002/ros2_ws/talker', 'symlink_install': False, 'test_result_base': None}
[1.350s] INFO:colcon.colcon_core.executor:Executing jobs using 'parallel' executor
[1.353s] DEBUG:colcon.colcon_parallel_executor.executor.parallel:run_until_complete
[1.355s] INFO:colcon.colcon_ros.task.ament_cmake.build:Building ROS package in '/home/michfiona2002/ros2_ws/src/cpp_pubsub' with build type 'ament_cmake'
[1.356s] INFO:colcon.colcon_cmake.task.cmake.build:Building CMake package in '/home/michfiona2002/ros2_ws/src/cpp_pubsub'
[1.365s] INFO:colcon.colcon_core.plugin_system:Skipping extension 'colcon_core.shell.bat': Not used on non-Windows systems
[1.366s] INFO:colcon.colcon_core.shell:Skip shell extension 'powershell' for command environment: Not usable outside of PowerShell
[1.366s] DEBUG:colcon.colcon_core.shell:Skip shell extension 'dsv' for command environment
[1.376s] INFO:colcon.colcon_ros.task.ament_python.build:Building ROS package in '/home/michfiona2002/ros2_ws/listener' with build type 'ament_python'
[1.377s] Level 1:colcon.colcon_core.shell:create_environment_hook('listener', 'ament_prefix_path')
[1.378s] INFO:colcon.colcon_core.shell:Creating environment hook '/home/michfiona2002/ros2_ws/install/listener/share/listener/hook/ament_prefix_path.ps1'
[1.384s] INFO:colcon.colcon_core.shell:Creating environment descriptor '/home/michfiona2002/ros2_ws/install/listener/share/listener/hook/ament_prefix_path.dsv'
[1.390s] INFO:colcon.colcon_core.shell:Creating environment hook '/home/michfiona2002/ros2_ws/install/listener/share/listener/hook/ament_prefix_path.sh'
[1.397s] INFO:colcon.colcon_core.shell:Skip shell extension 'powershell' for command environment: Not usable outside of PowerShell
[1.398s] DEBUG:colcon.colcon_core.shell:Skip shell extension 'dsv' for command environment
[1.419s] INFO:colcon.colcon_ros.task.ament_python.build:Building ROS package in '/home/michfiona2002/ros2_ws/talker' with build type 'ament_python'
[1.421s] Level 1:colcon.colcon_core.shell:create_environment_hook('talker', 'ament_prefix_path')
[1.423s] INFO:colcon.colcon_core.shell:Creating environment hook '/home/michfiona2002/ros2_ws/install/talker/share/talker/hook/ament_prefix_path.ps1'
[1.426s] INFO:colcon.colcon_core.shell:Creating environment descriptor '/home/michfiona2002/ros2_ws/install/talker/share/talker/hook/ament_prefix_path.dsv'
[1.429s] INFO:colcon.colcon_core.shell:Creating environment hook '/home/michfiona2002/ros2_ws/install/talker/share/talker/hook/ament_prefix_path.sh'
[1.436s] INFO:colcon.colcon_core.shell:Skip shell extension 'powershell' for command environment: Not usable outside of PowerShell
[1.436s] DEBUG:colcon.colcon_core.shell:Skip shell extension 'dsv' for command environment
[1.535s] DEBUG:colcon.colcon_core.event_handler.log_command:Invoking command in '/home/michfiona2002/ros2_ws/build/cpp_pubsub': CMAKE_PREFIX_PATH=${CMAKE_PREFIX_PATH}:/home/michfiona2002/ros2_ws/install/talker:/home/michfiona2002/ros2_ws/install/listener:/home/michfiona2002/dojo_robotics_2025/install/my_robot_package:/opt/ros/humble /usr/bin/cmake --build /home/michfiona2002/ros2_ws/build/cpp_pubsub -- -j8 -l8
[2.512s] INFO:colcon.colcon_core.task.python.build:Building Python package in '/home/michfiona2002/ros2_ws/listener'
[2.514s] INFO:colcon.colcon_core.shell:Skip shell extension 'powershell' for command environment: Not usable outside of PowerShell
[2.514s] DEBUG:colcon.colcon_core.shell:Skip shell extension 'dsv' for command environment
[3.430s] INFO:colcon.colcon_core.task.python.build:Building Python package in '/home/michfiona2002/ros2_ws/talker'
[3.431s] INFO:colcon.colcon_core.shell:Skip shell extension 'powershell' for command environment: Not usable outside of PowerShell
[3.431s] DEBUG:colcon.colcon_core.shell:Skip shell extension 'dsv' for command environment
[4.771s] DEBUG:colcon.colcon_core.event_handler.log_command:Invoking command in '/home/michfiona2002/ros2_ws/talker': PYTHONPATH=/home/michfiona2002/ros2_ws/build/talker/prefix_override:/usr/lib/python3/dist-packages/colcon_core/task/python/colcon_distutils_commands:/home/michfiona2002/ros2_ws/install/talker/lib/python3.10/site-packages:${PYTHONPATH} /usr/bin/python3 -W ignore:setup.py install is deprecated -W ignore:easy_install command is deprecated setup.py egg_info --egg-base ../build/talker build --build-base /home/michfiona2002/ros2_ws/build/talker/build install --record /home/michfiona2002/ros2_ws/build/talker/install.log --single-version-externally-managed install_data
[4.774s] DEBUG:colcon.colcon_core.event_handler.log_command:Invoking command in '/home/michfiona2002/ros2_ws/listener': PYTHONPATH=/home/michfiona2002/ros2_ws/build/listener/prefix_override:/usr/lib/python3/dist-packages/colcon_core/task/python/colcon_distutils_commands:/home/michfiona2002/ros2_ws/install/listener/lib/python3.10/site-packages:${PYTHONPATH} /usr/bin/python3 -W ignore:setup.py install is deprecated -W ignore:easy_install command is deprecated setup.py egg_info --egg-base ../build/listener build --build-base /home/michfiona2002/ros2_ws/build/listener/build install --record /home/michfiona2002/ros2_ws/build/listener/install.log --single-version-externally-managed install_data
[5.795s] DEBUG:colcon.colcon_core.event_handler.log_command:Invoked command in '/home/michfiona2002/ros2_ws/talker' returned '0': PYTHONPATH=/home/michfiona2002/ros2_ws/build/talker/prefix_override:/usr/lib/python3/dist-packages/colcon_core/task/python/colcon_distutils_commands:/home/michfiona2002/ros2_ws/install/talker/lib/python3.10/site-packages:${PYTHONPATH} /usr/bin/python3 -W ignore:setup.py install is deprecated -W ignore:easy_install command is deprecated setup.py egg_info --egg-base ../build/talker build --build-base /home/michfiona2002/ros2_ws/build/talker/build install --record /home/michfiona2002/ros2_ws/build/talker/install.log --single-version-externally-managed install_data
[5.804s] Level 1:colcon.colcon_core.environment:checking '/home/michfiona2002/ros2_ws/install/talker' for CMake module files
[5.806s] Level 1:colcon.colcon_core.environment:checking '/home/michfiona2002/ros2_ws/install/talker' for CMake config files
[5.809s] Level 1:colcon.colcon_core.environment:checking '/home/michfiona2002/ros2_ws/install/talker/lib'
[5.810s] Level 1:colcon.colcon_core.environment:checking '/home/michfiona2002/ros2_ws/install/talker/bin'
[5.810s] Level 1:colcon.colcon_core.environment:checking '/home/michfiona2002/ros2_ws/install/talker/lib/pkgconfig/talker.pc'
[5.811s] Level 1:colcon.colcon_core.environment:checking '/home/michfiona2002/ros2_ws/install/talker/lib/python3.10/site-packages'
[5.812s] Level 1:colcon.colcon_core.shell:create_environment_hook('talker', 'pythonpath')
[5.813s] INFO:colcon.colcon_core.shell:Creating environment hook '/home/michfiona2002/ros2_ws/install/talker/share/talker/hook/pythonpath.ps1'
[5.815s] INFO:colcon.colcon_core.shell:Creating environment descriptor '/home/michfiona2002/ros2_ws/install/talker/share/talker/hook/pythonpath.dsv'
[5.816s] INFO:colcon.colcon_core.shell:Creating environment hook '/home/michfiona2002/ros2_ws/install/talker/share/talker/hook/pythonpath.sh'
[5.818s] Level 1:colcon.colcon_core.environment:checking '/home/michfiona2002/ros2_ws/install/talker/bin'
[5.818s] Level 1:colcon.colcon_core.environment:create_environment_scripts_only(talker)
[5.819s] INFO:colcon.colcon_core.shell:Creating package script '/home/michfiona2002/ros2_ws/install/talker/share/talker/package.ps1'
[5.823s] INFO:colcon.colcon_core.shell:Creating package descriptor '/home/michfiona2002/ros2_ws/install/talker/share/talker/package.dsv'
[5.828s] INFO:colcon.colcon_core.shell:Creating package script '/home/michfiona2002/ros2_ws/install/talker/share/talker/package.sh'
[5.833s] INFO:colcon.colcon_core.shell:Creating package script '/home/michfiona2002/ros2_ws/install/talker/share/talker/package.bash'
[5.838s] INFO:colcon.colcon_core.shell:Creating package script '/home/michfiona2002/ros2_ws/install/talker/share/talker/package.zsh'
[5.840s] Level 1:colcon.colcon_core.environment:create_file_with_runtime_dependencies(/home/michfiona2002/ros2_ws/install/talker/share/colcon-core/packages/talker)
[5.846s] Level 1:colcon.colcon_core.environment:checking '/home/michfiona2002/ros2_ws/install/listener' for CMake module files
[5.849s] DEBUG:colcon.colcon_core.event_handler.log_command:Invoked command in '/home/michfiona2002/ros2_ws/listener' returned '0': PYTHONPATH=/home/michfiona2002/ros2_ws/build/listener/prefix_override:/usr/lib/python3/dist-packages/colcon_core/task/python/colcon_distutils_commands:/home/michfiona2002/ros2_ws/install/listener/lib/python3.10/site-packages:${PYTHONPATH} /usr/bin/python3 -W ignore:setup.py install is deprecated -W ignore:easy_install command is deprecated setup.py egg_info --egg-base ../build/listener build --build-base /home/michfiona2002/ros2_ws/build/listener/build install --record /home/michfiona2002/ros2_ws/build/listener/install.log --single-version-externally-managed install_data
[5.851s] Level 1:colcon.colcon_core.environment:checking '/home/michfiona2002/ros2_ws/install/listener' for CMake config files
[5.853s] Level 1:colcon.colcon_core.environment:checking '/home/michfiona2002/ros2_ws/install/listener/lib'
[5.853s] Level 1:colcon.colcon_core.environment:checking '/home/michfiona2002/ros2_ws/install/listener/bin'
[5.854s] Level 1:colcon.colcon_core.environment:checking '/home/michfiona2002/ros2_ws/install/listener/lib/pkgconfig/listener.pc'
[5.854s] Level 1:colcon.colcon_core.environment:checking '/home/michfiona2002/ros2_ws/install/listener/lib/python3.10/site-packages'
[5.855s] Level 1:colcon.colcon_core.shell:create_environment_hook('listener', 'pythonpath')
[5.855s] INFO:colcon.colcon_core.shell:Creating environment hook '/home/michfiona2002/ros2_ws/install/listener/share/listener/hook/pythonpath.ps1'
[5.857s] INFO:colcon.colcon_core.shell:Creating environment descriptor '/home/michfiona2002/ros2_ws/install/listener/share/listener/hook/pythonpath.dsv'
[5.858s] INFO:colcon.colcon_core.shell:Creating environment hook '/home/michfiona2002/ros2_ws/install/listener/share/listener/hook/pythonpath.sh'
[5.860s] Level 1:colcon.colcon_core.environment:checking '/home/michfiona2002/ros2_ws/install/listener/bin'
[5.861s] Level 1:colcon.colcon_core.environment:create_environment_scripts_only(listener)
[5.862s] INFO:colcon.colcon_core.shell:Creating package script '/home/michfiona2002/ros2_ws/install/listener/share/listener/package.ps1'
[5.864s] INFO:colcon.colcon_core.shell:Creating package descriptor '/home/michfiona2002/ros2_ws/install/listener/share/listener/package.dsv'
[5.866s] INFO:colcon.colcon_core.shell:Creating package script '/home/michfiona2002/ros2_ws/install/listener/share/listener/package.sh'
[5.868s] INFO:colcon.colcon_core.shell:Creating package script '/home/michfiona2002/ros2_ws/install/listener/share/listener/package.bash'
[5.872s] INFO:colcon.colcon_core.shell:Creating package script '/home/michfiona2002/ros2_ws/install/listener/share/listener/package.zsh'
[5.874s] Level 1:colcon.colcon_core.environment:create_file_with_runtime_dependencies(/home/michfiona2002/ros2_ws/install/listener/share/colcon-core/packages/listener)
[17.461s] DEBUG:colcon.colcon_core.event_handler.log_command:Invoked command in '/home/michfiona2002/ros2_ws/build/cpp_pubsub' returned '0': CMAKE_PREFIX_PATH=${CMAKE_PREFIX_PATH}:/home/michfiona2002/ros2_ws/install/talker:/home/michfiona2002/ros2_ws/install/listener:/home/michfiona2002/dojo_robotics_2025/install/my_robot_package:/opt/ros/humble /usr/bin/cmake --build /home/michfiona2002/ros2_ws/build/cpp_pubsub -- -j8 -l8
[17.508s] DEBUG:colcon.colcon_core.event_handler.log_command:Invoking command in '/home/michfiona2002/ros2_ws/build/cpp_pubsub': CMAKE_PREFIX_PATH=${CMAKE_PREFIX_PATH}:/home/michfiona2002/ros2_ws/install/talker:/home/michfiona2002/ros2_ws/install/listener:/home/michfiona2002/dojo_robotics_2025/install/my_robot_package:/opt/ros/humble /usr/bin/cmake --install /home/michfiona2002/ros2_ws/build/cpp_pubsub
[17.557s] Level 1:colcon.colcon_core.environment:create_environment_scripts_only(cpp_pubsub)
[17.559s] Level 1:colcon.colcon_core.environment:checking '/home/michfiona2002/ros2_ws/install/cpp_pubsub' for CMake module files
[17.561s] DEBUG:colcon.colcon_core.event_handler.log_command:Invoked command in '/home/michfiona2002/ros2_ws/build/cpp_pubsub' returned '0': CMAKE_PREFIX_PATH=${CMAKE_PREFIX_PATH}:/home/michfiona2002/ros2_ws/install/talker:/home/michfiona2002/ros2_ws/install/listener:/home/michfiona2002/dojo_robotics_2025/install/my_robot_package:/opt/ros/humble /usr/bin/cmake --install /home/michfiona2002/ros2_ws/build/cpp_pubsub
[17.563s] Level 1:colcon.colcon_core.environment:checking '/home/michfiona2002/ros2_ws/install/cpp_pubsub' for CMake config files
[17.565s] Level 1:colcon.colcon_core.shell:create_environment_hook('cpp_pubsub', 'cmake_prefix_path')
[17.566s] INFO:colcon.colcon_core.shell:Creating environment hook '/home/michfiona2002/ros2_ws/install/cpp_pubsub/share/cpp_pubsub/hook/cmake_prefix_path.ps1'
[17.568s] INFO:colcon.colcon_core.shell:Creating environment descriptor '/home/michfiona2002/ros2_ws/install/cpp_pubsub/share/cpp_pubsub/hook/cmake_prefix_path.dsv'
[17.570s] INFO:colcon.colcon_core.shell:Creating environment hook '/home/michfiona2002/ros2_ws/install/cpp_pubsub/share/cpp_pubsub/hook/cmake_prefix_path.sh'
[17.572s] Level 1:colcon.colcon_core.environment:checking '/home/michfiona2002/ros2_ws/install/cpp_pubsub/lib'
[17.573s] Level 1:colcon.colcon_core.environment:checking '/home/michfiona2002/ros2_ws/install/cpp_pubsub/bin'
[17.573s] Level 1:colcon.colcon_core.environment:checking '/home/michfiona2002/ros2_ws/install/cpp_pubsub/lib/pkgconfig/cpp_pubsub.pc'
[17.574s] Level 1:colcon.colcon_core.environment:checking '/home/michfiona2002/ros2_ws/install/cpp_pubsub/lib/python3.10/site-packages'
[17.575s] Level 1:colcon.colcon_core.environment:checking '/home/michfiona2002/ros2_ws/install/cpp_pubsub/bin'
[17.577s] INFO:colcon.colcon_core.shell:Creating package script '/home/michfiona2002/ros2_ws/install/cpp_pubsub/share/cpp_pubsub/package.ps1'
[17.579s] INFO:colcon.colcon_core.shell:Creating package descriptor '/home/michfiona2002/ros2_ws/install/cpp_pubsub/share/cpp_pubsub/package.dsv'
[17.581s] INFO:colcon.colcon_core.shell:Creating package script '/home/michfiona2002/ros2_ws/install/cpp_pubsub/share/cpp_pubsub/package.sh'
[17.582s] INFO:colcon.colcon_core.shell:Creating package script '/home/michfiona2002/ros2_ws/install/cpp_pubsub/share/cpp_pubsub/package.bash'
[17.583s] INFO:colcon.colcon_core.shell:Creating package script '/home/michfiona2002/ros2_ws/install/cpp_pubsub/share/cpp_pubsub/package.zsh'
[17.584s] Level 1:colcon.colcon_core.environment:create_file_with_runtime_dependencies(/home/michfiona2002/ros2_ws/install/cpp_pubsub/share/colcon-core/packages/cpp_pubsub)
[17.586s] Level 1:colcon.colcon_core.environment:create_environment_scripts_only(cpp_pubsub)
[17.587s] Level 1:colcon.colcon_core.environment:checking '/home/michfiona2002/ros2_ws/install/cpp_pubsub' for CMake module files
[17.589s] Level 1:colcon.colcon_core.environment:checking '/home/michfiona2002/ros2_ws/install/cpp_pubsub' for CMake config files
[17.590s] Level 1:colcon.colcon_core.shell:create_environment_hook('cpp_pubsub', 'cmake_prefix_path')
[17.597s] INFO:colcon.colcon_core.shell:Creating environment hook '/home/michfiona2002/ros2_ws/install/cpp_pubsub/share/cpp_pubsub/hook/cmake_prefix_path.ps1'
[17.599s] INFO:colcon.colcon_core.shell:Creating environment descriptor '/home/michfiona2002/ros2_ws/install/cpp_pubsub/share/cpp_pubsub/hook/cmake_prefix_path.dsv'
[17.600s] INFO:colcon.colcon_core.shell:Creating environment hook '/home/michfiona2002/ros2_ws/install/cpp_pubsub/share/cpp_pubsub/hook/cmake_prefix_path.sh'
[17.602s] Level 1:colcon.colcon_core.environment:checking '/home/michfiona2002/ros2_ws/install/cpp_pubsub/lib'
[17.603s] Level 1:colcon.colcon_core.environment:checking '/home/michfiona2002/ros2_ws/install/cpp_pubsub/bin'
[17.603s] Level 1:colcon.colcon_core.environment:checking '/home/michfiona2002/ros2_ws/install/cpp_pubsub/lib/pkgconfig/cpp_pubsub.pc'
[17.604s] Level 1:colcon.colcon_core.environment:checking '/home/michfiona2002/ros2_ws/install/cpp_pubsub/lib/python3.10/site-packages'
[17.604s] Level 1:colcon.colcon_core.environment:checking '/home/michfiona2002/ros2_ws/install/cpp_pubsub/bin'
[17.606s] INFO:colcon.colcon_core.shell:Creating package script '/home/michfiona2002/ros2_ws/install/cpp_pubsub/share/cpp_pubsub/package.ps1'
[17.610s] INFO:colcon.colcon_core.shell:Creating package descriptor '/home/michfiona2002/ros2_ws/install/cpp_pubsub/share/cpp_pubsub/package.dsv'
[17.612s] INFO:colcon.colcon_core.shell:Creating package script '/home/michfiona2002/ros2_ws/install/cpp_pubsub/share/cpp_pubsub/package.sh'
[17.615s] INFO:colcon.colcon_core.shell:Creating package script '/home/michfiona2002/ros2_ws/install/cpp_pubsub/share/cpp_pubsub/package.bash'
[17.616s] INFO:colcon.colcon_core.shell:Creating package script '/home/michfiona2002/ros2_ws/install/cpp_pubsub/share/cpp_pubsub/package.zsh'
[17.618s] Level 1:colcon.colcon_core.environment:create_file_with_runtime_dependencies(/home/michfiona2002/ros2_ws/install/cpp_pubsub/share/colcon-core/packages/cpp_pubsub)
[17.619s] DEBUG:colcon.colcon_parallel_executor.executor.parallel:closing loop
[17.620s] DEBUG:colcon.colcon_parallel_executor.executor.parallel:loop closed
[17.621s] DEBUG:colcon.colcon_parallel_executor.executor.parallel:run_until_complete finished with '0'
[17.621s] DEBUG:colcon.colcon_core.event_reactor:joining thread
[17.715s] INFO:colcon.colcon_core.plugin_system:Skipping extension 'colcon_notification.desktop_notification.notify_send': Could not find 'notify-send'
[17.715s] INFO:colcon.colcon_core.plugin_system:Skipping extension 'colcon_notification.desktop_notification.terminal_notifier': Not used on non-Darwin systems
[17.715s] INFO:colcon.colcon_core.plugin_system:Skipping extension 'colcon_notification.desktop_notification.win32': Not used on non-Windows systems
[17.716s] INFO:colcon.colcon_notification.desktop_notification:Sending desktop notification using 'notify2'
[17.717s] DEBUG:colcon.colcon_notification.desktop_notification.notify2:Failed to initialize notify2: org.freedesktop.DBus.Error.FileNotFound: Failed to connect to socket /run/user/1000/bus: No such file or directory
[17.717s] DEBUG:colcon.colcon_core.event_reactor:joined thread
[17.718s] INFO:colcon.colcon_core.shell:Creating prefix script '/home/michfiona2002/ros2_ws/install/local_setup.ps1'
[17.722s] INFO:colcon.colcon_core.shell:Creating prefix util module '/home/michfiona2002/ros2_ws/install/_local_setup_util_ps1.py'
[17.729s] INFO:colcon.colcon_core.shell:Creating prefix chain script '/home/michfiona2002/ros2_ws/install/setup.ps1'
[17.732s] INFO:colcon.colcon_core.shell:Creating prefix script '/home/michfiona2002/ros2_ws/install/local_setup.sh'
[17.735s] INFO:colcon.colcon_core.shell:Creating prefix util module '/home/michfiona2002/ros2_ws/install/_local_setup_util_sh.py'
[17.737s] INFO:colcon.colcon_core.shell:Creating prefix chain script '/home/michfiona2002/ros2_ws/install/setup.sh'
[17.742s] INFO:colcon.colcon_core.shell:Creating prefix script '/home/michfiona2002/ros2_ws/install/local_setup.bash'
[17.744s] INFO:colcon.colcon_core.shell:Creating prefix chain script '/home/michfiona2002/ros2_ws/install/setup.bash'
[17.750s] INFO:colcon.colcon_core.shell:Creating prefix script '/home/michfiona2002/ros2_ws/install/local_setup.zsh'
[17.752s] INFO:colcon.colcon_core.shell:Creating prefix chain script '/home/michfiona2002/ros2_ws/install/setup.zsh'
