[0.102s] Invoking command in '/home/michfiona2002/ros2_ws/build/cpp_pubsub': CMAKE_PREFIX_PATH=${CMAKE_PREFIX_PATH}:/home/michfiona2002/ros2_ws/install/talker:/home/michfiona2002/ros2_ws/install/listener:/home/michfiona2002/dojo_robotics_2025/install/my_robot_package:/opt/ros/humble /usr/bin/cmake --build /home/michfiona2002/ros2_ws/build/cpp_pubsub -- -j8 -l8
[1.268s] -- Found ament_cmake: 1.3.11 (/opt/ros/humble/share/ament_cmake/cmake)
[1.268s] -- Found rclcpp: 16.0.12 (/opt/ros/humble/share/rclcpp/cmake)
[1.269s] -- Found rosidl_generator_c: 3.1.6 (/opt/ros/humble/share/rosidl_generator_c/cmake)
[1.269s] -- Found rosidl_adapter: 3.1.6 (/opt/ros/humble/share/rosidl_adapter/cmake)
[1.269s] -- Found rosidl_generator_cpp: 3.1.6 (/opt/ros/humble/share/rosidl_generator_cpp/cmake)
[1.269s] -- Using all available rosidl_typesupport_c: rosidl_typesupport_fastrtps_c;rosidl_typesupport_introspection_c
[1.269s] -- Using all available rosidl_typesupport_cpp: rosidl_typesupport_fastrtps_cpp;rosidl_typesupport_introspection_cpp
[1.304s] -- Found rmw_implementation_cmake: 6.1.2 (/opt/ros/humble/share/rmw_implementation_cmake/cmake)
[1.309s] -- Found rmw_fastrtps_cpp: 6.2.7 (/opt/ros/humble/share/rmw_fastrtps_cpp/cmake)
[13.181s] -- Using RMW implementation 'rmw_fastrtps_cpp' as default
[13.418s] -- Found ament_lint_auto: 0.12.12 (/opt/ros/humble/share/ament_lint_auto/cmake)
[13.856s] -- Added test 'cppcheck' to perform static code analysis on C / C++ code
[13.857s] -- Configured cppcheck include dirs: 
[13.857s] -- Configured cppcheck exclude dirs and/or files: 
[13.860s] -- Added test 'lint_cmake' to check CMake code style
[13.865s] -- Added test 'uncrustify' to check C / C++ code style
[13.866s] -- Configured uncrustify additional arguments: 
[13.868s] -- Added test 'xmllint' to check XML markup files
[13.873s] -- Configuring done
[13.955s] -- Generating done
[13.996s] -- Build files have been written to: /home/michfiona2002/ros2_ws/build/cpp_pubsub
[14.104s] [35m[1mConsolidate compiler generated dependencies of target talker[0m
[14.105s] [35m[1mConsolidate compiler generated dependencies of target listener[0m
[14.177s] [ 50%] Built target talker
[14.188s] [100%] Built target listener
[14.233s] Invoked command in '/home/michfiona2002/ros2_ws/build/cpp_pubsub' returned '0': CMAKE_PREFIX_PATH=${CMAKE_PREFIX_PATH}:/home/michfiona2002/ros2_ws/install/talker:/home/michfiona2002/ros2_ws/install/listener:/home/michfiona2002/dojo_robotics_2025/install/my_robot_package:/opt/ros/humble /usr/bin/cmake --build /home/michfiona2002/ros2_ws/build/cpp_pubsub -- -j8 -l8
[14.269s] Invoking command in '/home/michfiona2002/ros2_ws/build/cpp_pubsub': CMAKE_PREFIX_PATH=${CMAKE_PREFIX_PATH}:/home/michfiona2002/ros2_ws/install/talker:/home/michfiona2002/ros2_ws/install/listener:/home/michfiona2002/dojo_robotics_2025/install/my_robot_package:/opt/ros/humble /usr/bin/cmake --install /home/michfiona2002/ros2_ws/build/cpp_pubsub
[14.291s] -- Install configuration: ""
[14.292s] -- Up-to-date: /home/michfiona2002/ros2_ws/install/cpp_pubsub/lib/cpp_pubsub/talker
[14.293s] -- Up-to-date: /home/michfiona2002/ros2_ws/install/cpp_pubsub/lib/cpp_pubsub/listener
[14.294s] -- Up-to-date: /home/michfiona2002/ros2_ws/install/cpp_pubsub/share/ament_index/resource_index/package_run_dependencies/cpp_pubsub
[14.295s] -- Up-to-date: /home/michfiona2002/ros2_ws/install/cpp_pubsub/share/ament_index/resource_index/parent_prefix_path/cpp_pubsub
[14.295s] -- Up-to-date: /home/michfiona2002/ros2_ws/install/cpp_pubsub/share/cpp_pubsub/environment/ament_prefix_path.sh
[14.296s] -- Installing: /home/michfiona2002/ros2_ws/install/cpp_pubsub/share/cpp_pubsub/environment/ament_prefix_path.dsv
[14.297s] -- Up-to-date: /home/michfiona2002/ros2_ws/install/cpp_pubsub/share/cpp_pubsub/environment/path.sh
[14.297s] -- Installing: /home/michfiona2002/ros2_ws/install/cpp_pubsub/share/cpp_pubsub/environment/path.dsv
[14.298s] -- Up-to-date: /home/michfiona2002/ros2_ws/install/cpp_pubsub/share/cpp_pubsub/local_setup.bash
[14.298s] -- Up-to-date: /home/michfiona2002/ros2_ws/install/cpp_pubsub/share/cpp_pubsub/local_setup.sh
[14.299s] -- Up-to-date: /home/michfiona2002/ros2_ws/install/cpp_pubsub/share/cpp_pubsub/local_setup.zsh
[14.300s] -- Installing: /home/michfiona2002/ros2_ws/install/cpp_pubsub/share/cpp_pubsub/local_setup.dsv
[14.300s] -- Installing: /home/michfiona2002/ros2_ws/install/cpp_pubsub/share/cpp_pubsub/package.dsv
[14.301s] -- Up-to-date: /home/michfiona2002/ros2_ws/install/cpp_pubsub/share/ament_index/resource_index/packages/cpp_pubsub
[14.301s] -- Up-to-date: /home/michfiona2002/ros2_ws/install/cpp_pubsub/share/cpp_pubsub/cmake/cpp_pubsubConfig.cmake
[14.301s] -- Up-to-date: /home/michfiona2002/ros2_ws/install/cpp_pubsub/share/cpp_pubsub/cmake/cpp_pubsubConfig-version.cmake
[14.302s] -- Up-to-date: /home/michfiona2002/ros2_ws/install/cpp_pubsub/share/cpp_pubsub/package.xml
[14.305s] Invoked command in '/home/michfiona2002/ros2_ws/build/cpp_pubsub' returned '0': CMAKE_PREFIX_PATH=${CMAKE_PREFIX_PATH}:/home/michfiona2002/ros2_ws/install/talker:/home/michfiona2002/ros2_ws/install/listener:/home/michfiona2002/dojo_robotics_2025/install/my_robot_package:/opt/ros/humble /usr/bin/cmake --install /home/michfiona2002/ros2_ws/build/cpp_pubsub
