[0.900s] Invoking command in '/home/michfiona2002/dojo_robotics_2025/src/my_robot_package': PYTHONPATH=/home/michfiona2002/dojo_robotics_2025/build/my_robot_package/prefix_override:/usr/lib/python3/dist-packages/colcon_core/task/python/colcon_distutils_commands:/home/michfiona2002/dojo_robotics_2025/install/my_robot_package/lib/python3.10/site-packages:${PYTHONPATH} /usr/bin/python3 -W ignore:setup.py install is deprecated -W ignore:easy_install command is deprecated setup.py egg_info --egg-base ../../build/my_robot_package build --build-base /home/michfiona2002/dojo_robotics_2025/build/my_robot_package/build install --record /home/michfiona2002/dojo_robotics_2025/build/my_robot_package/install.log --single-version-externally-managed install_data
[1.147s] running egg_info
[1.147s] creating ../../build/my_robot_package/my_robot_package.egg-info
[1.148s] writing ../../build/my_robot_package/my_robot_package.egg-info/PKG-INFO
[1.148s] writing dependency_links to ../../build/my_robot_package/my_robot_package.egg-info/dependency_links.txt
[1.148s] writing entry points to ../../build/my_robot_package/my_robot_package.egg-info/entry_points.txt
[1.148s] writing requirements to ../../build/my_robot_package/my_robot_package.egg-info/requires.txt
[1.149s] writing top-level names to ../../build/my_robot_package/my_robot_package.egg-info/top_level.txt
[1.149s] writing manifest file '../../build/my_robot_package/my_robot_package.egg-info/SOURCES.txt'
[1.151s] reading manifest file '../../build/my_robot_package/my_robot_package.egg-info/SOURCES.txt'
[1.151s] writing manifest file '../../build/my_robot_package/my_robot_package.egg-info/SOURCES.txt'
[1.151s] running build
[1.152s] running build_py
[1.152s] creating /home/michfiona2002/dojo_robotics_2025/build/my_robot_package/build
[1.152s] creating /home/michfiona2002/dojo_robotics_2025/build/my_robot_package/build/lib
[1.152s] creating /home/michfiona2002/dojo_robotics_2025/build/my_robot_package/build/lib/my_robot_package
[1.153s] copying my_robot_package/my_first_node.py -> /home/michfiona2002/dojo_robotics_2025/build/my_robot_package/build/lib/my_robot_package
[1.153s] copying my_robot_package/listener.py -> /home/michfiona2002/dojo_robotics_2025/build/my_robot_package/build/lib/my_robot_package
[1.153s] copying my_robot_package/__init__.py -> /home/michfiona2002/dojo_robotics_2025/build/my_robot_package/build/lib/my_robot_package
[1.153s] copying my_robot_package/talker.py -> /home/michfiona2002/dojo_robotics_2025/build/my_robot_package/build/lib/my_robot_package
[1.154s] running install
[1.154s] running install_lib
[1.155s] creating /home/michfiona2002/dojo_robotics_2025/install/my_robot_package/lib/python3.10/site-packages/my_robot_package
[1.155s] copying /home/michfiona2002/dojo_robotics_2025/build/my_robot_package/build/lib/my_robot_package/my_first_node.py -> /home/michfiona2002/dojo_robotics_2025/install/my_robot_package/lib/python3.10/site-packages/my_robot_package
[1.155s] copying /home/michfiona2002/dojo_robotics_2025/build/my_robot_package/build/lib/my_robot_package/listener.py -> /home/michfiona2002/dojo_robotics_2025/install/my_robot_package/lib/python3.10/site-packages/my_robot_package
[1.155s] copying /home/michfiona2002/dojo_robotics_2025/build/my_robot_package/build/lib/my_robot_package/__init__.py -> /home/michfiona2002/dojo_robotics_2025/install/my_robot_package/lib/python3.10/site-packages/my_robot_package
[1.156s] copying /home/michfiona2002/dojo_robotics_2025/build/my_robot_package/build/lib/my_robot_package/talker.py -> /home/michfiona2002/dojo_robotics_2025/install/my_robot_package/lib/python3.10/site-packages/my_robot_package
[1.157s] byte-compiling /home/michfiona2002/dojo_robotics_2025/install/my_robot_package/lib/python3.10/site-packages/my_robot_package/my_first_node.py to my_first_node.cpython-310.pyc
[1.157s] byte-compiling /home/michfiona2002/dojo_robotics_2025/install/my_robot_package/lib/python3.10/site-packages/my_robot_package/listener.py to listener.cpython-310.pyc
[1.158s] byte-compiling /home/michfiona2002/dojo_robotics_2025/install/my_robot_package/lib/python3.10/site-packages/my_robot_package/__init__.py to __init__.cpython-310.pyc
[1.158s] byte-compiling /home/michfiona2002/dojo_robotics_2025/install/my_robot_package/lib/python3.10/site-packages/my_robot_package/talker.py to talker.cpython-310.pyc
[1.158s] running install_data
[1.158s] creating /home/michfiona2002/dojo_robotics_2025/install/my_robot_package/share/ament_index
[1.159s] creating /home/michfiona2002/dojo_robotics_2025/install/my_robot_package/share/ament_index/resource_index
[1.159s] creating /home/michfiona2002/dojo_robotics_2025/install/my_robot_package/share/ament_index/resource_index/packages
[1.159s] copying resource/my_robot_package -> /home/michfiona2002/dojo_robotics_2025/install/my_robot_package/share/ament_index/resource_index/packages
[1.160s] copying package.xml -> /home/michfiona2002/dojo_robotics_2025/install/my_robot_package/share/my_robot_package
[1.160s] running install_egg_info
[1.162s] Copying ../../build/my_robot_package/my_robot_package.egg-info to /home/michfiona2002/dojo_robotics_2025/install/my_robot_package/lib/python3.10/site-packages/my_robot_package-0.0.0-py3.10.egg-info
[1.164s] running install_scripts
[1.184s] Installing my_first_node script to /home/michfiona2002/dojo_robotics_2025/install/my_robot_package/lib/my_robot_package
[1.184s] writing list of installed files to '/home/michfiona2002/dojo_robotics_2025/build/my_robot_package/install.log'
[1.206s] Invoked command in '/home/michfiona2002/dojo_robotics_2025/src/my_robot_package' returned '0': PYTHONPATH=/home/michfiona2002/dojo_robotics_2025/build/my_robot_package/prefix_override:/usr/lib/python3/dist-packages/colcon_core/task/python/colcon_distutils_commands:/home/michfiona2002/dojo_robotics_2025/install/my_robot_package/lib/python3.10/site-packages:${PYTHONPATH} /usr/bin/python3 -W ignore:setup.py install is deprecated -W ignore:easy_install command is deprecated setup.py egg_info --egg-base ../../build/my_robot_package build --build-base /home/michfiona2002/dojo_robotics_2025/build/my_robot_package/build install --record /home/michfiona2002/dojo_robotics_2025/build/my_robot_package/install.log --single-version-externally-managed install_data
