-- Found ament_cmake: 1.3.11 (/opt/ros/humble/share/ament_cmake/cmake)
-- Found rclcpp: 16.0.12 (/opt/ros/humble/share/rclcpp/cmake)
-- Found rosidl_generator_c: 3.1.6 (/opt/ros/humble/share/rosidl_generator_c/cmake)
-- Found rosidl_adapter: 3.1.6 (/opt/ros/humble/share/rosidl_adapter/cmake)
-- Found rosidl_generator_cpp: 3.1.6 (/opt/ros/humble/share/rosidl_generator_cpp/cmake)
-- Using all available rosidl_typesupport_c: rosidl_typesupport_fastrtps_c;rosidl_typesupport_introspection_c
-- Using all available rosidl_typesupport_cpp: rosidl_typesupport_fastrtps_cpp;rosidl_typesupport_introspection_cpp
-- Found rmw_implementation_cmake: 6.1.2 (/opt/ros/humble/share/rmw_implementation_cmake/cmake)
-- Found rmw_fastrtps_cpp: 6.2.7 (/opt/ros/humble/share/rmw_fastrtps_cpp/cmake)
-- Using RMW implementation 'rmw_fastrtps_cpp' as default
-- Found ament_lint_auto: 0.12.12 (/opt/ros/humble/share/ament_lint_auto/cmake)
-- Added test 'cppcheck' to perform static code analysis on C / C++ code
-- Configured cppcheck include dirs: 
-- Configured cppcheck exclude dirs and/or files: 
-- Added test 'lint_cmake' to check CMake code style
-- Added test 'uncrustify' to check C / C++ code style
-- Configured uncrustify additional arguments: 
-- Added test 'xmllint' to check XML markup files
-- Configuring done
-- Generating done
-- Build files have been written to: /home/michfiona2002/dojo_robotics_2025/build/my_robot_pack2
[35m[1mConsolidate compiler generated dependencies of target my_first_node[0m
[100%] Built target my_first_node
-- Install configuration: ""
-- Up-to-date: /home/michfiona2002/dojo_robotics_2025/install/my_robot_pack2/lib/my_robot_pack2/my_first_node
-- Up-to-date: /home/michfiona2002/dojo_robotics_2025/install/my_robot_pack2/share/ament_index/resource_index/package_run_dependencies/my_robot_pack2
-- Installing: /home/michfiona2002/dojo_robotics_2025/install/my_robot_pack2/share/ament_index/resource_index/parent_prefix_path/my_robot_pack2
-- Up-to-date: /home/michfiona2002/dojo_robotics_2025/install/my_robot_pack2/share/my_robot_pack2/environment/ament_prefix_path.sh
-- Installing: /home/michfiona2002/dojo_robotics_2025/install/my_robot_pack2/share/my_robot_pack2/environment/ament_prefix_path.dsv
-- Up-to-date: /home/michfiona2002/dojo_robotics_2025/install/my_robot_pack2/share/my_robot_pack2/environment/path.sh
-- Installing: /home/michfiona2002/dojo_robotics_2025/install/my_robot_pack2/share/my_robot_pack2/environment/path.dsv
-- Up-to-date: /home/michfiona2002/dojo_robotics_2025/install/my_robot_pack2/share/my_robot_pack2/local_setup.bash
-- Up-to-date: /home/michfiona2002/dojo_robotics_2025/install/my_robot_pack2/share/my_robot_pack2/local_setup.sh
-- Up-to-date: /home/michfiona2002/dojo_robotics_2025/install/my_robot_pack2/share/my_robot_pack2/local_setup.zsh
-- Installing: /home/michfiona2002/dojo_robotics_2025/install/my_robot_pack2/share/my_robot_pack2/local_setup.dsv
-- Installing: /home/michfiona2002/dojo_robotics_2025/install/my_robot_pack2/share/my_robot_pack2/package.dsv
-- Up-to-date: /home/michfiona2002/dojo_robotics_2025/install/my_robot_pack2/share/ament_index/resource_index/packages/my_robot_pack2
-- Up-to-date: /home/michfiona2002/dojo_robotics_2025/install/my_robot_pack2/share/my_robot_pack2/cmake/my_robot_pack2Config.cmake
-- Up-to-date: /home/michfiona2002/dojo_robotics_2025/install/my_robot_pack2/share/my_robot_pack2/cmake/my_robot_pack2Config-version.cmake
-- Up-to-date: /home/michfiona2002/dojo_robotics_2025/install/my_robot_pack2/share/my_robot_pack2/package.xml
