[0.036s] Invoking command in '/home/michfiona2002/dojo_robotics_2025/build/my_robot_pack2': CMAKE_PREFIX_PATH=${CMAKE_PREFIX_PATH}:/home/michfiona2002/dojo_robotics_2025/install/my_robot_package:/opt/ros/humble /usr/bin/cmake --build /home/michfiona2002/dojo_robotics_2025/build/my_robot_pack2 -- -j8 -l8
[0.118s] -- Found ament_cmake: 1.3.11 (/opt/ros/humble/share/ament_cmake/cmake)
[0.400s] -- Found rclcpp: 16.0.12 (/opt/ros/humble/share/rclcpp/cmake)
[0.622s] -- Found rosidl_generator_c: 3.1.6 (/opt/ros/humble/share/rosidl_generator_c/cmake)
[0.628s] -- Found rosidl_adapter: 3.1.6 (/opt/ros/humble/share/rosidl_adapter/cmake)
[0.638s] -- Found rosidl_generator_cpp: 3.1.6 (/opt/ros/humble/share/rosidl_generator_cpp/cmake)
[0.655s] -- Using all available rosidl_typesupport_c: rosidl_typesupport_fastrtps_c;rosidl_typesupport_introspection_c
[0.679s] -- Using all available rosidl_typesupport_cpp: rosidl_typesupport_fastrtps_cpp;rosidl_typesupport_introspection_cpp
[0.737s] -- Found rmw_implementation_cmake: 6.1.2 (/opt/ros/humble/share/rmw_implementation_cmake/cmake)
[0.740s] -- Found rmw_fastrtps_cpp: 6.2.7 (/opt/ros/humble/share/rmw_fastrtps_cpp/cmake)
[7.445s] -- Using RMW implementation 'rmw_fastrtps_cpp' as default
[7.536s] -- Found ament_lint_auto: 0.12.12 (/opt/ros/humble/share/ament_lint_auto/cmake)
[7.681s] -- Added test 'cppcheck' to perform static code analysis on C / C++ code
[7.681s] -- Configured cppcheck include dirs: 
[7.681s] -- Configured cppcheck exclude dirs and/or files: 
[7.682s] -- Added test 'lint_cmake' to check CMake code style
[7.684s] -- Added test 'uncrustify' to check C / C++ code style
[7.685s] -- Configured uncrustify additional arguments: 
[7.685s] -- Added test 'xmllint' to check XML markup files
[7.689s] -- Configuring done
[7.714s] -- Generating done
[7.722s] -- Build files have been written to: /home/michfiona2002/dojo_robotics_2025/build/my_robot_pack2
[7.771s] [35m[1mConsolidate compiler generated dependencies of target my_first_node[0m
[7.813s] [100%] Built target my_first_node
[7.837s] Invoked command in '/home/michfiona2002/dojo_robotics_2025/build/my_robot_pack2' returned '0': CMAKE_PREFIX_PATH=${CMAKE_PREFIX_PATH}:/home/michfiona2002/dojo_robotics_2025/install/my_robot_package:/opt/ros/humble /usr/bin/cmake --build /home/michfiona2002/dojo_robotics_2025/build/my_robot_pack2 -- -j8 -l8
[7.856s] Invoking command in '/home/michfiona2002/dojo_robotics_2025/build/my_robot_pack2': CMAKE_PREFIX_PATH=${CMAKE_PREFIX_PATH}:/home/michfiona2002/dojo_robotics_2025/install/my_robot_package:/opt/ros/humble /usr/bin/cmake --install /home/michfiona2002/dojo_robotics_2025/build/my_robot_pack2
[7.871s] -- Install configuration: ""
[7.872s] -- Up-to-date: /home/michfiona2002/dojo_robotics_2025/install/my_robot_pack2/lib/my_robot_pack2/my_first_node
[7.872s] -- Up-to-date: /home/michfiona2002/dojo_robotics_2025/install/my_robot_pack2/share/ament_index/resource_index/package_run_dependencies/my_robot_pack2
[7.872s] -- Installing: /home/michfiona2002/dojo_robotics_2025/install/my_robot_pack2/share/ament_index/resource_index/parent_prefix_path/my_robot_pack2
[7.873s] -- Up-to-date: /home/michfiona2002/dojo_robotics_2025/install/my_robot_pack2/share/my_robot_pack2/environment/ament_prefix_path.sh
[7.873s] -- Installing: /home/michfiona2002/dojo_robotics_2025/install/my_robot_pack2/share/my_robot_pack2/environment/ament_prefix_path.dsv
[7.873s] -- Up-to-date: /home/michfiona2002/dojo_robotics_2025/install/my_robot_pack2/share/my_robot_pack2/environment/path.sh
[7.874s] -- Installing: /home/michfiona2002/dojo_robotics_2025/install/my_robot_pack2/share/my_robot_pack2/environment/path.dsv
[7.874s] -- Up-to-date: /home/michfiona2002/dojo_robotics_2025/install/my_robot_pack2/share/my_robot_pack2/local_setup.bash
[7.875s] -- Up-to-date: /home/michfiona2002/dojo_robotics_2025/install/my_robot_pack2/share/my_robot_pack2/local_setup.sh
[7.875s] -- Up-to-date: /home/michfiona2002/dojo_robotics_2025/install/my_robot_pack2/share/my_robot_pack2/local_setup.zsh
[7.875s] -- Installing: /home/michfiona2002/dojo_robotics_2025/install/my_robot_pack2/share/my_robot_pack2/local_setup.dsv
[7.875s] -- Installing: /home/michfiona2002/dojo_robotics_2025/install/my_robot_pack2/share/my_robot_pack2/package.dsv
[7.878s] -- Up-to-date: /home/michfiona2002/dojo_robotics_2025/install/my_robot_pack2/share/ament_index/resource_index/packages/my_robot_pack2
[7.878s] -- Up-to-date: /home/michfiona2002/dojo_robotics_2025/install/my_robot_pack2/share/my_robot_pack2/cmake/my_robot_pack2Config.cmake
[7.878s] -- Up-to-date: /home/michfiona2002/dojo_robotics_2025/install/my_robot_pack2/share/my_robot_pack2/cmake/my_robot_pack2Config-version.cmake
[7.879s] -- Up-to-date: /home/michfiona2002/dojo_robotics_2025/install/my_robot_pack2/share/my_robot_pack2/package.xml
[7.883s] Invoked command in '/home/michfiona2002/dojo_robotics_2025/build/my_robot_pack2' returned '0': CMAKE_PREFIX_PATH=${CMAKE_PREFIX_PATH}:/home/michfiona2002/dojo_robotics_2025/install/my_robot_package:/opt/ros/humble /usr/bin/cmake --install /home/michfiona2002/dojo_robotics_2025/build/my_robot_pack2
