[0.267s] DEBUG:colcon:Command line arguments: ['/usr/bin/colcon', 'build', '--packages-select', 'my_robot_pack2']
[0.268s] DEBUG:colcon:Parsed command line arguments: Namespace(log_base=None, log_level=None, verb_name='build', build_base='build', install_base='install', merge_install=False, symlink_install=False, test_result_base=None, continue_on_error=False, executor='parallel', parallel_workers=8, event_handlers=None, ignore_user_meta=False, metas=['./colcon.meta'], base_paths=['.'], packages_ignore=None, packages_ignore_regex=None, paths=None, packages_up_to=None, packages_up_to_regex=None, packages_above=None, packages_above_and_dependencies=None, packages_above_depth=None, packages_select_by_dep=None, packages_skip_by_dep=None, packages_skip_up_to=None, packages_select_build_failed=False, packages_skip_build_finished=False, packages_select_test_failures=False, packages_skip_test_passed=False, packages_select=['my_robot_pack2'], packages_skip=None, packages_select_regex=None, packages_skip_regex=None, packages_start=None, packages_end=None, allow_overriding=[], cmake_args=None, cmake_target=None, cmake_target_skip_unavailable=False, cmake_clean_cache=False, cmake_clean_first=False, cmake_force_configure=False, ament_cmake_args=None, catkin_cmake_args=None, catkin_skip_building_tests=False, verb_parser=<colcon_defaults.argument_parser.defaults.DefaultArgumentsDecorator object at 0x78ae9cb9f6d0>, verb_extension=<colcon_core.verb.build.BuildVerb object at 0x78ae9cd5ca60>, main=<bound method BuildVerb.main of <colcon_core.verb.build.BuildVerb object at 0x78ae9cd5ca60>>)
[0.672s] Level 1:colcon.colcon_core.package_discovery:discover_packages(colcon_meta) check parameters
[0.672s] Level 1:colcon.colcon_core.package_discovery:discover_packages(recursive) check parameters
[0.672s] Level 1:colcon.colcon_core.package_discovery:discover_packages(ignore) check parameters
[0.672s] Level 1:colcon.colcon_core.package_discovery:discover_packages(path) check parameters
[0.672s] Level 1:colcon.colcon_core.package_discovery:discover_packages(colcon_meta) discover
[0.673s] Level 1:colcon.colcon_core.package_discovery:discover_packages(recursive) discover
[0.673s] INFO:colcon.colcon_core.package_discovery:Crawling recursively for packages in '/home/michfiona2002/dojo_robotics_2025'
[0.673s] Level 1:colcon.colcon_core.package_identification:_identify(.) by extensions ['ignore', 'ignore_ament_install']
[0.673s] Level 1:colcon.colcon_core.package_identification:_identify(.) by extension 'ignore'
[0.673s] Level 1:colcon.colcon_core.package_identification:_identify(.) by extension 'ignore_ament_install'
[0.673s] Level 1:colcon.colcon_core.package_identification:_identify(.) by extensions ['colcon_pkg']
[0.673s] Level 1:colcon.colcon_core.package_identification:_identify(.) by extension 'colcon_pkg'
[0.674s] Level 1:colcon.colcon_core.package_identification:_identify(.) by extensions ['colcon_meta']
[0.674s] Level 1:colcon.colcon_core.package_identification:_identify(.) by extension 'colcon_meta'
[0.674s] Level 1:colcon.colcon_core.package_identification:_identify(.) by extensions ['ros']
[0.674s] Level 1:colcon.colcon_core.package_identification:_identify(.) by extension 'ros'
[0.709s] Level 1:colcon.colcon_core.package_identification:_identify(.) by extensions ['cmake', 'python']
[0.709s] Level 1:colcon.colcon_core.package_identification:_identify(.) by extension 'cmake'
[0.709s] Level 1:colcon.colcon_core.package_identification:_identify(.) by extension 'python'
[0.709s] Level 1:colcon.colcon_core.package_identification:_identify(.) by extensions ['python_setup_py']
[0.709s] Level 1:colcon.colcon_core.package_identification:_identify(.) by extension 'python_setup_py'
[0.710s] Level 1:colcon.colcon_core.package_identification:_identify(build) by extensions ['ignore', 'ignore_ament_install']
[0.710s] Level 1:colcon.colcon_core.package_identification:_identify(build) by extension 'ignore'
[0.710s] Level 1:colcon.colcon_core.package_identification:_identify(build) ignored
[0.710s] Level 1:colcon.colcon_core.package_identification:_identify(install) by extensions ['ignore', 'ignore_ament_install']
[0.711s] Level 1:colcon.colcon_core.package_identification:_identify(install) by extension 'ignore'
[0.711s] Level 1:colcon.colcon_core.package_identification:_identify(install) ignored
[0.711s] Level 1:colcon.colcon_core.package_identification:_identify(log) by extensions ['ignore', 'ignore_ament_install']
[0.711s] Level 1:colcon.colcon_core.package_identification:_identify(log) by extension 'ignore'
[0.711s] Level 1:colcon.colcon_core.package_identification:_identify(log) ignored
[0.711s] Level 1:colcon.colcon_core.package_identification:_identify(my_robot_pack2) by extensions ['ignore', 'ignore_ament_install']
[0.712s] Level 1:colcon.colcon_core.package_identification:_identify(my_robot_pack2) by extension 'ignore'
[0.712s] Level 1:colcon.colcon_core.package_identification:_identify(my_robot_pack2) by extension 'ignore_ament_install'
[0.712s] Level 1:colcon.colcon_core.package_identification:_identify(my_robot_pack2) by extensions ['colcon_pkg']
[0.712s] Level 1:colcon.colcon_core.package_identification:_identify(my_robot_pack2) by extension 'colcon_pkg'
[0.712s] Level 1:colcon.colcon_core.package_identification:_identify(my_robot_pack2) by extensions ['colcon_meta']
[0.712s] Level 1:colcon.colcon_core.package_identification:_identify(my_robot_pack2) by extension 'colcon_meta'
[0.712s] Level 1:colcon.colcon_core.package_identification:_identify(my_robot_pack2) by extensions ['ros']
[0.712s] Level 1:colcon.colcon_core.package_identification:_identify(my_robot_pack2) by extension 'ros'
[0.717s] DEBUG:colcon.colcon_core.package_identification:Package 'my_robot_pack2' with type 'ros.ament_cmake' and name 'my_robot_pack2'
[0.717s] Level 1:colcon.colcon_core.package_identification:_identify(src) by extensions ['ignore', 'ignore_ament_install']
[0.717s] Level 1:colcon.colcon_core.package_identification:_identify(src) by extension 'ignore'
[0.717s] Level 1:colcon.colcon_core.package_identification:_identify(src) by extension 'ignore_ament_install'
[0.717s] Level 1:colcon.colcon_core.package_identification:_identify(src) by extensions ['colcon_pkg']
[0.718s] Level 1:colcon.colcon_core.package_identification:_identify(src) by extension 'colcon_pkg'
[0.718s] Level 1:colcon.colcon_core.package_identification:_identify(src) by extensions ['colcon_meta']
[0.718s] Level 1:colcon.colcon_core.package_identification:_identify(src) by extension 'colcon_meta'
[0.718s] Level 1:colcon.colcon_core.package_identification:_identify(src) by extensions ['ros']
[0.718s] Level 1:colcon.colcon_core.package_identification:_identify(src) by extension 'ros'
[0.718s] Level 1:colcon.colcon_core.package_identification:_identify(src) by extensions ['cmake', 'python']
[0.718s] Level 1:colcon.colcon_core.package_identification:_identify(src) by extension 'cmake'
[0.718s] Level 1:colcon.colcon_core.package_identification:_identify(src) by extension 'python'
[0.718s] Level 1:colcon.colcon_core.package_identification:_identify(src) by extensions ['python_setup_py']
[0.719s] Level 1:colcon.colcon_core.package_identification:_identify(src) by extension 'python_setup_py'
[0.719s] Level 1:colcon.colcon_core.package_identification:_identify(src/my_robot_package) by extensions ['ignore', 'ignore_ament_install']
[0.719s] Level 1:colcon.colcon_core.package_identification:_identify(src/my_robot_package) by extension 'ignore'
[0.719s] Level 1:colcon.colcon_core.package_identification:_identify(src/my_robot_package) by extension 'ignore_ament_install'
[0.719s] Level 1:colcon.colcon_core.package_identification:_identify(src/my_robot_package) by extensions ['colcon_pkg']
[0.720s] Level 1:colcon.colcon_core.package_identification:_identify(src/my_robot_package) by extension 'colcon_pkg'
[0.720s] Level 1:colcon.colcon_core.package_identification:_identify(src/my_robot_package) by extensions ['colcon_meta']
[0.720s] Level 1:colcon.colcon_core.package_identification:_identify(src/my_robot_package) by extension 'colcon_meta'
[0.720s] Level 1:colcon.colcon_core.package_identification:_identify(src/my_robot_package) by extensions ['ros']
[0.721s] Level 1:colcon.colcon_core.package_identification:_identify(src/my_robot_package) by extension 'ros'
[0.723s] DEBUG:colcon.colcon_core.package_identification:Package 'src/my_robot_package' with type 'ros.ament_python' and name 'my_robot_package'
[0.723s] Level 1:colcon.colcon_core.package_discovery:discover_packages(recursive) using defaults
[0.723s] Level 1:colcon.colcon_core.package_discovery:discover_packages(ignore) discover
[0.723s] Level 1:colcon.colcon_core.package_discovery:discover_packages(ignore) using defaults
[0.723s] Level 1:colcon.colcon_core.package_discovery:discover_packages(path) discover
[0.723s] Level 1:colcon.colcon_core.package_discovery:discover_packages(path) using defaults
[0.765s] INFO:colcon.colcon_core.package_selection:Skipping not selected package 'my_robot_package' in 'src/my_robot_package'
[0.766s] Level 1:colcon.colcon_core.package_discovery:discover_packages(prefix_path) check parameters
[0.766s] Level 1:colcon.colcon_core.package_discovery:discover_packages(prefix_path) discover
[0.769s] DEBUG:colcon.colcon_installed_package_information.package_discovery:Found 2 installed packages in /home/michfiona2002/dojo_robotics_2025/install
[0.772s] DEBUG:colcon.colcon_installed_package_information.package_discovery:Found 295 installed packages in /opt/ros/humble
[0.790s] Level 1:colcon.colcon_core.package_discovery:discover_packages(prefix_path) using defaults
[0.852s] Level 5:colcon.colcon_core.verb:set package 'my_robot_pack2' build argument 'cmake_args' from command line to 'None'
[0.853s] Level 5:colcon.colcon_core.verb:set package 'my_robot_pack2' build argument 'cmake_target' from command line to 'None'
[0.853s] Level 5:colcon.colcon_core.verb:set package 'my_robot_pack2' build argument 'cmake_target_skip_unavailable' from command line to 'False'
[0.853s] Level 5:colcon.colcon_core.verb:set package 'my_robot_pack2' build argument 'cmake_clean_cache' from command line to 'False'
[0.853s] Level 5:colcon.colcon_core.verb:set package 'my_robot_pack2' build argument 'cmake_clean_first' from command line to 'False'
[0.853s] Level 5:colcon.colcon_core.verb:set package 'my_robot_pack2' build argument 'cmake_force_configure' from command line to 'False'
[0.853s] Level 5:colcon.colcon_core.verb:set package 'my_robot_pack2' build argument 'ament_cmake_args' from command line to 'None'
[0.853s] Level 5:colcon.colcon_core.verb:set package 'my_robot_pack2' build argument 'catkin_cmake_args' from command line to 'None'
[0.853s] Level 5:colcon.colcon_core.verb:set package 'my_robot_pack2' build argument 'catkin_skip_building_tests' from command line to 'False'
[0.853s] DEBUG:colcon.colcon_core.verb:Building package 'my_robot_pack2' with the following arguments: {'ament_cmake_args': None, 'build_base': '/home/michfiona2002/dojo_robotics_2025/build/my_robot_pack2', 'catkin_cmake_args': None, 'catkin_skip_building_tests': False, 'cmake_args': None, 'cmake_clean_cache': False, 'cmake_clean_first': False, 'cmake_force_configure': False, 'cmake_target': None, 'cmake_target_skip_unavailable': False, 'install_base': '/home/michfiona2002/dojo_robotics_2025/install/my_robot_pack2', 'merge_install': False, 'path': '/home/michfiona2002/dojo_robotics_2025/my_robot_pack2', 'symlink_install': False, 'test_result_base': None}
[0.854s] INFO:colcon.colcon_core.executor:Executing jobs using 'parallel' executor
[0.858s] DEBUG:colcon.colcon_parallel_executor.executor.parallel:run_until_complete
[0.858s] INFO:colcon.colcon_ros.task.ament_cmake.build:Building ROS package in '/home/michfiona2002/dojo_robotics_2025/my_robot_pack2' with build type 'ament_cmake'
[0.859s] INFO:colcon.colcon_cmake.task.cmake.build:Building CMake package in '/home/michfiona2002/dojo_robotics_2025/my_robot_pack2'
[0.865s] INFO:colcon.colcon_core.plugin_system:Skipping extension 'colcon_core.shell.bat': Not used on non-Windows systems
[0.866s] INFO:colcon.colcon_core.shell:Skip shell extension 'powershell' for command environment: Not usable outside of PowerShell
[0.866s] DEBUG:colcon.colcon_core.shell:Skip shell extension 'dsv' for command environment
[0.896s] DEBUG:colcon.colcon_core.event_handler.log_command:Invoking command in '/home/michfiona2002/dojo_robotics_2025/build/my_robot_pack2': CMAKE_PREFIX_PATH=${CMAKE_PREFIX_PATH}:/home/michfiona2002/dojo_robotics_2025/install/my_robot_package:/opt/ros/humble /usr/bin/cmake --build /home/michfiona2002/dojo_robotics_2025/build/my_robot_pack2 -- -j8 -l8
[8.697s] DEBUG:colcon.colcon_core.event_handler.log_command:Invoked command in '/home/michfiona2002/dojo_robotics_2025/build/my_robot_pack2' returned '0': CMAKE_PREFIX_PATH=${CMAKE_PREFIX_PATH}:/home/michfiona2002/dojo_robotics_2025/install/my_robot_package:/opt/ros/humble /usr/bin/cmake --build /home/michfiona2002/dojo_robotics_2025/build/my_robot_pack2 -- -j8 -l8
[8.717s] DEBUG:colcon.colcon_core.event_handler.log_command:Invoking command in '/home/michfiona2002/dojo_robotics_2025/build/my_robot_pack2': CMAKE_PREFIX_PATH=${CMAKE_PREFIX_PATH}:/home/michfiona2002/dojo_robotics_2025/install/my_robot_package:/opt/ros/humble /usr/bin/cmake --install /home/michfiona2002/dojo_robotics_2025/build/my_robot_pack2
[8.742s] Level 1:colcon.colcon_core.environment:create_environment_scripts_only(my_robot_pack2)
[8.743s] DEBUG:colcon.colcon_core.event_handler.log_command:Invoked command in '/home/michfiona2002/dojo_robotics_2025/build/my_robot_pack2' returned '0': CMAKE_PREFIX_PATH=${CMAKE_PREFIX_PATH}:/home/michfiona2002/dojo_robotics_2025/install/my_robot_package:/opt/ros/humble /usr/bin/cmake --install /home/michfiona2002/dojo_robotics_2025/build/my_robot_pack2
[8.748s] Level 1:colcon.colcon_core.environment:checking '/home/michfiona2002/dojo_robotics_2025/install/my_robot_pack2' for CMake module files
[8.748s] Level 1:colcon.colcon_core.environment:checking '/home/michfiona2002/dojo_robotics_2025/install/my_robot_pack2' for CMake config files
[8.749s] Level 1:colcon.colcon_core.shell:create_environment_hook('my_robot_pack2', 'cmake_prefix_path')
[8.749s] INFO:colcon.colcon_core.shell:Creating environment hook '/home/michfiona2002/dojo_robotics_2025/install/my_robot_pack2/share/my_robot_pack2/hook/cmake_prefix_path.ps1'
[8.751s] INFO:colcon.colcon_core.shell:Creating environment descriptor '/home/michfiona2002/dojo_robotics_2025/install/my_robot_pack2/share/my_robot_pack2/hook/cmake_prefix_path.dsv'
[8.752s] INFO:colcon.colcon_core.shell:Creating environment hook '/home/michfiona2002/dojo_robotics_2025/install/my_robot_pack2/share/my_robot_pack2/hook/cmake_prefix_path.sh'
[8.755s] Level 1:colcon.colcon_core.environment:checking '/home/michfiona2002/dojo_robotics_2025/install/my_robot_pack2/lib'
[8.756s] Level 1:colcon.colcon_core.environment:checking '/home/michfiona2002/dojo_robotics_2025/install/my_robot_pack2/bin'
[8.756s] Level 1:colcon.colcon_core.environment:checking '/home/michfiona2002/dojo_robotics_2025/install/my_robot_pack2/lib/pkgconfig/my_robot_pack2.pc'
[8.756s] Level 1:colcon.colcon_core.environment:checking '/home/michfiona2002/dojo_robotics_2025/install/my_robot_pack2/lib/python3.10/site-packages'
[8.756s] Level 1:colcon.colcon_core.environment:checking '/home/michfiona2002/dojo_robotics_2025/install/my_robot_pack2/bin'
[8.757s] INFO:colcon.colcon_core.shell:Creating package script '/home/michfiona2002/dojo_robotics_2025/install/my_robot_pack2/share/my_robot_pack2/package.ps1'
[8.759s] INFO:colcon.colcon_core.shell:Creating package descriptor '/home/michfiona2002/dojo_robotics_2025/install/my_robot_pack2/share/my_robot_pack2/package.dsv'
[8.760s] INFO:colcon.colcon_core.shell:Creating package script '/home/michfiona2002/dojo_robotics_2025/install/my_robot_pack2/share/my_robot_pack2/package.sh'
[8.761s] INFO:colcon.colcon_core.shell:Creating package script '/home/michfiona2002/dojo_robotics_2025/install/my_robot_pack2/share/my_robot_pack2/package.bash'
[8.763s] INFO:colcon.colcon_core.shell:Creating package script '/home/michfiona2002/dojo_robotics_2025/install/my_robot_pack2/share/my_robot_pack2/package.zsh'
[8.766s] Level 1:colcon.colcon_core.environment:create_file_with_runtime_dependencies(/home/michfiona2002/dojo_robotics_2025/install/my_robot_pack2/share/colcon-core/packages/my_robot_pack2)
[8.770s] Level 1:colcon.colcon_core.environment:create_environment_scripts_only(my_robot_pack2)
[8.772s] Level 1:colcon.colcon_core.environment:checking '/home/michfiona2002/dojo_robotics_2025/install/my_robot_pack2' for CMake module files
[8.774s] Level 1:colcon.colcon_core.environment:checking '/home/michfiona2002/dojo_robotics_2025/install/my_robot_pack2' for CMake config files
[8.774s] Level 1:colcon.colcon_core.shell:create_environment_hook('my_robot_pack2', 'cmake_prefix_path')
[8.775s] INFO:colcon.colcon_core.shell:Creating environment hook '/home/michfiona2002/dojo_robotics_2025/install/my_robot_pack2/share/my_robot_pack2/hook/cmake_prefix_path.ps1'
[8.776s] INFO:colcon.colcon_core.shell:Creating environment descriptor '/home/michfiona2002/dojo_robotics_2025/install/my_robot_pack2/share/my_robot_pack2/hook/cmake_prefix_path.dsv'
[8.777s] INFO:colcon.colcon_core.shell:Creating environment hook '/home/michfiona2002/dojo_robotics_2025/install/my_robot_pack2/share/my_robot_pack2/hook/cmake_prefix_path.sh'
[8.779s] Level 1:colcon.colcon_core.environment:checking '/home/michfiona2002/dojo_robotics_2025/install/my_robot_pack2/lib'
[8.779s] Level 1:colcon.colcon_core.environment:checking '/home/michfiona2002/dojo_robotics_2025/install/my_robot_pack2/bin'
[8.779s] Level 1:colcon.colcon_core.environment:checking '/home/michfiona2002/dojo_robotics_2025/install/my_robot_pack2/lib/pkgconfig/my_robot_pack2.pc'
[8.780s] Level 1:colcon.colcon_core.environment:checking '/home/michfiona2002/dojo_robotics_2025/install/my_robot_pack2/lib/python3.10/site-packages'
[8.780s] Level 1:colcon.colcon_core.environment:checking '/home/michfiona2002/dojo_robotics_2025/install/my_robot_pack2/bin'
[8.781s] INFO:colcon.colcon_core.shell:Creating package script '/home/michfiona2002/dojo_robotics_2025/install/my_robot_pack2/share/my_robot_pack2/package.ps1'
[8.782s] INFO:colcon.colcon_core.shell:Creating package descriptor '/home/michfiona2002/dojo_robotics_2025/install/my_robot_pack2/share/my_robot_pack2/package.dsv'
[8.783s] INFO:colcon.colcon_core.shell:Creating package script '/home/michfiona2002/dojo_robotics_2025/install/my_robot_pack2/share/my_robot_pack2/package.sh'
[8.785s] INFO:colcon.colcon_core.shell:Creating package script '/home/michfiona2002/dojo_robotics_2025/install/my_robot_pack2/share/my_robot_pack2/package.bash'
[8.789s] INFO:colcon.colcon_core.shell:Creating package script '/home/michfiona2002/dojo_robotics_2025/install/my_robot_pack2/share/my_robot_pack2/package.zsh'
[8.791s] Level 1:colcon.colcon_core.environment:create_file_with_runtime_dependencies(/home/michfiona2002/dojo_robotics_2025/install/my_robot_pack2/share/colcon-core/packages/my_robot_pack2)
[8.793s] DEBUG:colcon.colcon_parallel_executor.executor.parallel:closing loop
[8.794s] DEBUG:colcon.colcon_parallel_executor.executor.parallel:loop closed
[8.795s] DEBUG:colcon.colcon_parallel_executor.executor.parallel:run_until_complete finished with '0'
[8.795s] DEBUG:colcon.colcon_core.event_reactor:joining thread
[8.883s] INFO:colcon.colcon_core.plugin_system:Skipping extension 'colcon_notification.desktop_notification.notify_send': Could not find 'notify-send'
[8.883s] INFO:colcon.colcon_core.plugin_system:Skipping extension 'colcon_notification.desktop_notification.terminal_notifier': Not used on non-Darwin systems
[8.884s] INFO:colcon.colcon_core.plugin_system:Skipping extension 'colcon_notification.desktop_notification.win32': Not used on non-Windows systems
[8.884s] INFO:colcon.colcon_notification.desktop_notification:Sending desktop notification using 'notify2'
[8.884s] DEBUG:colcon.colcon_notification.desktop_notification.notify2:Failed to initialize notify2: org.freedesktop.DBus.Error.FileNotFound: Failed to connect to socket /run/user/1000/bus: No such file or directory
[8.884s] DEBUG:colcon.colcon_core.event_reactor:joined thread
[8.885s] INFO:colcon.colcon_core.shell:Creating prefix script '/home/michfiona2002/dojo_robotics_2025/install/local_setup.ps1'
[8.890s] INFO:colcon.colcon_core.shell:Creating prefix util module '/home/michfiona2002/dojo_robotics_2025/install/_local_setup_util_ps1.py'
[8.893s] INFO:colcon.colcon_core.shell:Creating prefix chain script '/home/michfiona2002/dojo_robotics_2025/install/setup.ps1'
[8.895s] INFO:colcon.colcon_core.shell:Creating prefix script '/home/michfiona2002/dojo_robotics_2025/install/local_setup.sh'
[8.896s] INFO:colcon.colcon_core.shell:Creating prefix util module '/home/michfiona2002/dojo_robotics_2025/install/_local_setup_util_sh.py'
[8.897s] INFO:colcon.colcon_core.shell:Creating prefix chain script '/home/michfiona2002/dojo_robotics_2025/install/setup.sh'
[8.899s] INFO:colcon.colcon_core.shell:Creating prefix script '/home/michfiona2002/dojo_robotics_2025/install/local_setup.bash'
[8.900s] INFO:colcon.colcon_core.shell:Creating prefix chain script '/home/michfiona2002/dojo_robotics_2025/install/setup.bash'
[8.901s] INFO:colcon.colcon_core.shell:Creating prefix script '/home/michfiona2002/dojo_robotics_2025/install/local_setup.zsh'
[8.905s] INFO:colcon.colcon_core.shell:Creating prefix chain script '/home/michfiona2002/dojo_robotics_2025/install/setup.zsh'
