[2.942s] Invoking command in '/home/michfiona2002/ros2_ws/talker': PYTHONPATH=/home/michfiona2002/ros2_ws/build/talker/prefix_override:/usr/lib/python3/dist-packages/colcon_core/task/python/colcon_distutils_commands:/home/michfiona2002/ros2_ws/install/talker/lib/python3.10/site-packages:${PYTHONPATH} /usr/bin/python3 -W ignore:setup.py install is deprecated -W ignore:easy_install command is deprecated setup.py egg_info --egg-base ../build/talker build --build-base /home/michfiona2002/ros2_ws/build/talker/build install --record /home/michfiona2002/ros2_ws/build/talker/install.log --single-version-externally-managed install_data
[3.696s] running egg_info
[3.699s] writing ../build/talker/talker.egg-info/PKG-INFO
[3.701s] writing dependency_links to ../build/talker/talker.egg-info/dependency_links.txt
[3.704s] writing entry points to ../build/talker/talker.egg-info/entry_points.txt
[3.705s] writing requirements to ../build/talker/talker.egg-info/requires.txt
[3.705s] writing top-level names to ../build/talker/talker.egg-info/top_level.txt
[3.711s] reading manifest file '../build/talker/talker.egg-info/SOURCES.txt'
[3.713s] writing manifest file '../build/talker/talker.egg-info/SOURCES.txt'
[3.713s] running build
[3.713s] running build_py
[3.714s] copying talker/main.py -> /home/michfiona2002/ros2_ws/build/talker/build/lib/talker
[3.715s] running install
[3.717s] running install_lib
[3.721s] copying /home/michfiona2002/ros2_ws/build/talker/build/lib/talker/main.py -> /home/michfiona2002/ros2_ws/install/talker/lib/python3.10/site-packages/talker
[3.723s] byte-compiling /home/michfiona2002/ros2_ws/install/talker/lib/python3.10/site-packages/talker/main.py to main.cpython-310.pyc
[3.725s] running install_data
[3.726s] running install_egg_info
[3.730s] removing '/home/michfiona2002/ros2_ws/install/talker/lib/python3.10/site-packages/talker-0.0.0-py3.10.egg-info' (and everything under it)
[3.731s] Copying ../build/talker/talker.egg-info to /home/michfiona2002/ros2_ws/install/talker/lib/python3.10/site-packages/talker-0.0.0-py3.10.egg-info
[3.735s] running install_scripts
[3.797s] Installing talker script to /home/michfiona2002/ros2_ws/install/talker/lib/talker
[3.798s] writing list of installed files to '/home/michfiona2002/ros2_ws/build/talker/install.log'
[3.853s] Invoked command in '/home/michfiona2002/ros2_ws/talker' returned '0': PYTHONPATH=/home/michfiona2002/ros2_ws/build/talker/prefix_override:/usr/lib/python3/dist-packages/colcon_core/task/python/colcon_distutils_commands:/home/michfiona2002/ros2_ws/install/talker/lib/python3.10/site-packages:${PYTHONPATH} /usr/bin/python3 -W ignore:setup.py install is deprecated -W ignore:easy_install command is deprecated setup.py egg_info --egg-base ../build/talker build --build-base /home/michfiona2002/ros2_ws/build/talker/build install --record /home/michfiona2002/ros2_ws/build/talker/install.log --single-version-externally-managed install_data
