[0.042s] Invoking command in '/home/michfiona2002/dojo_robotics_2025/build/my_robot_pack2': CMAKE_PREFIX_PATH=/home/michfiona2002/dojo_robotics_2025/install/my_robot_package:/opt/ros/humble /usr/bin/cmake /home/michfiona2002/dojo_robotics_2025/my_robot_pack2 -DCMAKE_INSTALL_PREFIX=/home/michfiona2002/dojo_robotics_2025/install/my_robot_pack2
[0.452s] -- The C compiler identification is GNU 11.4.0
[0.905s] -- The CXX compiler identification is GNU 11.4.0
[1.149s] -- Detecting C compiler ABI info
[1.327s] -- Detecting C compiler ABI info - done
[1.345s] -- Check for working C compiler: /usr/bin/cc - skipped
[1.346s] -- Detecting C compile features
[1.347s] -- Detecting C compile features - done
[1.357s] -- Detecting CXX compiler ABI info
[1.547s] -- Detecting CXX compiler ABI info - done
[1.556s] -- Check for working CXX compiler: /usr/bin/c++ - skipped
[1.557s] -- Detecting CXX compile features
[1.557s] -- Detecting CXX compile features - done
[1.584s] -- Found ament_cmake: 1.3.11 (/opt/ros/humble/share/ament_cmake/cmake)
[1.838s] -- Found Python3: /usr/bin/python3 (found version "3.10.12") found components: Interpreter 
[2.017s] -- Found rclcpp: 16.0.12 (/opt/ros/humble/share/rclcpp/cmake)
[2.247s] -- Found rosidl_generator_c: 3.1.6 (/opt/ros/humble/share/rosidl_generator_c/cmake)
[2.264s] -- Found rosidl_adapter: 3.1.6 (/opt/ros/humble/share/rosidl_adapter/cmake)
[2.287s] -- Found rosidl_generator_cpp: 3.1.6 (/opt/ros/humble/share/rosidl_generator_cpp/cmake)
[2.331s] -- Using all available rosidl_typesupport_c: rosidl_typesupport_fastrtps_c;rosidl_typesupport_introspection_c
[2.375s] -- Using all available rosidl_typesupport_cpp: rosidl_typesupport_fastrtps_cpp;rosidl_typesupport_introspection_cpp
[2.487s] -- Found rmw_implementation_cmake: 6.1.2 (/opt/ros/humble/share/rmw_implementation_cmake/cmake)
[2.495s] -- Found rmw_fastrtps_cpp: 6.2.7 (/opt/ros/humble/share/rmw_fastrtps_cpp/cmake)
[3.424s] -- Found OpenSSL: /usr/lib/x86_64-linux-gnu/libcrypto.so (found version "3.0.2")  
[5.186s] -- Found FastRTPS: /opt/ros/humble/include  
[8.126s] -- Using RMW implementation 'rmw_fastrtps_cpp' as default
[8.149s] -- Looking for pthread.h
[8.433s] -- Looking for pthread.h - found
[8.434s] -- Performing Test CMAKE_HAVE_LIBC_PTHREAD
[8.685s] -- Performing Test CMAKE_HAVE_LIBC_PTHREAD - Success
[8.687s] -- Found Threads: TRUE  
[8.817s] -- Found ament_lint_auto: 0.12.12 (/opt/ros/humble/share/ament_lint_auto/cmake)
[8.970s] -- Added test 'cppcheck' to perform static code analysis on C / C++ code
[8.970s] -- Configured cppcheck include dirs: 
[8.970s] -- Configured cppcheck exclude dirs and/or files: 
[8.974s] -- Added test 'lint_cmake' to check CMake code style
[8.980s] -- Added test 'uncrustify' to check C / C++ code style
[8.980s] -- Configured uncrustify additional arguments: 
[8.981s] -- Added test 'xmllint' to check XML markup files
[8.987s] -- Configuring done
[9.011s] -- Generating done
[9.021s] -- Build files have been written to: /home/michfiona2002/dojo_robotics_2025/build/my_robot_pack2
[9.042s] Invoked command in '/home/michfiona2002/dojo_robotics_2025/build/my_robot_pack2' returned '0': CMAKE_PREFIX_PATH=/home/michfiona2002/dojo_robotics_2025/install/my_robot_package:/opt/ros/humble /usr/bin/cmake /home/michfiona2002/dojo_robotics_2025/my_robot_pack2 -DCMAKE_INSTALL_PREFIX=/home/michfiona2002/dojo_robotics_2025/install/my_robot_pack2
[9.048s] Invoking command in '/home/michfiona2002/dojo_robotics_2025/build/my_robot_pack2': CMAKE_PREFIX_PATH=/home/michfiona2002/dojo_robotics_2025/install/my_robot_package:/opt/ros/humble /usr/bin/cmake --build /home/michfiona2002/dojo_robotics_2025/build/my_robot_pack2 -- -j8 -l8
[9.132s] [ 50%] [32mBuilding CXX object CMakeFiles/my_first_node.dir/src/my_first_node.cpp.o[0m
[15.429s] [100%] [32m[1mLinking CXX executable my_first_node[0m
[15.747s] [100%] Built target my_first_node
[15.764s] Invoked command in '/home/michfiona2002/dojo_robotics_2025/build/my_robot_pack2' returned '0': CMAKE_PREFIX_PATH=/home/michfiona2002/dojo_robotics_2025/install/my_robot_package:/opt/ros/humble /usr/bin/cmake --build /home/michfiona2002/dojo_robotics_2025/build/my_robot_pack2 -- -j8 -l8
[15.781s] Invoking command in '/home/michfiona2002/dojo_robotics_2025/build/my_robot_pack2': CMAKE_PREFIX_PATH=/home/michfiona2002/dojo_robotics_2025/install/my_robot_package:/opt/ros/humble /usr/bin/cmake --install /home/michfiona2002/dojo_robotics_2025/build/my_robot_pack2
[15.790s] -- Install configuration: ""
[15.792s] -- Installing: /home/michfiona2002/dojo_robotics_2025/install/my_robot_pack2/lib/my_robot_pack2/my_first_node
[15.793s] -- Set runtime path of "/home/michfiona2002/dojo_robotics_2025/install/my_robot_pack2/lib/my_robot_pack2/my_first_node" to ""
[15.795s] -- Installing: /home/michfiona2002/dojo_robotics_2025/install/my_robot_pack2/share/ament_index/resource_index/package_run_dependencies/my_robot_pack2
[15.795s] -- Installing: /home/michfiona2002/dojo_robotics_2025/install/my_robot_pack2/share/ament_index/resource_index/parent_prefix_path/my_robot_pack2
[15.796s] -- Installing: /home/michfiona2002/dojo_robotics_2025/install/my_robot_pack2/share/my_robot_pack2/environment/ament_prefix_path.sh
[15.797s] -- Installing: /home/michfiona2002/dojo_robotics_2025/install/my_robot_pack2/share/my_robot_pack2/environment/ament_prefix_path.dsv
[15.797s] -- Installing: /home/michfiona2002/dojo_robotics_2025/install/my_robot_pack2/share/my_robot_pack2/environment/path.sh
[15.797s] -- Installing: /home/michfiona2002/dojo_robotics_2025/install/my_robot_pack2/share/my_robot_pack2/environment/path.dsv
[15.798s] -- Installing: /home/michfiona2002/dojo_robotics_2025/install/my_robot_pack2/share/my_robot_pack2/local_setup.bash
[15.798s] -- Installing: /home/michfiona2002/dojo_robotics_2025/install/my_robot_pack2/share/my_robot_pack2/local_setup.sh
[15.798s] -- Installing: /home/michfiona2002/dojo_robotics_2025/install/my_robot_pack2/share/my_robot_pack2/local_setup.zsh
[15.798s] -- Installing: /home/michfiona2002/dojo_robotics_2025/install/my_robot_pack2/share/my_robot_pack2/local_setup.dsv
[15.799s] -- Installing: /home/michfiona2002/dojo_robotics_2025/install/my_robot_pack2/share/my_robot_pack2/package.dsv
[15.799s] -- Installing: /home/michfiona2002/dojo_robotics_2025/install/my_robot_pack2/share/ament_index/resource_index/packages/my_robot_pack2
[15.801s] -- Installing: /home/michfiona2002/dojo_robotics_2025/install/my_robot_pack2/share/my_robot_pack2/cmake/my_robot_pack2Config.cmake
[15.802s] -- Installing: /home/michfiona2002/dojo_robotics_2025/install/my_robot_pack2/share/my_robot_pack2/cmake/my_robot_pack2Config-version.cmake
[15.802s] -- Installing: /home/michfiona2002/dojo_robotics_2025/install/my_robot_pack2/share/my_robot_pack2/package.xml
[15.806s] Invoked command in '/home/michfiona2002/dojo_robotics_2025/build/my_robot_pack2' returned '0': CMAKE_PREFIX_PATH=/home/michfiona2002/dojo_robotics_2025/install/my_robot_package:/opt/ros/humble /usr/bin/cmake --install /home/michfiona2002/dojo_robotics_2025/build/my_robot_pack2
