[0.812s] DEBUG:colcon:Command line arguments: ['/usr/bin/colcon', 'build', '--packages-select', 'cpp_pubsub']
[0.812s] DEBUG:colcon:Parsed command line arguments: Namespace(log_base=None, log_level=None, verb_name='build', build_base='build', install_base='install', merge_install=False, symlink_install=False, test_result_base=None, continue_on_error=False, executor='parallel', parallel_workers=8, event_handlers=None, ignore_user_meta=False, metas=['./colcon.meta'], base_paths=['.'], packages_ignore=None, packages_ignore_regex=None, paths=None, packages_up_to=None, packages_up_to_regex=None, packages_above=None, packages_above_and_dependencies=None, packages_above_depth=None, packages_select_by_dep=None, packages_skip_by_dep=None, packages_skip_up_to=None, packages_select_build_failed=False, packages_skip_build_finished=False, packages_select_test_failures=False, packages_skip_test_passed=False, packages_select=['cpp_pubsub'], packages_skip=None, packages_select_regex=None, packages_skip_regex=None, packages_start=None, packages_end=None, allow_overriding=[], cmake_args=None, cmake_target=None, cmake_target_skip_unavailable=False, cmake_clean_cache=False, cmake_clean_first=False, cmake_force_configure=False, ament_cmake_args=None, catkin_cmake_args=None, catkin_skip_building_tests=False, verb_parser=<colcon_defaults.argument_parser.defaults.DefaultArgumentsDecorator object at 0x754e51f23610>, verb_extension=<colcon_core.verb.build.BuildVerb object at 0x754e520609a0>, main=<bound method BuildVerb.main of <colcon_core.verb.build.BuildVerb object at 0x754e520609a0>>)
[1.828s] Level 1:colcon.colcon_core.package_discovery:discover_packages(colcon_meta) check parameters
[1.828s] Level 1:colcon.colcon_core.package_discovery:discover_packages(recursive) check parameters
[1.828s] Level 1:colcon.colcon_core.package_discovery:discover_packages(ignore) check parameters
[1.829s] Level 1:colcon.colcon_core.package_discovery:discover_packages(path) check parameters
[1.829s] Level 1:colcon.colcon_core.package_discovery:discover_packages(colcon_meta) discover
[1.829s] Level 1:colcon.colcon_core.package_discovery:discover_packages(recursive) discover
[1.829s] INFO:colcon.colcon_core.package_discovery:Crawling recursively for packages in '/home/michfiona2002/ros2_ws'
[1.829s] Level 1:colcon.colcon_core.package_identification:_identify(.) by extensions ['ignore', 'ignore_ament_install']
[1.830s] Level 1:colcon.colcon_core.package_identification:_identify(.) by extension 'ignore'
[1.830s] Level 1:colcon.colcon_core.package_identification:_identify(.) by extension 'ignore_ament_install'
[1.830s] Level 1:colcon.colcon_core.package_identification:_identify(.) by extensions ['colcon_pkg']
[1.830s] Level 1:colcon.colcon_core.package_identification:_identify(.) by extension 'colcon_pkg'
[1.831s] Level 1:colcon.colcon_core.package_identification:_identify(.) by extensions ['colcon_meta']
[1.831s] Level 1:colcon.colcon_core.package_identification:_identify(.) by extension 'colcon_meta'
[1.831s] Level 1:colcon.colcon_core.package_identification:_identify(.) by extensions ['ros']
[1.831s] Level 1:colcon.colcon_core.package_identification:_identify(.) by extension 'ros'
[1.883s] Level 1:colcon.colcon_core.package_identification:_identify(.) by extensions ['cmake', 'python']
[1.883s] Level 1:colcon.colcon_core.package_identification:_identify(.) by extension 'cmake'
[1.883s] Level 1:colcon.colcon_core.package_identification:_identify(.) by extension 'python'
[1.883s] Level 1:colcon.colcon_core.package_identification:_identify(.) by extensions ['python_setup_py']
[1.883s] Level 1:colcon.colcon_core.package_identification:_identify(.) by extension 'python_setup_py'
[1.884s] Level 1:colcon.colcon_core.package_identification:_identify(build) by extensions ['ignore', 'ignore_ament_install']
[1.884s] Level 1:colcon.colcon_core.package_identification:_identify(build) by extension 'ignore'
[1.884s] Level 1:colcon.colcon_core.package_identification:_identify(build) ignored
[1.885s] Level 1:colcon.colcon_core.package_identification:_identify(install) by extensions ['ignore', 'ignore_ament_install']
[1.885s] Level 1:colcon.colcon_core.package_identification:_identify(install) by extension 'ignore'
[1.885s] Level 1:colcon.colcon_core.package_identification:_identify(install) ignored
[1.886s] Level 1:colcon.colcon_core.package_identification:_identify(log) by extensions ['ignore', 'ignore_ament_install']
[1.886s] Level 1:colcon.colcon_core.package_identification:_identify(log) by extension 'ignore'
[1.886s] Level 1:colcon.colcon_core.package_identification:_identify(log) ignored
[1.886s] Level 1:colcon.colcon_core.package_identification:_identify(src) by extensions ['ignore', 'ignore_ament_install']
[1.887s] Level 1:colcon.colcon_core.package_identification:_identify(src) by extension 'ignore'
[1.887s] Level 1:colcon.colcon_core.package_identification:_identify(src) by extension 'ignore_ament_install'
[1.887s] Level 1:colcon.colcon_core.package_identification:_identify(src) by extensions ['colcon_pkg']
[1.887s] Level 1:colcon.colcon_core.package_identification:_identify(src) by extension 'colcon_pkg'
[1.887s] Level 1:colcon.colcon_core.package_identification:_identify(src) by extensions ['colcon_meta']
[1.887s] Level 1:colcon.colcon_core.package_identification:_identify(src) by extension 'colcon_meta'
[1.888s] Level 1:colcon.colcon_core.package_identification:_identify(src) by extensions ['ros']
[1.888s] Level 1:colcon.colcon_core.package_identification:_identify(src) by extension 'ros'
[1.888s] Level 1:colcon.colcon_core.package_identification:_identify(src) by extensions ['cmake', 'python']
[1.888s] Level 1:colcon.colcon_core.package_identification:_identify(src) by extension 'cmake'
[1.889s] Level 1:colcon.colcon_core.package_identification:_identify(src) by extension 'python'
[1.889s] Level 1:colcon.colcon_core.package_identification:_identify(src) by extensions ['python_setup_py']
[1.889s] Level 1:colcon.colcon_core.package_identification:_identify(src) by extension 'python_setup_py'
[1.889s] Level 1:colcon.colcon_core.package_identification:_identify(src/cpp_pubsub) by extensions ['ignore', 'ignore_ament_install']
[1.890s] Level 1:colcon.colcon_core.package_identification:_identify(src/cpp_pubsub) by extension 'ignore'
[1.890s] Level 1:colcon.colcon_core.package_identification:_identify(src/cpp_pubsub) by extension 'ignore_ament_install'
[1.890s] Level 1:colcon.colcon_core.package_identification:_identify(src/cpp_pubsub) by extensions ['colcon_pkg']
[1.891s] Level 1:colcon.colcon_core.package_identification:_identify(src/cpp_pubsub) by extension 'colcon_pkg'
[1.891s] Level 1:colcon.colcon_core.package_identification:_identify(src/cpp_pubsub) by extensions ['colcon_meta']
[1.891s] Level 1:colcon.colcon_core.package_identification:_identify(src/cpp_pubsub) by extension 'colcon_meta'
[1.891s] Level 1:colcon.colcon_core.package_identification:_identify(src/cpp_pubsub) by extensions ['ros']
[1.891s] Level 1:colcon.colcon_core.package_identification:_identify(src/cpp_pubsub) by extension 'ros'
[1.909s] DEBUG:colcon.colcon_core.package_identification:Package 'src/cpp_pubsub' with type 'ros.ament_cmake' and name 'cpp_pubsub'
[1.909s] Level 1:colcon.colcon_core.package_discovery:discover_packages(recursive) using defaults
[1.909s] Level 1:colcon.colcon_core.package_discovery:discover_packages(ignore) discover
[1.909s] Level 1:colcon.colcon_core.package_discovery:discover_packages(ignore) using defaults
[1.909s] Level 1:colcon.colcon_core.package_discovery:discover_packages(path) discover
[1.910s] Level 1:colcon.colcon_core.package_discovery:discover_packages(path) using defaults
[1.999s] Level 1:colcon.colcon_core.package_discovery:discover_packages(prefix_path) check parameters
[2.000s] Level 1:colcon.colcon_core.package_discovery:discover_packages(prefix_path) discover
[2.010s] DEBUG:colcon.colcon_installed_package_information.package_discovery:Found 0 installed packages in /home/michfiona2002/ros2_ws/install
[2.012s] DEBUG:colcon.colcon_installed_package_information.package_discovery:Found 2 installed packages in /home/michfiona2002/dojo_robotics_2025/install
[2.015s] DEBUG:colcon.colcon_installed_package_information.package_discovery:Found 295 installed packages in /opt/ros/humble
[2.019s] Level 1:colcon.colcon_core.package_discovery:discover_packages(prefix_path) using defaults
[2.166s] Level 5:colcon.colcon_core.verb:set package 'cpp_pubsub' build argument 'cmake_args' from command line to 'None'
[2.166s] Level 5:colcon.colcon_core.verb:set package 'cpp_pubsub' build argument 'cmake_target' from command line to 'None'
[2.167s] Level 5:colcon.colcon_core.verb:set package 'cpp_pubsub' build argument 'cmake_target_skip_unavailable' from command line to 'False'
[2.167s] Level 5:colcon.colcon_core.verb:set package 'cpp_pubsub' build argument 'cmake_clean_cache' from command line to 'False'
[2.167s] Level 5:colcon.colcon_core.verb:set package 'cpp_pubsub' build argument 'cmake_clean_first' from command line to 'False'
[2.167s] Level 5:colcon.colcon_core.verb:set package 'cpp_pubsub' build argument 'cmake_force_configure' from command line to 'False'
[2.167s] Level 5:colcon.colcon_core.verb:set package 'cpp_pubsub' build argument 'ament_cmake_args' from command line to 'None'
[2.167s] Level 5:colcon.colcon_core.verb:set package 'cpp_pubsub' build argument 'catkin_cmake_args' from command line to 'None'
[2.167s] Level 5:colcon.colcon_core.verb:set package 'cpp_pubsub' build argument 'catkin_skip_building_tests' from command line to 'False'
[2.167s] DEBUG:colcon.colcon_core.verb:Building package 'cpp_pubsub' with the following arguments: {'ament_cmake_args': None, 'build_base': '/home/michfiona2002/ros2_ws/build/cpp_pubsub', 'catkin_cmake_args': None, 'catkin_skip_building_tests': False, 'cmake_args': None, 'cmake_clean_cache': False, 'cmake_clean_first': False, 'cmake_force_configure': False, 'cmake_target': None, 'cmake_target_skip_unavailable': False, 'install_base': '/home/michfiona2002/ros2_ws/install/cpp_pubsub', 'merge_install': False, 'path': '/home/michfiona2002/ros2_ws/src/cpp_pubsub', 'symlink_install': False, 'test_result_base': None}
[2.168s] INFO:colcon.colcon_core.executor:Executing jobs using 'parallel' executor
[2.170s] DEBUG:colcon.colcon_parallel_executor.executor.parallel:run_until_complete
[2.171s] INFO:colcon.colcon_ros.task.ament_cmake.build:Building ROS package in '/home/michfiona2002/ros2_ws/src/cpp_pubsub' with build type 'ament_cmake'
[2.171s] INFO:colcon.colcon_cmake.task.cmake.build:Building CMake package in '/home/michfiona2002/ros2_ws/src/cpp_pubsub'
[2.189s] INFO:colcon.colcon_core.plugin_system:Skipping extension 'colcon_core.shell.bat': Not used on non-Windows systems
[2.190s] INFO:colcon.colcon_core.shell:Skip shell extension 'powershell' for command environment: Not usable outside of PowerShell
[2.190s] DEBUG:colcon.colcon_core.shell:Skip shell extension 'dsv' for command environment
[2.232s] DEBUG:colcon.colcon_core.event_handler.log_command:Invoking command in '/home/michfiona2002/ros2_ws/build/cpp_pubsub': CMAKE_PREFIX_PATH=${CMAKE_PREFIX_PATH}:/home/michfiona2002/dojo_robotics_2025/install/my_robot_package:/opt/ros/humble /usr/bin/cmake /home/michfiona2002/ros2_ws/src/cpp_pubsub -DCMAKE_INSTALL_PREFIX=/home/michfiona2002/ros2_ws/install/cpp_pubsub
[20.930s] DEBUG:colcon.colcon_core.event_handler.log_command:Invoked command in '/home/michfiona2002/ros2_ws/build/cpp_pubsub' returned '0': CMAKE_PREFIX_PATH=${CMAKE_PREFIX_PATH}:/home/michfiona2002/dojo_robotics_2025/install/my_robot_package:/opt/ros/humble /usr/bin/cmake /home/michfiona2002/ros2_ws/src/cpp_pubsub -DCMAKE_INSTALL_PREFIX=/home/michfiona2002/ros2_ws/install/cpp_pubsub
[20.936s] DEBUG:colcon.colcon_core.event_handler.log_command:Invoking command in '/home/michfiona2002/ros2_ws/build/cpp_pubsub': CMAKE_PREFIX_PATH=${CMAKE_PREFIX_PATH}:/home/michfiona2002/dojo_robotics_2025/install/my_robot_package:/opt/ros/humble /usr/bin/cmake --build /home/michfiona2002/ros2_ws/build/cpp_pubsub -- -j8 -l8
[44.821s] DEBUG:colcon.colcon_core.event_handler.log_command:Invoked command in '/home/michfiona2002/ros2_ws/build/cpp_pubsub' returned '0': CMAKE_PREFIX_PATH=${CMAKE_PREFIX_PATH}:/home/michfiona2002/dojo_robotics_2025/install/my_robot_package:/opt/ros/humble /usr/bin/cmake --build /home/michfiona2002/ros2_ws/build/cpp_pubsub -- -j8 -l8
[44.846s] DEBUG:colcon.colcon_core.event_handler.log_command:Invoking command in '/home/michfiona2002/ros2_ws/build/cpp_pubsub': CMAKE_PREFIX_PATH=${CMAKE_PREFIX_PATH}:/home/michfiona2002/dojo_robotics_2025/install/my_robot_package:/opt/ros/humble /usr/bin/cmake --install /home/michfiona2002/ros2_ws/build/cpp_pubsub
[44.911s] Level 1:colcon.colcon_core.environment:create_environment_scripts_only(cpp_pubsub)
[44.912s] DEBUG:colcon.colcon_core.event_handler.log_command:Invoked command in '/home/michfiona2002/ros2_ws/build/cpp_pubsub' returned '0': CMAKE_PREFIX_PATH=${CMAKE_PREFIX_PATH}:/home/michfiona2002/dojo_robotics_2025/install/my_robot_package:/opt/ros/humble /usr/bin/cmake --install /home/michfiona2002/ros2_ws/build/cpp_pubsub
[44.931s] Level 1:colcon.colcon_core.environment:checking '/home/michfiona2002/ros2_ws/install/cpp_pubsub' for CMake module files
[44.932s] Level 1:colcon.colcon_core.environment:checking '/home/michfiona2002/ros2_ws/install/cpp_pubsub' for CMake config files
[44.933s] Level 1:colcon.colcon_core.shell:create_environment_hook('cpp_pubsub', 'cmake_prefix_path')
[44.933s] INFO:colcon.colcon_core.shell:Creating environment hook '/home/michfiona2002/ros2_ws/install/cpp_pubsub/share/cpp_pubsub/hook/cmake_prefix_path.ps1'
[44.937s] INFO:colcon.colcon_core.shell:Creating environment descriptor '/home/michfiona2002/ros2_ws/install/cpp_pubsub/share/cpp_pubsub/hook/cmake_prefix_path.dsv'
[44.940s] INFO:colcon.colcon_core.shell:Creating environment hook '/home/michfiona2002/ros2_ws/install/cpp_pubsub/share/cpp_pubsub/hook/cmake_prefix_path.sh'
[44.942s] Level 1:colcon.colcon_core.environment:checking '/home/michfiona2002/ros2_ws/install/cpp_pubsub/lib'
[44.942s] Level 1:colcon.colcon_core.environment:checking '/home/michfiona2002/ros2_ws/install/cpp_pubsub/bin'
[44.943s] Level 1:colcon.colcon_core.environment:checking '/home/michfiona2002/ros2_ws/install/cpp_pubsub/lib/pkgconfig/cpp_pubsub.pc'
[44.943s] Level 1:colcon.colcon_core.environment:checking '/home/michfiona2002/ros2_ws/install/cpp_pubsub/lib/python3.10/site-packages'
[44.944s] Level 1:colcon.colcon_core.environment:checking '/home/michfiona2002/ros2_ws/install/cpp_pubsub/bin'
[44.944s] INFO:colcon.colcon_core.shell:Creating package script '/home/michfiona2002/ros2_ws/install/cpp_pubsub/share/cpp_pubsub/package.ps1'
[44.948s] INFO:colcon.colcon_core.shell:Creating package descriptor '/home/michfiona2002/ros2_ws/install/cpp_pubsub/share/cpp_pubsub/package.dsv'
[44.950s] INFO:colcon.colcon_core.shell:Creating package script '/home/michfiona2002/ros2_ws/install/cpp_pubsub/share/cpp_pubsub/package.sh'
[44.953s] INFO:colcon.colcon_core.shell:Creating package script '/home/michfiona2002/ros2_ws/install/cpp_pubsub/share/cpp_pubsub/package.bash'
[44.956s] INFO:colcon.colcon_core.shell:Creating package script '/home/michfiona2002/ros2_ws/install/cpp_pubsub/share/cpp_pubsub/package.zsh'
[44.959s] Level 1:colcon.colcon_core.environment:create_file_with_runtime_dependencies(/home/michfiona2002/ros2_ws/install/cpp_pubsub/share/colcon-core/packages/cpp_pubsub)
[44.962s] Level 1:colcon.colcon_core.environment:create_environment_scripts_only(cpp_pubsub)
[44.963s] Level 1:colcon.colcon_core.environment:checking '/home/michfiona2002/ros2_ws/install/cpp_pubsub' for CMake module files
[44.965s] Level 1:colcon.colcon_core.environment:checking '/home/michfiona2002/ros2_ws/install/cpp_pubsub' for CMake config files
[44.966s] Level 1:colcon.colcon_core.shell:create_environment_hook('cpp_pubsub', 'cmake_prefix_path')
[44.966s] INFO:colcon.colcon_core.shell:Creating environment hook '/home/michfiona2002/ros2_ws/install/cpp_pubsub/share/cpp_pubsub/hook/cmake_prefix_path.ps1'
[44.967s] INFO:colcon.colcon_core.shell:Creating environment descriptor '/home/michfiona2002/ros2_ws/install/cpp_pubsub/share/cpp_pubsub/hook/cmake_prefix_path.dsv'
[44.968s] INFO:colcon.colcon_core.shell:Creating environment hook '/home/michfiona2002/ros2_ws/install/cpp_pubsub/share/cpp_pubsub/hook/cmake_prefix_path.sh'
[44.970s] Level 1:colcon.colcon_core.environment:checking '/home/michfiona2002/ros2_ws/install/cpp_pubsub/lib'
[44.970s] Level 1:colcon.colcon_core.environment:checking '/home/michfiona2002/ros2_ws/install/cpp_pubsub/bin'
[44.970s] Level 1:colcon.colcon_core.environment:checking '/home/michfiona2002/ros2_ws/install/cpp_pubsub/lib/pkgconfig/cpp_pubsub.pc'
[44.971s] Level 1:colcon.colcon_core.environment:checking '/home/michfiona2002/ros2_ws/install/cpp_pubsub/lib/python3.10/site-packages'
[44.971s] Level 1:colcon.colcon_core.environment:checking '/home/michfiona2002/ros2_ws/install/cpp_pubsub/bin'
[44.972s] INFO:colcon.colcon_core.shell:Creating package script '/home/michfiona2002/ros2_ws/install/cpp_pubsub/share/cpp_pubsub/package.ps1'
[44.974s] INFO:colcon.colcon_core.shell:Creating package descriptor '/home/michfiona2002/ros2_ws/install/cpp_pubsub/share/cpp_pubsub/package.dsv'
[44.976s] INFO:colcon.colcon_core.shell:Creating package script '/home/michfiona2002/ros2_ws/install/cpp_pubsub/share/cpp_pubsub/package.sh'
[44.977s] INFO:colcon.colcon_core.shell:Creating package script '/home/michfiona2002/ros2_ws/install/cpp_pubsub/share/cpp_pubsub/package.bash'
[44.978s] INFO:colcon.colcon_core.shell:Creating package script '/home/michfiona2002/ros2_ws/install/cpp_pubsub/share/cpp_pubsub/package.zsh'
[44.979s] Level 1:colcon.colcon_core.environment:create_file_with_runtime_dependencies(/home/michfiona2002/ros2_ws/install/cpp_pubsub/share/colcon-core/packages/cpp_pubsub)
[44.979s] DEBUG:colcon.colcon_parallel_executor.executor.parallel:closing loop
[44.980s] DEBUG:colcon.colcon_parallel_executor.executor.parallel:loop closed
[44.980s] DEBUG:colcon.colcon_parallel_executor.executor.parallel:run_until_complete finished with '0'
[44.982s] DEBUG:colcon.colcon_core.event_reactor:joining thread
[45.092s] INFO:colcon.colcon_core.plugin_system:Skipping extension 'colcon_notification.desktop_notification.notify_send': Could not find 'notify-send'
[45.092s] INFO:colcon.colcon_core.plugin_system:Skipping extension 'colcon_notification.desktop_notification.terminal_notifier': Not used on non-Darwin systems
[45.092s] INFO:colcon.colcon_core.plugin_system:Skipping extension 'colcon_notification.desktop_notification.win32': Not used on non-Windows systems
[45.093s] INFO:colcon.colcon_notification.desktop_notification:Sending desktop notification using 'notify2'
[45.095s] DEBUG:colcon.colcon_notification.desktop_notification.notify2:Failed to initialize notify2: org.freedesktop.DBus.Error.FileNotFound: Failed to connect to socket /run/user/1000/bus: No such file or directory
[45.095s] DEBUG:colcon.colcon_core.event_reactor:joined thread
[45.096s] INFO:colcon.colcon_core.shell:Creating prefix script '/home/michfiona2002/ros2_ws/install/local_setup.ps1'
[45.099s] INFO:colcon.colcon_core.shell:Creating prefix util module '/home/michfiona2002/ros2_ws/install/_local_setup_util_ps1.py'
[45.103s] INFO:colcon.colcon_core.shell:Creating prefix chain script '/home/michfiona2002/ros2_ws/install/setup.ps1'
[45.106s] INFO:colcon.colcon_core.shell:Creating prefix script '/home/michfiona2002/ros2_ws/install/local_setup.sh'
[45.109s] INFO:colcon.colcon_core.shell:Creating prefix util module '/home/michfiona2002/ros2_ws/install/_local_setup_util_sh.py'
[45.111s] INFO:colcon.colcon_core.shell:Creating prefix chain script '/home/michfiona2002/ros2_ws/install/setup.sh'
[45.115s] INFO:colcon.colcon_core.shell:Creating prefix script '/home/michfiona2002/ros2_ws/install/local_setup.bash'
[45.117s] INFO:colcon.colcon_core.shell:Creating prefix chain script '/home/michfiona2002/ros2_ws/install/setup.bash'
[45.121s] INFO:colcon.colcon_core.shell:Creating prefix script '/home/michfiona2002/ros2_ws/install/local_setup.zsh'
[45.123s] INFO:colcon.colcon_core.shell:Creating prefix chain script '/home/michfiona2002/ros2_ws/install/setup.zsh'
