[0.262s] DEBUG:colcon:Command line arguments: ['/usr/bin/colcon', 'build']
[0.268s] DEBUG:colcon:Parsed command line arguments: Namespace(log_base=None, log_level=None, verb_name='build', build_base='build', install_base='install', merge_install=False, symlink_install=False, test_result_base=None, continue_on_error=False, executor='parallel', parallel_workers=4, event_handlers=None, ignore_user_meta=False, metas=['./colcon.meta'], base_paths=['.'], packages_ignore=None, packages_ignore_regex=None, paths=None, packages_up_to=None, packages_up_to_regex=None, packages_above=None, packages_above_and_dependencies=None, packages_above_depth=None, packages_select_by_dep=None, packages_skip_by_dep=None, packages_skip_up_to=None, packages_select_build_failed=False, packages_skip_build_finished=False, packages_select_test_failures=False, packages_skip_test_passed=False, packages_select=None, packages_skip=None, packages_select_regex=None, packages_skip_regex=None, packages_start=None, packages_end=None, allow_overriding=[], cmake_args=None, cmake_target=None, cmake_target_skip_unavailable=False, cmake_clean_cache=False, cmake_clean_first=False, cmake_force_configure=False, ament_cmake_args=None, catkin_cmake_args=None, catkin_skip_building_tests=False, mixin_files=None, mixin=None, verb_parser=<colcon_mixin.mixin.mixin_argument.MixinArgumentDecorator object at 0x7ddfea650af0>, verb_extension=<colcon_core.verb.build.BuildVerb object at 0x7ddfea5d1f90>, main=<bound method BuildVerb.main of <colcon_core.verb.build.BuildVerb object at 0x7ddfea5d1f90>>, mixin_verb=('build',))
[0.610s] Level 1:colcon.colcon_core.package_discovery:discover_packages(colcon_meta) check parameters
[0.610s] Level 1:colcon.colcon_core.package_discovery:discover_packages(recursive) check parameters
[0.610s] Level 1:colcon.colcon_core.package_discovery:discover_packages(ignore) check parameters
[0.610s] Level 1:colcon.colcon_core.package_discovery:discover_packages(path) check parameters
[0.610s] Level 1:colcon.colcon_core.package_discovery:discover_packages(colcon_meta) discover
[0.610s] Level 1:colcon.colcon_core.package_discovery:discover_packages(recursive) discover
[0.610s] INFO:colcon.colcon_core.package_discovery:Crawling recursively for packages in '/home/caleb253/internship2025/caleb_ros2_ws/src'
[0.611s] Level 1:colcon.colcon_core.package_identification:_identify(.) by extensions ['ignore', 'ignore_ament_install']
[0.611s] Level 1:colcon.colcon_core.package_identification:_identify(.) by extension 'ignore'
[0.611s] Level 1:colcon.colcon_core.package_identification:_identify(.) by extension 'ignore_ament_install'
[0.611s] Level 1:colcon.colcon_core.package_identification:_identify(.) by extensions ['colcon_pkg']
[0.611s] Level 1:colcon.colcon_core.package_identification:_identify(.) by extension 'colcon_pkg'
[0.611s] Level 1:colcon.colcon_core.package_identification:_identify(.) by extensions ['colcon_meta']
[0.611s] Level 1:colcon.colcon_core.package_identification:_identify(.) by extension 'colcon_meta'
[0.611s] Level 1:colcon.colcon_core.package_identification:_identify(.) by extensions ['ros']
[0.612s] Level 1:colcon.colcon_core.package_identification:_identify(.) by extension 'ros'
[0.642s] Level 1:colcon.colcon_core.package_identification:_identify(.) by extensions ['cmake', 'python']
[0.642s] Level 1:colcon.colcon_core.package_identification:_identify(.) by extension 'cmake'
[0.642s] Level 1:colcon.colcon_core.package_identification:_identify(.) by extension 'python'
[0.642s] Level 1:colcon.colcon_core.package_identification:_identify(.) by extensions ['python_setup_py']
[0.643s] Level 1:colcon.colcon_core.package_identification:_identify(.) by extension 'python_setup_py'
[0.643s] Level 1:colcon.colcon_core.package_identification:_identify(build) by extensions ['ignore', 'ignore_ament_install']
[0.643s] Level 1:colcon.colcon_core.package_identification:_identify(build) by extension 'ignore'
[0.643s] Level 1:colcon.colcon_core.package_identification:_identify(build) ignored
[0.643s] Level 1:colcon.colcon_core.package_identification:_identify(install) by extensions ['ignore', 'ignore_ament_install']
[0.644s] Level 1:colcon.colcon_core.package_identification:_identify(install) by extension 'ignore'
[0.644s] Level 1:colcon.colcon_core.package_identification:_identify(install) ignored
[0.644s] Level 1:colcon.colcon_core.package_identification:_identify(listener) by extensions ['ignore', 'ignore_ament_install']
[0.645s] Level 1:colcon.colcon_core.package_identification:_identify(listener) by extension 'ignore'
[0.645s] Level 1:colcon.colcon_core.package_identification:_identify(listener) by extension 'ignore_ament_install'
[0.645s] Level 1:colcon.colcon_core.package_identification:_identify(listener) by extensions ['colcon_pkg']
[0.645s] Level 1:colcon.colcon_core.package_identification:_identify(listener) by extension 'colcon_pkg'
[0.646s] Level 1:colcon.colcon_core.package_identification:_identify(listener) by extensions ['colcon_meta']
[0.646s] Level 1:colcon.colcon_core.package_identification:_identify(listener) by extension 'colcon_meta'
[0.646s] Level 1:colcon.colcon_core.package_identification:_identify(listener) by extensions ['ros']
[0.646s] Level 1:colcon.colcon_core.package_identification:_identify(listener) by extension 'ros'
[0.650s] DEBUG:colcon.colcon_core.package_identification:Package 'listener' with type 'ros.ament_python' and name 'listener'
[0.650s] Level 1:colcon.colcon_core.package_identification:_identify(log) by extensions ['ignore', 'ignore_ament_install']
[0.650s] Level 1:colcon.colcon_core.package_identification:_identify(log) by extension 'ignore'
[0.650s] Level 1:colcon.colcon_core.package_identification:_identify(log) ignored
[0.650s] Level 1:colcon.colcon_core.package_identification:_identify(robotic_dojo) by extensions ['ignore', 'ignore_ament_install']
[0.651s] Level 1:colcon.colcon_core.package_identification:_identify(robotic_dojo) by extension 'ignore'
[0.651s] Level 1:colcon.colcon_core.package_identification:_identify(robotic_dojo) by extension 'ignore_ament_install'
[0.651s] Level 1:colcon.colcon_core.package_identification:_identify(robotic_dojo) by extensions ['colcon_pkg']
[0.651s] Level 1:colcon.colcon_core.package_identification:_identify(robotic_dojo) by extension 'colcon_pkg'
[0.651s] Level 1:colcon.colcon_core.package_identification:_identify(robotic_dojo) by extensions ['colcon_meta']
[0.651s] Level 1:colcon.colcon_core.package_identification:_identify(robotic_dojo) by extension 'colcon_meta'
[0.651s] Level 1:colcon.colcon_core.package_identification:_identify(robotic_dojo) by extensions ['ros']
[0.651s] Level 1:colcon.colcon_core.package_identification:_identify(robotic_dojo) by extension 'ros'
[0.652s] DEBUG:colcon.colcon_core.package_identification:Package 'robotic_dojo' with type 'ros.ament_python' and name 'robotic_dojo'
[0.652s] Level 1:colcon.colcon_core.package_identification:_identify(talker) by extensions ['ignore', 'ignore_ament_install']
[0.653s] Level 1:colcon.colcon_core.package_identification:_identify(talker) by extension 'ignore'
[0.653s] Level 1:colcon.colcon_core.package_identification:_identify(talker) by extension 'ignore_ament_install'
[0.653s] Level 1:colcon.colcon_core.package_identification:_identify(talker) by extensions ['colcon_pkg']
[0.653s] Level 1:colcon.colcon_core.package_identification:_identify(talker) by extension 'colcon_pkg'
[0.653s] Level 1:colcon.colcon_core.package_identification:_identify(talker) by extensions ['colcon_meta']
[0.653s] Level 1:colcon.colcon_core.package_identification:_identify(talker) by extension 'colcon_meta'
[0.653s] Level 1:colcon.colcon_core.package_identification:_identify(talker) by extensions ['ros']
[0.653s] Level 1:colcon.colcon_core.package_identification:_identify(talker) by extension 'ros'
[0.654s] DEBUG:colcon.colcon_core.package_identification:Package 'talker' with type 'ros.ament_python' and name 'talker'
[0.654s] Level 1:colcon.colcon_core.package_discovery:discover_packages(recursive) using defaults
[0.655s] Level 1:colcon.colcon_core.package_discovery:discover_packages(ignore) discover
[0.655s] Level 1:colcon.colcon_core.package_discovery:discover_packages(ignore) using defaults
[0.655s] Level 1:colcon.colcon_core.package_discovery:discover_packages(path) discover
[0.655s] Level 1:colcon.colcon_core.package_discovery:discover_packages(path) using defaults
[0.688s] Level 1:colcon.colcon_core.package_discovery:discover_packages(prefix_path) check parameters
[0.688s] Level 1:colcon.colcon_core.package_discovery:discover_packages(prefix_path) discover
[0.693s] DEBUG:colcon.colcon_installed_package_information.package_discovery:Found 4 installed packages in /home/caleb253/internship2025/caleb_ros2_ws/install
[0.696s] DEBUG:colcon.colcon_installed_package_information.package_discovery:Found 420 installed packages in /opt/ros/humble
[0.699s] Level 1:colcon.colcon_core.package_discovery:discover_packages(prefix_path) using defaults
[0.780s] Level 5:colcon.colcon_core.verb:set package 'listener' build argument 'cmake_args' from command line to 'None'
[0.780s] Level 5:colcon.colcon_core.verb:set package 'listener' build argument 'cmake_target' from command line to 'None'
[0.780s] Level 5:colcon.colcon_core.verb:set package 'listener' build argument 'cmake_target_skip_unavailable' from command line to 'False'
[0.780s] Level 5:colcon.colcon_core.verb:set package 'listener' build argument 'cmake_clean_cache' from command line to 'False'
[0.780s] Level 5:colcon.colcon_core.verb:set package 'listener' build argument 'cmake_clean_first' from command line to 'False'
[0.780s] Level 5:colcon.colcon_core.verb:set package 'listener' build argument 'cmake_force_configure' from command line to 'False'
[0.780s] Level 5:colcon.colcon_core.verb:set package 'listener' build argument 'ament_cmake_args' from command line to 'None'
[0.780s] Level 5:colcon.colcon_core.verb:set package 'listener' build argument 'catkin_cmake_args' from command line to 'None'
[0.781s] Level 5:colcon.colcon_core.verb:set package 'listener' build argument 'catkin_skip_building_tests' from command line to 'False'
[0.781s] DEBUG:colcon.colcon_core.verb:Building package 'listener' with the following arguments: {'ament_cmake_args': None, 'build_base': '/home/caleb253/internship2025/caleb_ros2_ws/src/build/listener', 'catkin_cmake_args': None, 'catkin_skip_building_tests': False, 'cmake_args': None, 'cmake_clean_cache': False, 'cmake_clean_first': False, 'cmake_force_configure': False, 'cmake_target': None, 'cmake_target_skip_unavailable': False, 'install_base': '/home/caleb253/internship2025/caleb_ros2_ws/src/install/listener', 'merge_install': False, 'path': '/home/caleb253/internship2025/caleb_ros2_ws/src/listener', 'symlink_install': False, 'test_result_base': None}
[0.781s] Level 5:colcon.colcon_core.verb:set package 'robotic_dojo' build argument 'cmake_args' from command line to 'None'
[0.781s] Level 5:colcon.colcon_core.verb:set package 'robotic_dojo' build argument 'cmake_target' from command line to 'None'
[0.781s] Level 5:colcon.colcon_core.verb:set package 'robotic_dojo' build argument 'cmake_target_skip_unavailable' from command line to 'False'
[0.781s] Level 5:colcon.colcon_core.verb:set package 'robotic_dojo' build argument 'cmake_clean_cache' from command line to 'False'
[0.781s] Level 5:colcon.colcon_core.verb:set package 'robotic_dojo' build argument 'cmake_clean_first' from command line to 'False'
[0.781s] Level 5:colcon.colcon_core.verb:set package 'robotic_dojo' build argument 'cmake_force_configure' from command line to 'False'
[0.781s] Level 5:colcon.colcon_core.verb:set package 'robotic_dojo' build argument 'ament_cmake_args' from command line to 'None'
[0.781s] Level 5:colcon.colcon_core.verb:set package 'robotic_dojo' build argument 'catkin_cmake_args' from command line to 'None'
[0.781s] Level 5:colcon.colcon_core.verb:set package 'robotic_dojo' build argument 'catkin_skip_building_tests' from command line to 'False'
[0.782s] DEBUG:colcon.colcon_core.verb:Building package 'robotic_dojo' with the following arguments: {'ament_cmake_args': None, 'build_base': '/home/caleb253/internship2025/caleb_ros2_ws/src/build/robotic_dojo', 'catkin_cmake_args': None, 'catkin_skip_building_tests': False, 'cmake_args': None, 'cmake_clean_cache': False, 'cmake_clean_first': False, 'cmake_force_configure': False, 'cmake_target': None, 'cmake_target_skip_unavailable': False, 'install_base': '/home/caleb253/internship2025/caleb_ros2_ws/src/install/robotic_dojo', 'merge_install': False, 'path': '/home/caleb253/internship2025/caleb_ros2_ws/src/robotic_dojo', 'symlink_install': False, 'test_result_base': None}
[0.782s] Level 5:colcon.colcon_core.verb:set package 'talker' build argument 'cmake_args' from command line to 'None'
[0.783s] Level 5:colcon.colcon_core.verb:set package 'talker' build argument 'cmake_target' from command line to 'None'
[0.783s] Level 5:colcon.colcon_core.verb:set package 'talker' build argument 'cmake_target_skip_unavailable' from command line to 'False'
[0.783s] Level 5:colcon.colcon_core.verb:set package 'talker' build argument 'cmake_clean_cache' from command line to 'False'
[0.783s] Level 5:colcon.colcon_core.verb:set package 'talker' build argument 'cmake_clean_first' from command line to 'False'
[0.783s] Level 5:colcon.colcon_core.verb:set package 'talker' build argument 'cmake_force_configure' from command line to 'False'
[0.783s] Level 5:colcon.colcon_core.verb:set package 'talker' build argument 'ament_cmake_args' from command line to 'None'
[0.783s] Level 5:colcon.colcon_core.verb:set package 'talker' build argument 'catkin_cmake_args' from command line to 'None'
[0.783s] Level 5:colcon.colcon_core.verb:set package 'talker' build argument 'catkin_skip_building_tests' from command line to 'False'
[0.783s] DEBUG:colcon.colcon_core.verb:Building package 'talker' with the following arguments: {'ament_cmake_args': None, 'build_base': '/home/caleb253/internship2025/caleb_ros2_ws/src/build/talker', 'catkin_cmake_args': None, 'catkin_skip_building_tests': False, 'cmake_args': None, 'cmake_clean_cache': False, 'cmake_clean_first': False, 'cmake_force_configure': False, 'cmake_target': None, 'cmake_target_skip_unavailable': False, 'install_base': '/home/caleb253/internship2025/caleb_ros2_ws/src/install/talker', 'merge_install': False, 'path': '/home/caleb253/internship2025/caleb_ros2_ws/src/talker', 'symlink_install': False, 'test_result_base': None}
[0.783s] INFO:colcon.colcon_core.executor:Executing jobs using 'parallel' executor
[0.786s] DEBUG:colcon.colcon_parallel_executor.executor.parallel:run_until_complete
[0.786s] INFO:colcon.colcon_ros.task.ament_python.build:Building ROS package in '/home/caleb253/internship2025/caleb_ros2_ws/src/listener' with build type 'ament_python'
[0.787s] Level 1:colcon.colcon_core.shell:create_environment_hook('listener', 'ament_prefix_path')
[0.791s] INFO:colcon.colcon_core.plugin_system:Skipping extension 'colcon_core.shell.bat': Not used on non-Windows systems
[0.791s] INFO:colcon.colcon_core.shell:Creating environment hook '/home/caleb253/internship2025/caleb_ros2_ws/src/install/listener/share/listener/hook/ament_prefix_path.ps1'
[0.795s] INFO:colcon.colcon_core.shell:Creating environment descriptor '/home/caleb253/internship2025/caleb_ros2_ws/src/install/listener/share/listener/hook/ament_prefix_path.dsv'
[0.796s] INFO:colcon.colcon_core.shell:Creating environment hook '/home/caleb253/internship2025/caleb_ros2_ws/src/install/listener/share/listener/hook/ament_prefix_path.sh'
[0.798s] INFO:colcon.colcon_core.shell:Skip shell extension 'powershell' for command environment: Not usable outside of PowerShell
[0.799s] DEBUG:colcon.colcon_core.shell:Skip shell extension 'dsv' for command environment
[0.813s] INFO:colcon.colcon_ros.task.ament_python.build:Building ROS package in '/home/caleb253/internship2025/caleb_ros2_ws/src/robotic_dojo' with build type 'ament_python'
[0.813s] Level 1:colcon.colcon_core.shell:create_environment_hook('robotic_dojo', 'ament_prefix_path')
[0.814s] INFO:colcon.colcon_core.shell:Creating environment hook '/home/caleb253/internship2025/caleb_ros2_ws/src/install/robotic_dojo/share/robotic_dojo/hook/ament_prefix_path.ps1'
[0.821s] INFO:colcon.colcon_core.shell:Creating environment descriptor '/home/caleb253/internship2025/caleb_ros2_ws/src/install/robotic_dojo/share/robotic_dojo/hook/ament_prefix_path.dsv'
[0.822s] INFO:colcon.colcon_core.shell:Creating environment hook '/home/caleb253/internship2025/caleb_ros2_ws/src/install/robotic_dojo/share/robotic_dojo/hook/ament_prefix_path.sh'
[0.824s] INFO:colcon.colcon_core.shell:Skip shell extension 'powershell' for command environment: Not usable outside of PowerShell
[0.824s] DEBUG:colcon.colcon_core.shell:Skip shell extension 'dsv' for command environment
[0.839s] INFO:colcon.colcon_ros.task.ament_python.build:Building ROS package in '/home/caleb253/internship2025/caleb_ros2_ws/src/talker' with build type 'ament_python'
[0.839s] Level 1:colcon.colcon_core.shell:create_environment_hook('talker', 'ament_prefix_path')
[0.840s] INFO:colcon.colcon_core.shell:Creating environment hook '/home/caleb253/internship2025/caleb_ros2_ws/src/install/talker/share/talker/hook/ament_prefix_path.ps1'
[0.847s] INFO:colcon.colcon_core.shell:Creating environment descriptor '/home/caleb253/internship2025/caleb_ros2_ws/src/install/talker/share/talker/hook/ament_prefix_path.dsv'
[0.848s] INFO:colcon.colcon_core.shell:Creating environment hook '/home/caleb253/internship2025/caleb_ros2_ws/src/install/talker/share/talker/hook/ament_prefix_path.sh'
[0.850s] INFO:colcon.colcon_core.shell:Skip shell extension 'powershell' for command environment: Not usable outside of PowerShell
[0.851s] DEBUG:colcon.colcon_core.shell:Skip shell extension 'dsv' for command environment
[1.793s] INFO:colcon.colcon_core.task.python.build:Building Python package in '/home/caleb253/internship2025/caleb_ros2_ws/src/listener'
[1.794s] INFO:colcon.colcon_core.shell:Skip shell extension 'powershell' for command environment: Not usable outside of PowerShell
[1.794s] DEBUG:colcon.colcon_core.shell:Skip shell extension 'dsv' for command environment
[2.640s] INFO:colcon.colcon_core.task.python.build:Building Python package in '/home/caleb253/internship2025/caleb_ros2_ws/src/robotic_dojo'
[2.640s] INFO:colcon.colcon_core.shell:Skip shell extension 'powershell' for command environment: Not usable outside of PowerShell
[2.640s] DEBUG:colcon.colcon_core.shell:Skip shell extension 'dsv' for command environment
[3.264s] INFO:colcon.colcon_core.task.python.build:Building Python package in '/home/caleb253/internship2025/caleb_ros2_ws/src/talker'
[3.265s] INFO:colcon.colcon_core.shell:Skip shell extension 'powershell' for command environment: Not usable outside of PowerShell
[3.265s] DEBUG:colcon.colcon_core.shell:Skip shell extension 'dsv' for command environment
[4.704s] DEBUG:colcon.colcon_core.event_handler.log_command:Invoking command in '/home/caleb253/internship2025/caleb_ros2_ws/src/talker': PYTHONPATH=/home/caleb253/internship2025/caleb_ros2_ws/src/build/talker/prefix_override:/usr/lib/python3/dist-packages/colcon_core/task/python/colcon_distutils_commands:/home/caleb253/internship2025/caleb_ros2_ws/src/install/talker/lib/python3.10/site-packages:${PYTHONPATH} /usr/bin/python3 -W ignore:setup.py install is deprecated -W ignore:easy_install command is deprecated setup.py egg_info --egg-base ../build/talker build --build-base /home/caleb253/internship2025/caleb_ros2_ws/src/build/talker/build install --record /home/caleb253/internship2025/caleb_ros2_ws/src/build/talker/install.log --single-version-externally-managed install_data
[4.725s] DEBUG:colcon.colcon_core.event_handler.log_command:Invoking command in '/home/caleb253/internship2025/caleb_ros2_ws/src/robotic_dojo': PYTHONPATH=/home/caleb253/internship2025/caleb_ros2_ws/src/build/robotic_dojo/prefix_override:/usr/lib/python3/dist-packages/colcon_core/task/python/colcon_distutils_commands:/home/caleb253/internship2025/caleb_ros2_ws/src/install/robotic_dojo/lib/python3.10/site-packages:${PYTHONPATH} /usr/bin/python3 -W ignore:setup.py install is deprecated -W ignore:easy_install command is deprecated setup.py egg_info --egg-base ../build/robotic_dojo build --build-base /home/caleb253/internship2025/caleb_ros2_ws/src/build/robotic_dojo/build install --record /home/caleb253/internship2025/caleb_ros2_ws/src/build/robotic_dojo/install.log --single-version-externally-managed install_data
[4.732s] DEBUG:colcon.colcon_core.event_handler.log_command:Invoking command in '/home/caleb253/internship2025/caleb_ros2_ws/src/listener': PYTHONPATH=/home/caleb253/internship2025/caleb_ros2_ws/src/build/listener/prefix_override:/usr/lib/python3/dist-packages/colcon_core/task/python/colcon_distutils_commands:/home/caleb253/internship2025/caleb_ros2_ws/src/install/listener/lib/python3.10/site-packages:${PYTHONPATH} /usr/bin/python3 -W ignore:setup.py install is deprecated -W ignore:easy_install command is deprecated setup.py egg_info --egg-base ../build/listener build --build-base /home/caleb253/internship2025/caleb_ros2_ws/src/build/listener/build install --record /home/caleb253/internship2025/caleb_ros2_ws/src/build/listener/install.log --single-version-externally-managed install_data
[6.026s] DEBUG:colcon.colcon_core.event_handler.log_command:Invoked command in '/home/caleb253/internship2025/caleb_ros2_ws/src/talker' returned '0': PYTHONPATH=/home/caleb253/internship2025/caleb_ros2_ws/src/build/talker/prefix_override:/usr/lib/python3/dist-packages/colcon_core/task/python/colcon_distutils_commands:/home/caleb253/internship2025/caleb_ros2_ws/src/install/talker/lib/python3.10/site-packages:${PYTHONPATH} /usr/bin/python3 -W ignore:setup.py install is deprecated -W ignore:easy_install command is deprecated setup.py egg_info --egg-base ../build/talker build --build-base /home/caleb253/internship2025/caleb_ros2_ws/src/build/talker/build install --record /home/caleb253/internship2025/caleb_ros2_ws/src/build/talker/install.log --single-version-externally-managed install_data
[6.030s] Level 1:colcon.colcon_core.environment:checking '/home/caleb253/internship2025/caleb_ros2_ws/src/install/talker' for CMake module files
[6.032s] Level 1:colcon.colcon_core.environment:checking '/home/caleb253/internship2025/caleb_ros2_ws/src/install/talker' for CMake config files
[6.047s] Level 1:colcon.colcon_core.environment:checking '/home/caleb253/internship2025/caleb_ros2_ws/src/install/talker/lib'
[6.048s] Level 1:colcon.colcon_core.environment:checking '/home/caleb253/internship2025/caleb_ros2_ws/src/install/talker/bin'
[6.049s] Level 1:colcon.colcon_core.environment:checking '/home/caleb253/internship2025/caleb_ros2_ws/src/install/talker/lib/pkgconfig/talker.pc'
[6.050s] Level 1:colcon.colcon_core.environment:checking '/home/caleb253/internship2025/caleb_ros2_ws/src/install/talker/lib/python3.10/site-packages'
[6.050s] Level 1:colcon.colcon_core.shell:create_environment_hook('talker', 'pythonpath')
[6.052s] INFO:colcon.colcon_core.shell:Creating environment hook '/home/caleb253/internship2025/caleb_ros2_ws/src/install/talker/share/talker/hook/pythonpath.ps1'
[6.053s] INFO:colcon.colcon_core.shell:Creating environment descriptor '/home/caleb253/internship2025/caleb_ros2_ws/src/install/talker/share/talker/hook/pythonpath.dsv'
[6.067s] INFO:colcon.colcon_core.shell:Creating environment hook '/home/caleb253/internship2025/caleb_ros2_ws/src/install/talker/share/talker/hook/pythonpath.sh'
[6.069s] Level 1:colcon.colcon_core.environment:checking '/home/caleb253/internship2025/caleb_ros2_ws/src/install/talker/bin'
[6.070s] Level 1:colcon.colcon_core.environment:create_environment_scripts_only(talker)
[6.072s] INFO:colcon.colcon_core.shell:Creating package script '/home/caleb253/internship2025/caleb_ros2_ws/src/install/talker/share/talker/package.ps1'
[6.086s] INFO:colcon.colcon_core.shell:Creating package descriptor '/home/caleb253/internship2025/caleb_ros2_ws/src/install/talker/share/talker/package.dsv'
[6.088s] INFO:colcon.colcon_core.shell:Creating package script '/home/caleb253/internship2025/caleb_ros2_ws/src/install/talker/share/talker/package.sh'
[6.089s] INFO:colcon.colcon_core.shell:Creating package script '/home/caleb253/internship2025/caleb_ros2_ws/src/install/talker/share/talker/package.bash'
[6.091s] INFO:colcon.colcon_core.shell:Creating package script '/home/caleb253/internship2025/caleb_ros2_ws/src/install/talker/share/talker/package.zsh'
[6.093s] Level 1:colcon.colcon_core.environment:create_file_with_runtime_dependencies(/home/caleb253/internship2025/caleb_ros2_ws/src/install/talker/share/colcon-core/packages/talker)
[6.105s] Level 1:colcon.colcon_core.environment:checking '/home/caleb253/internship2025/caleb_ros2_ws/src/install/robotic_dojo' for CMake module files
[6.107s] DEBUG:colcon.colcon_core.event_handler.log_command:Invoked command in '/home/caleb253/internship2025/caleb_ros2_ws/src/robotic_dojo' returned '0': PYTHONPATH=/home/caleb253/internship2025/caleb_ros2_ws/src/build/robotic_dojo/prefix_override:/usr/lib/python3/dist-packages/colcon_core/task/python/colcon_distutils_commands:/home/caleb253/internship2025/caleb_ros2_ws/src/install/robotic_dojo/lib/python3.10/site-packages:${PYTHONPATH} /usr/bin/python3 -W ignore:setup.py install is deprecated -W ignore:easy_install command is deprecated setup.py egg_info --egg-base ../build/robotic_dojo build --build-base /home/caleb253/internship2025/caleb_ros2_ws/src/build/robotic_dojo/build install --record /home/caleb253/internship2025/caleb_ros2_ws/src/build/robotic_dojo/install.log --single-version-externally-managed install_data
[6.109s] Level 1:colcon.colcon_core.environment:checking '/home/caleb253/internship2025/caleb_ros2_ws/src/install/robotic_dojo' for CMake config files
[6.110s] Level 1:colcon.colcon_core.environment:checking '/home/caleb253/internship2025/caleb_ros2_ws/src/install/robotic_dojo/lib'
[6.111s] Level 1:colcon.colcon_core.environment:checking '/home/caleb253/internship2025/caleb_ros2_ws/src/install/robotic_dojo/bin'
[6.111s] Level 1:colcon.colcon_core.environment:checking '/home/caleb253/internship2025/caleb_ros2_ws/src/install/robotic_dojo/lib/pkgconfig/robotic_dojo.pc'
[6.112s] Level 1:colcon.colcon_core.environment:checking '/home/caleb253/internship2025/caleb_ros2_ws/src/install/robotic_dojo/lib/python3.10/site-packages'
[6.112s] Level 1:colcon.colcon_core.shell:create_environment_hook('robotic_dojo', 'pythonpath')
[6.113s] INFO:colcon.colcon_core.shell:Creating environment hook '/home/caleb253/internship2025/caleb_ros2_ws/src/install/robotic_dojo/share/robotic_dojo/hook/pythonpath.ps1'
[6.114s] INFO:colcon.colcon_core.shell:Creating environment descriptor '/home/caleb253/internship2025/caleb_ros2_ws/src/install/robotic_dojo/share/robotic_dojo/hook/pythonpath.dsv'
[6.116s] INFO:colcon.colcon_core.shell:Creating environment hook '/home/caleb253/internship2025/caleb_ros2_ws/src/install/robotic_dojo/share/robotic_dojo/hook/pythonpath.sh'
[6.117s] Level 1:colcon.colcon_core.environment:checking '/home/caleb253/internship2025/caleb_ros2_ws/src/install/robotic_dojo/bin'
[6.118s] Level 1:colcon.colcon_core.environment:create_environment_scripts_only(robotic_dojo)
[6.118s] INFO:colcon.colcon_core.shell:Creating package script '/home/caleb253/internship2025/caleb_ros2_ws/src/install/robotic_dojo/share/robotic_dojo/package.ps1'
[6.119s] INFO:colcon.colcon_core.shell:Creating package descriptor '/home/caleb253/internship2025/caleb_ros2_ws/src/install/robotic_dojo/share/robotic_dojo/package.dsv'
[6.120s] INFO:colcon.colcon_core.shell:Creating package script '/home/caleb253/internship2025/caleb_ros2_ws/src/install/robotic_dojo/share/robotic_dojo/package.sh'
[6.121s] INFO:colcon.colcon_core.shell:Creating package script '/home/caleb253/internship2025/caleb_ros2_ws/src/install/robotic_dojo/share/robotic_dojo/package.bash'
[6.122s] INFO:colcon.colcon_core.shell:Creating package script '/home/caleb253/internship2025/caleb_ros2_ws/src/install/robotic_dojo/share/robotic_dojo/package.zsh'
[6.124s] Level 1:colcon.colcon_core.environment:create_file_with_runtime_dependencies(/home/caleb253/internship2025/caleb_ros2_ws/src/install/robotic_dojo/share/colcon-core/packages/robotic_dojo)
[6.133s] Level 1:colcon.colcon_core.environment:checking '/home/caleb253/internship2025/caleb_ros2_ws/src/install/listener' for CMake module files
[6.136s] DEBUG:colcon.colcon_core.event_handler.log_command:Invoked command in '/home/caleb253/internship2025/caleb_ros2_ws/src/listener' returned '0': PYTHONPATH=/home/caleb253/internship2025/caleb_ros2_ws/src/build/listener/prefix_override:/usr/lib/python3/dist-packages/colcon_core/task/python/colcon_distutils_commands:/home/caleb253/internship2025/caleb_ros2_ws/src/install/listener/lib/python3.10/site-packages:${PYTHONPATH} /usr/bin/python3 -W ignore:setup.py install is deprecated -W ignore:easy_install command is deprecated setup.py egg_info --egg-base ../build/listener build --build-base /home/caleb253/internship2025/caleb_ros2_ws/src/build/listener/build install --record /home/caleb253/internship2025/caleb_ros2_ws/src/build/listener/install.log --single-version-externally-managed install_data
[6.137s] Level 1:colcon.colcon_core.environment:checking '/home/caleb253/internship2025/caleb_ros2_ws/src/install/listener' for CMake config files
[6.138s] Level 1:colcon.colcon_core.environment:checking '/home/caleb253/internship2025/caleb_ros2_ws/src/install/listener/lib'
[6.138s] Level 1:colcon.colcon_core.environment:checking '/home/caleb253/internship2025/caleb_ros2_ws/src/install/listener/bin'
[6.138s] Level 1:colcon.colcon_core.environment:checking '/home/caleb253/internship2025/caleb_ros2_ws/src/install/listener/lib/pkgconfig/listener.pc'
[6.139s] Level 1:colcon.colcon_core.environment:checking '/home/caleb253/internship2025/caleb_ros2_ws/src/install/listener/lib/python3.10/site-packages'
[6.139s] Level 1:colcon.colcon_core.shell:create_environment_hook('listener', 'pythonpath')
[6.140s] INFO:colcon.colcon_core.shell:Creating environment hook '/home/caleb253/internship2025/caleb_ros2_ws/src/install/listener/share/listener/hook/pythonpath.ps1'
[6.142s] INFO:colcon.colcon_core.shell:Creating environment descriptor '/home/caleb253/internship2025/caleb_ros2_ws/src/install/listener/share/listener/hook/pythonpath.dsv'
[6.143s] INFO:colcon.colcon_core.shell:Creating environment hook '/home/caleb253/internship2025/caleb_ros2_ws/src/install/listener/share/listener/hook/pythonpath.sh'
[6.145s] Level 1:colcon.colcon_core.environment:checking '/home/caleb253/internship2025/caleb_ros2_ws/src/install/listener/bin'
[6.146s] Level 1:colcon.colcon_core.environment:create_environment_scripts_only(listener)
[6.148s] INFO:colcon.colcon_core.shell:Creating package script '/home/caleb253/internship2025/caleb_ros2_ws/src/install/listener/share/listener/package.ps1'
[6.152s] INFO:colcon.colcon_core.shell:Creating package descriptor '/home/caleb253/internship2025/caleb_ros2_ws/src/install/listener/share/listener/package.dsv'
[6.153s] INFO:colcon.colcon_core.shell:Creating package script '/home/caleb253/internship2025/caleb_ros2_ws/src/install/listener/share/listener/package.sh'
[6.155s] INFO:colcon.colcon_core.shell:Creating package script '/home/caleb253/internship2025/caleb_ros2_ws/src/install/listener/share/listener/package.bash'
[6.157s] INFO:colcon.colcon_core.shell:Creating package script '/home/caleb253/internship2025/caleb_ros2_ws/src/install/listener/share/listener/package.zsh'
[6.158s] Level 1:colcon.colcon_core.environment:create_file_with_runtime_dependencies(/home/caleb253/internship2025/caleb_ros2_ws/src/install/listener/share/colcon-core/packages/listener)
[6.165s] DEBUG:colcon.colcon_parallel_executor.executor.parallel:closing loop
[6.166s] DEBUG:colcon.colcon_parallel_executor.executor.parallel:loop closed
[6.167s] DEBUG:colcon.colcon_parallel_executor.executor.parallel:run_until_complete finished with '0'
[6.167s] DEBUG:colcon.colcon_core.event_reactor:joining thread
[6.213s] INFO:colcon.colcon_core.plugin_system:Skipping extension 'colcon_notification.desktop_notification.notify_send': Could not find 'notify-send'
[6.213s] INFO:colcon.colcon_core.plugin_system:Skipping extension 'colcon_notification.desktop_notification.terminal_notifier': Not used on non-Darwin systems
[6.214s] INFO:colcon.colcon_core.plugin_system:Skipping extension 'colcon_notification.desktop_notification.win32': Not used on non-Windows systems
[6.214s] INFO:colcon.colcon_notification.desktop_notification:Sending desktop notification using 'notify2'
[6.214s] DEBUG:colcon.colcon_notification.desktop_notification.notify2:Failed to initialize notify2: org.freedesktop.DBus.Error.FileNotFound: Failed to connect to socket /run/user/1000/bus: No such file or directory
[6.214s] DEBUG:colcon.colcon_core.event_reactor:joined thread
[6.216s] INFO:colcon.colcon_core.shell:Creating prefix script '/home/caleb253/internship2025/caleb_ros2_ws/src/install/local_setup.ps1'
[6.219s] INFO:colcon.colcon_core.shell:Creating prefix util module '/home/caleb253/internship2025/caleb_ros2_ws/src/install/_local_setup_util_ps1.py'
[6.221s] INFO:colcon.colcon_core.shell:Creating prefix chain script '/home/caleb253/internship2025/caleb_ros2_ws/src/install/setup.ps1'
[6.223s] INFO:colcon.colcon_core.shell:Creating prefix script '/home/caleb253/internship2025/caleb_ros2_ws/src/install/local_setup.sh'
[6.224s] INFO:colcon.colcon_core.shell:Creating prefix util module '/home/caleb253/internship2025/caleb_ros2_ws/src/install/_local_setup_util_sh.py'
[6.225s] INFO:colcon.colcon_core.shell:Creating prefix chain script '/home/caleb253/internship2025/caleb_ros2_ws/src/install/setup.sh'
[6.228s] INFO:colcon.colcon_core.shell:Creating prefix script '/home/caleb253/internship2025/caleb_ros2_ws/src/install/local_setup.bash'
[6.229s] INFO:colcon.colcon_core.shell:Creating prefix chain script '/home/caleb253/internship2025/caleb_ros2_ws/src/install/setup.bash'
[6.232s] INFO:colcon.colcon_core.shell:Creating prefix script '/home/caleb253/internship2025/caleb_ros2_ws/src/install/local_setup.zsh'
[6.233s] INFO:colcon.colcon_core.shell:Creating prefix chain script '/home/caleb253/internship2025/caleb_ros2_ws/src/install/setup.zsh'
