[1.280s] DEBUG:colcon:Command line arguments: ['/usr/bin/colcon', 'build']
[1.280s] DEBUG:colcon:Parsed command line arguments: Namespace(log_base=None, log_level=None, verb_name='build', build_base='build', install_base='install', merge_install=False, symlink_install=False, test_result_base=None, continue_on_error=False, executor='parallel', parallel_workers=8, event_handlers=None, ignore_user_meta=False, metas=['./colcon.meta'], base_paths=['.'], packages_ignore=None, packages_ignore_regex=None, paths=None, packages_up_to=None, packages_up_to_regex=None, packages_above=None, packages_above_and_dependencies=None, packages_above_depth=None, packages_select_by_dep=None, packages_skip_by_dep=None, packages_skip_up_to=None, packages_select_build_failed=False, packages_skip_build_finished=False, packages_select_test_failures=False, packages_skip_test_passed=False, packages_select=None, packages_skip=None, packages_select_regex=None, packages_skip_regex=None, packages_start=None, packages_end=None, allow_overriding=[], cmake_args=None, cmake_target=None, cmake_target_skip_unavailable=False, cmake_clean_cache=False, cmake_clean_first=False, cmake_force_configure=False, ament_cmake_args=None, catkin_cmake_args=None, catkin_skip_building_tests=False, verb_parser=<colcon_defaults.argument_parser.defaults.DefaultArgumentsDecorator object at 0x76d6ce9d4250>, verb_extension=<colcon_core.verb.build.BuildVerb object at 0x76d6ceb5d630>, main=<bound method BuildVerb.main of <colcon_core.verb.build.BuildVerb object at 0x76d6ceb5d630>>)
[1.898s] Level 1:colcon.colcon_core.package_discovery:discover_packages(colcon_meta) check parameters
[1.898s] Level 1:colcon.colcon_core.package_discovery:discover_packages(recursive) check parameters
[1.898s] Level 1:colcon.colcon_core.package_discovery:discover_packages(ignore) check parameters
[1.898s] Level 1:colcon.colcon_core.package_discovery:discover_packages(path) check parameters
[1.898s] Level 1:colcon.colcon_core.package_discovery:discover_packages(colcon_meta) discover
[1.899s] Level 1:colcon.colcon_core.package_discovery:discover_packages(recursive) discover
[1.899s] INFO:colcon.colcon_core.package_discovery:Crawling recursively for packages in '/home/michfiona2002/ros2_ws'
[1.899s] Level 1:colcon.colcon_core.package_identification:_identify(.) by extensions ['ignore', 'ignore_ament_install']
[1.900s] Level 1:colcon.colcon_core.package_identification:_identify(.) by extension 'ignore'
[1.900s] Level 1:colcon.colcon_core.package_identification:_identify(.) by extension 'ignore_ament_install'
[1.901s] Level 1:colcon.colcon_core.package_identification:_identify(.) by extensions ['colcon_pkg']
[1.901s] Level 1:colcon.colcon_core.package_identification:_identify(.) by extension 'colcon_pkg'
[1.901s] Level 1:colcon.colcon_core.package_identification:_identify(.) by extensions ['colcon_meta']
[1.901s] Level 1:colcon.colcon_core.package_identification:_identify(.) by extension 'colcon_meta'
[1.901s] Level 1:colcon.colcon_core.package_identification:_identify(.) by extensions ['ros']
[1.901s] Level 1:colcon.colcon_core.package_identification:_identify(.) by extension 'ros'
[1.956s] Level 1:colcon.colcon_core.package_identification:_identify(.) by extensions ['cmake', 'python']
[1.956s] Level 1:colcon.colcon_core.package_identification:_identify(.) by extension 'cmake'
[1.956s] Level 1:colcon.colcon_core.package_identification:_identify(.) by extension 'python'
[1.957s] Level 1:colcon.colcon_core.package_identification:_identify(.) by extensions ['python_setup_py']
[1.957s] Level 1:colcon.colcon_core.package_identification:_identify(.) by extension 'python_setup_py'
[1.957s] Level 1:colcon.colcon_core.package_identification:_identify(build) by extensions ['ignore', 'ignore_ament_install']
[1.957s] Level 1:colcon.colcon_core.package_identification:_identify(build) by extension 'ignore'
[1.957s] Level 1:colcon.colcon_core.package_identification:_identify(build) ignored
[1.958s] Level 1:colcon.colcon_core.package_identification:_identify(install) by extensions ['ignore', 'ignore_ament_install']
[1.958s] Level 1:colcon.colcon_core.package_identification:_identify(install) by extension 'ignore'
[1.958s] Level 1:colcon.colcon_core.package_identification:_identify(install) ignored
[1.959s] Level 1:colcon.colcon_core.package_identification:_identify(listener) by extensions ['ignore', 'ignore_ament_install']
[1.959s] Level 1:colcon.colcon_core.package_identification:_identify(listener) by extension 'ignore'
[1.959s] Level 1:colcon.colcon_core.package_identification:_identify(listener) by extension 'ignore_ament_install'
[1.960s] Level 1:colcon.colcon_core.package_identification:_identify(listener) by extensions ['colcon_pkg']
[1.960s] Level 1:colcon.colcon_core.package_identification:_identify(listener) by extension 'colcon_pkg'
[1.960s] Level 1:colcon.colcon_core.package_identification:_identify(listener) by extensions ['colcon_meta']
[1.960s] Level 1:colcon.colcon_core.package_identification:_identify(listener) by extension 'colcon_meta'
[1.960s] Level 1:colcon.colcon_core.package_identification:_identify(listener) by extensions ['ros']
[1.960s] Level 1:colcon.colcon_core.package_identification:_identify(listener) by extension 'ros'
[1.971s] DEBUG:colcon.colcon_core.package_identification:Package 'listener' with type 'ros.ament_python' and name 'listener'
[1.972s] Level 1:colcon.colcon_core.package_identification:_identify(log) by extensions ['ignore', 'ignore_ament_install']
[1.972s] Level 1:colcon.colcon_core.package_identification:_identify(log) by extension 'ignore'
[1.972s] Level 1:colcon.colcon_core.package_identification:_identify(log) ignored
[1.973s] Level 1:colcon.colcon_core.package_identification:_identify(src) by extensions ['ignore', 'ignore_ament_install']
[1.973s] Level 1:colcon.colcon_core.package_identification:_identify(src) by extension 'ignore'
[1.973s] Level 1:colcon.colcon_core.package_identification:_identify(src) by extension 'ignore_ament_install'
[1.973s] Level 1:colcon.colcon_core.package_identification:_identify(src) by extensions ['colcon_pkg']
[1.973s] Level 1:colcon.colcon_core.package_identification:_identify(src) by extension 'colcon_pkg'
[1.974s] Level 1:colcon.colcon_core.package_identification:_identify(src) by extensions ['colcon_meta']
[1.974s] Level 1:colcon.colcon_core.package_identification:_identify(src) by extension 'colcon_meta'
[1.974s] Level 1:colcon.colcon_core.package_identification:_identify(src) by extensions ['ros']
[1.974s] Level 1:colcon.colcon_core.package_identification:_identify(src) by extension 'ros'
[1.974s] Level 1:colcon.colcon_core.package_identification:_identify(src) by extensions ['cmake', 'python']
[1.974s] Level 1:colcon.colcon_core.package_identification:_identify(src) by extension 'cmake'
[1.974s] Level 1:colcon.colcon_core.package_identification:_identify(src) by extension 'python'
[1.974s] Level 1:colcon.colcon_core.package_identification:_identify(src) by extensions ['python_setup_py']
[1.974s] Level 1:colcon.colcon_core.package_identification:_identify(src) by extension 'python_setup_py'
[1.975s] Level 1:colcon.colcon_core.package_identification:_identify(src/cpp_pubsub) by extensions ['ignore', 'ignore_ament_install']
[1.975s] Level 1:colcon.colcon_core.package_identification:_identify(src/cpp_pubsub) by extension 'ignore'
[1.975s] Level 1:colcon.colcon_core.package_identification:_identify(src/cpp_pubsub) by extension 'ignore_ament_install'
[1.975s] Level 1:colcon.colcon_core.package_identification:_identify(src/cpp_pubsub) by extensions ['colcon_pkg']
[1.975s] Level 1:colcon.colcon_core.package_identification:_identify(src/cpp_pubsub) by extension 'colcon_pkg'
[1.976s] Level 1:colcon.colcon_core.package_identification:_identify(src/cpp_pubsub) by extensions ['colcon_meta']
[1.976s] Level 1:colcon.colcon_core.package_identification:_identify(src/cpp_pubsub) by extension 'colcon_meta'
[1.976s] Level 1:colcon.colcon_core.package_identification:_identify(src/cpp_pubsub) by extensions ['ros']
[1.976s] Level 1:colcon.colcon_core.package_identification:_identify(src/cpp_pubsub) by extension 'ros'
[1.977s] DEBUG:colcon.colcon_core.package_identification:Package 'src/cpp_pubsub' with type 'ros.ament_cmake' and name 'cpp_pubsub'
[1.978s] Level 1:colcon.colcon_core.package_identification:_identify(talker) by extensions ['ignore', 'ignore_ament_install']
[1.978s] Level 1:colcon.colcon_core.package_identification:_identify(talker) by extension 'ignore'
[1.979s] Level 1:colcon.colcon_core.package_identification:_identify(talker) by extension 'ignore_ament_install'
[1.979s] Level 1:colcon.colcon_core.package_identification:_identify(talker) by extensions ['colcon_pkg']
[1.979s] Level 1:colcon.colcon_core.package_identification:_identify(talker) by extension 'colcon_pkg'
[1.979s] Level 1:colcon.colcon_core.package_identification:_identify(talker) by extensions ['colcon_meta']
[1.979s] Level 1:colcon.colcon_core.package_identification:_identify(talker) by extension 'colcon_meta'
[1.980s] Level 1:colcon.colcon_core.package_identification:_identify(talker) by extensions ['ros']
[1.980s] Level 1:colcon.colcon_core.package_identification:_identify(talker) by extension 'ros'
[1.983s] DEBUG:colcon.colcon_core.package_identification:Package 'talker' with type 'ros.ament_python' and name 'talker'
[1.984s] Level 1:colcon.colcon_core.package_discovery:discover_packages(recursive) using defaults
[1.984s] Level 1:colcon.colcon_core.package_discovery:discover_packages(ignore) discover
[1.984s] Level 1:colcon.colcon_core.package_discovery:discover_packages(ignore) using defaults
[1.984s] Level 1:colcon.colcon_core.package_discovery:discover_packages(path) discover
[1.984s] Level 1:colcon.colcon_core.package_discovery:discover_packages(path) using defaults
[2.065s] Level 1:colcon.colcon_core.package_discovery:discover_packages(prefix_path) check parameters
[2.066s] Level 1:colcon.colcon_core.package_discovery:discover_packages(prefix_path) discover
[2.073s] DEBUG:colcon.colcon_installed_package_information.package_discovery:Found 3 installed packages in /home/michfiona2002/ros2_ws/install
[2.075s] DEBUG:colcon.colcon_installed_package_information.package_discovery:Found 2 installed packages in /home/michfiona2002/dojo_robotics_2025/install
[2.080s] DEBUG:colcon.colcon_installed_package_information.package_discovery:Found 295 installed packages in /opt/ros/humble
[2.118s] Level 1:colcon.colcon_core.package_discovery:discover_packages(prefix_path) using defaults
[2.243s] Level 5:colcon.colcon_core.verb:set package 'cpp_pubsub' build argument 'cmake_args' from command line to 'None'
[2.243s] Level 5:colcon.colcon_core.verb:set package 'cpp_pubsub' build argument 'cmake_target' from command line to 'None'
[2.243s] Level 5:colcon.colcon_core.verb:set package 'cpp_pubsub' build argument 'cmake_target_skip_unavailable' from command line to 'False'
[2.243s] Level 5:colcon.colcon_core.verb:set package 'cpp_pubsub' build argument 'cmake_clean_cache' from command line to 'False'
[2.243s] Level 5:colcon.colcon_core.verb:set package 'cpp_pubsub' build argument 'cmake_clean_first' from command line to 'False'
[2.243s] Level 5:colcon.colcon_core.verb:set package 'cpp_pubsub' build argument 'cmake_force_configure' from command line to 'False'
[2.243s] Level 5:colcon.colcon_core.verb:set package 'cpp_pubsub' build argument 'ament_cmake_args' from command line to 'None'
[2.243s] Level 5:colcon.colcon_core.verb:set package 'cpp_pubsub' build argument 'catkin_cmake_args' from command line to 'None'
[2.243s] Level 5:colcon.colcon_core.verb:set package 'cpp_pubsub' build argument 'catkin_skip_building_tests' from command line to 'False'
[2.243s] DEBUG:colcon.colcon_core.verb:Building package 'cpp_pubsub' with the following arguments: {'ament_cmake_args': None, 'build_base': '/home/michfiona2002/ros2_ws/build/cpp_pubsub', 'catkin_cmake_args': None, 'catkin_skip_building_tests': False, 'cmake_args': None, 'cmake_clean_cache': False, 'cmake_clean_first': False, 'cmake_force_configure': False, 'cmake_target': None, 'cmake_target_skip_unavailable': False, 'install_base': '/home/michfiona2002/ros2_ws/install/cpp_pubsub', 'merge_install': False, 'path': '/home/michfiona2002/ros2_ws/src/cpp_pubsub', 'symlink_install': False, 'test_result_base': None}
[2.245s] Level 5:colcon.colcon_core.verb:set package 'listener' build argument 'cmake_args' from command line to 'None'
[2.245s] Level 5:colcon.colcon_core.verb:set package 'listener' build argument 'cmake_target' from command line to 'None'
[2.245s] Level 5:colcon.colcon_core.verb:set package 'listener' build argument 'cmake_target_skip_unavailable' from command line to 'False'
[2.245s] Level 5:colcon.colcon_core.verb:set package 'listener' build argument 'cmake_clean_cache' from command line to 'False'
[2.245s] Level 5:colcon.colcon_core.verb:set package 'listener' build argument 'cmake_clean_first' from command line to 'False'
[2.245s] Level 5:colcon.colcon_core.verb:set package 'listener' build argument 'cmake_force_configure' from command line to 'False'
[2.245s] Level 5:colcon.colcon_core.verb:set package 'listener' build argument 'ament_cmake_args' from command line to 'None'
[2.245s] Level 5:colcon.colcon_core.verb:set package 'listener' build argument 'catkin_cmake_args' from command line to 'None'
[2.245s] Level 5:colcon.colcon_core.verb:set package 'listener' build argument 'catkin_skip_building_tests' from command line to 'False'
[2.245s] DEBUG:colcon.colcon_core.verb:Building package 'listener' with the following arguments: {'ament_cmake_args': None, 'build_base': '/home/michfiona2002/ros2_ws/build/listener', 'catkin_cmake_args': None, 'catkin_skip_building_tests': False, 'cmake_args': None, 'cmake_clean_cache': False, 'cmake_clean_first': False, 'cmake_force_configure': False, 'cmake_target': None, 'cmake_target_skip_unavailable': False, 'install_base': '/home/michfiona2002/ros2_ws/install/listener', 'merge_install': False, 'path': '/home/michfiona2002/ros2_ws/listener', 'symlink_install': False, 'test_result_base': None}
[2.246s] Level 5:colcon.colcon_core.verb:set package 'talker' build argument 'cmake_args' from command line to 'None'
[2.246s] Level 5:colcon.colcon_core.verb:set package 'talker' build argument 'cmake_target' from command line to 'None'
[2.246s] Level 5:colcon.colcon_core.verb:set package 'talker' build argument 'cmake_target_skip_unavailable' from command line to 'False'
[2.246s] Level 5:colcon.colcon_core.verb:set package 'talker' build argument 'cmake_clean_cache' from command line to 'False'
[2.246s] Level 5:colcon.colcon_core.verb:set package 'talker' build argument 'cmake_clean_first' from command line to 'False'
[2.246s] Level 5:colcon.colcon_core.verb:set package 'talker' build argument 'cmake_force_configure' from command line to 'False'
[2.246s] Level 5:colcon.colcon_core.verb:set package 'talker' build argument 'ament_cmake_args' from command line to 'None'
[2.247s] Level 5:colcon.colcon_core.verb:set package 'talker' build argument 'catkin_cmake_args' from command line to 'None'
[2.247s] Level 5:colcon.colcon_core.verb:set package 'talker' build argument 'catkin_skip_building_tests' from command line to 'False'
[2.247s] DEBUG:colcon.colcon_core.verb:Building package 'talker' with the following arguments: {'ament_cmake_args': None, 'build_base': '/home/michfiona2002/ros2_ws/build/talker', 'catkin_cmake_args': None, 'catkin_skip_building_tests': False, 'cmake_args': None, 'cmake_clean_cache': False, 'cmake_clean_first': False, 'cmake_force_configure': False, 'cmake_target': None, 'cmake_target_skip_unavailable': False, 'install_base': '/home/michfiona2002/ros2_ws/install/talker', 'merge_install': False, 'path': '/home/michfiona2002/ros2_ws/talker', 'symlink_install': False, 'test_result_base': None}
[2.247s] INFO:colcon.colcon_core.executor:Executing jobs using 'parallel' executor
[2.251s] DEBUG:colcon.colcon_parallel_executor.executor.parallel:run_until_complete
[2.252s] INFO:colcon.colcon_ros.task.ament_cmake.build:Building ROS package in '/home/michfiona2002/ros2_ws/src/cpp_pubsub' with build type 'ament_cmake'
[2.252s] INFO:colcon.colcon_cmake.task.cmake.build:Building CMake package in '/home/michfiona2002/ros2_ws/src/cpp_pubsub'
[2.259s] INFO:colcon.colcon_core.plugin_system:Skipping extension 'colcon_core.shell.bat': Not used on non-Windows systems
[2.260s] INFO:colcon.colcon_core.shell:Skip shell extension 'powershell' for command environment: Not usable outside of PowerShell
[2.260s] DEBUG:colcon.colcon_core.shell:Skip shell extension 'dsv' for command environment
[2.272s] INFO:colcon.colcon_ros.task.ament_python.build:Building ROS package in '/home/michfiona2002/ros2_ws/listener' with build type 'ament_python'
[2.272s] Level 1:colcon.colcon_core.shell:create_environment_hook('listener', 'ament_prefix_path')
[2.273s] INFO:colcon.colcon_core.shell:Creating environment hook '/home/michfiona2002/ros2_ws/install/listener/share/listener/hook/ament_prefix_path.ps1'
[2.274s] INFO:colcon.colcon_core.shell:Creating environment descriptor '/home/michfiona2002/ros2_ws/install/listener/share/listener/hook/ament_prefix_path.dsv'
[2.275s] INFO:colcon.colcon_core.shell:Creating environment hook '/home/michfiona2002/ros2_ws/install/listener/share/listener/hook/ament_prefix_path.sh'
[2.278s] INFO:colcon.colcon_core.shell:Skip shell extension 'powershell' for command environment: Not usable outside of PowerShell
[2.278s] DEBUG:colcon.colcon_core.shell:Skip shell extension 'dsv' for command environment
[2.288s] INFO:colcon.colcon_ros.task.ament_python.build:Building ROS package in '/home/michfiona2002/ros2_ws/talker' with build type 'ament_python'
[2.288s] Level 1:colcon.colcon_core.shell:create_environment_hook('talker', 'ament_prefix_path')
[2.289s] INFO:colcon.colcon_core.shell:Creating environment hook '/home/michfiona2002/ros2_ws/install/talker/share/talker/hook/ament_prefix_path.ps1'
[2.292s] INFO:colcon.colcon_core.shell:Creating environment descriptor '/home/michfiona2002/ros2_ws/install/talker/share/talker/hook/ament_prefix_path.dsv'
[2.293s] INFO:colcon.colcon_core.shell:Creating environment hook '/home/michfiona2002/ros2_ws/install/talker/share/talker/hook/ament_prefix_path.sh'
[2.298s] INFO:colcon.colcon_core.shell:Skip shell extension 'powershell' for command environment: Not usable outside of PowerShell
[2.299s] DEBUG:colcon.colcon_core.shell:Skip shell extension 'dsv' for command environment
[2.357s] DEBUG:colcon.colcon_core.event_handler.log_command:Invoking command in '/home/michfiona2002/ros2_ws/build/cpp_pubsub': CMAKE_PREFIX_PATH=${CMAKE_PREFIX_PATH}:/home/michfiona2002/ros2_ws/install/talker:/home/michfiona2002/ros2_ws/install/listener:/home/michfiona2002/dojo_robotics_2025/install/my_robot_package:/opt/ros/humble /usr/bin/cmake --build /home/michfiona2002/ros2_ws/build/cpp_pubsub -- -j8 -l8
[3.496s] INFO:colcon.colcon_core.task.python.build:Building Python package in '/home/michfiona2002/ros2_ws/listener'
[3.497s] INFO:colcon.colcon_core.shell:Skip shell extension 'powershell' for command environment: Not usable outside of PowerShell
[3.497s] DEBUG:colcon.colcon_core.shell:Skip shell extension 'dsv' for command environment
[4.560s] INFO:colcon.colcon_core.task.python.build:Building Python package in '/home/michfiona2002/ros2_ws/talker'
[4.561s] INFO:colcon.colcon_core.shell:Skip shell extension 'powershell' for command environment: Not usable outside of PowerShell
[4.561s] DEBUG:colcon.colcon_core.shell:Skip shell extension 'dsv' for command environment
[5.975s] DEBUG:colcon.colcon_core.event_handler.log_command:Invoking command in '/home/michfiona2002/ros2_ws/talker': PYTHONPATH=/home/michfiona2002/ros2_ws/build/talker/prefix_override:/usr/lib/python3/dist-packages/colcon_core/task/python/colcon_distutils_commands:/home/michfiona2002/ros2_ws/install/talker/lib/python3.10/site-packages:${PYTHONPATH} /usr/bin/python3 -W ignore:setup.py install is deprecated -W ignore:easy_install command is deprecated setup.py egg_info --egg-base ../build/talker build --build-base /home/michfiona2002/ros2_ws/build/talker/build install --record /home/michfiona2002/ros2_ws/build/talker/install.log --single-version-externally-managed install_data
[6.006s] DEBUG:colcon.colcon_core.event_handler.log_command:Invoking command in '/home/michfiona2002/ros2_ws/listener': PYTHONPATH=/home/michfiona2002/ros2_ws/build/listener/prefix_override:/usr/lib/python3/dist-packages/colcon_core/task/python/colcon_distutils_commands:/home/michfiona2002/ros2_ws/install/listener/lib/python3.10/site-packages:${PYTHONPATH} /usr/bin/python3 -W ignore:setup.py install is deprecated -W ignore:easy_install command is deprecated setup.py egg_info --egg-base ../build/listener build --build-base /home/michfiona2002/ros2_ws/build/listener/build install --record /home/michfiona2002/ros2_ws/build/listener/install.log --single-version-externally-managed install_data
[7.217s] DEBUG:colcon.colcon_core.event_handler.log_command:Invoked command in '/home/michfiona2002/ros2_ws/talker' returned '0': PYTHONPATH=/home/michfiona2002/ros2_ws/build/talker/prefix_override:/usr/lib/python3/dist-packages/colcon_core/task/python/colcon_distutils_commands:/home/michfiona2002/ros2_ws/install/talker/lib/python3.10/site-packages:${PYTHONPATH} /usr/bin/python3 -W ignore:setup.py install is deprecated -W ignore:easy_install command is deprecated setup.py egg_info --egg-base ../build/talker build --build-base /home/michfiona2002/ros2_ws/build/talker/build install --record /home/michfiona2002/ros2_ws/build/talker/install.log --single-version-externally-managed install_data
[7.233s] Level 1:colcon.colcon_core.environment:checking '/home/michfiona2002/ros2_ws/install/talker' for CMake module files
[7.236s] Level 1:colcon.colcon_core.environment:checking '/home/michfiona2002/ros2_ws/install/talker' for CMake config files
[7.241s] Level 1:colcon.colcon_core.environment:checking '/home/michfiona2002/ros2_ws/install/talker/lib'
[7.242s] Level 1:colcon.colcon_core.environment:checking '/home/michfiona2002/ros2_ws/install/talker/bin'
[7.242s] Level 1:colcon.colcon_core.environment:checking '/home/michfiona2002/ros2_ws/install/talker/lib/pkgconfig/talker.pc'
[7.244s] Level 1:colcon.colcon_core.environment:checking '/home/michfiona2002/ros2_ws/install/talker/lib/python3.10/site-packages'
[7.246s] Level 1:colcon.colcon_core.shell:create_environment_hook('talker', 'pythonpath')
[7.247s] INFO:colcon.colcon_core.shell:Creating environment hook '/home/michfiona2002/ros2_ws/install/talker/share/talker/hook/pythonpath.ps1'
[7.249s] INFO:colcon.colcon_core.shell:Creating environment descriptor '/home/michfiona2002/ros2_ws/install/talker/share/talker/hook/pythonpath.dsv'
[7.251s] INFO:colcon.colcon_core.shell:Creating environment hook '/home/michfiona2002/ros2_ws/install/talker/share/talker/hook/pythonpath.sh'
[7.253s] Level 1:colcon.colcon_core.environment:checking '/home/michfiona2002/ros2_ws/install/talker/bin'
[7.254s] Level 1:colcon.colcon_core.environment:create_environment_scripts_only(talker)
[7.256s] INFO:colcon.colcon_core.shell:Creating package script '/home/michfiona2002/ros2_ws/install/talker/share/talker/package.ps1'
[7.258s] INFO:colcon.colcon_core.shell:Creating package descriptor '/home/michfiona2002/ros2_ws/install/talker/share/talker/package.dsv'
[7.260s] INFO:colcon.colcon_core.shell:Creating package script '/home/michfiona2002/ros2_ws/install/talker/share/talker/package.sh'
[7.264s] INFO:colcon.colcon_core.shell:Creating package script '/home/michfiona2002/ros2_ws/install/talker/share/talker/package.bash'
[7.268s] INFO:colcon.colcon_core.shell:Creating package script '/home/michfiona2002/ros2_ws/install/talker/share/talker/package.zsh'
[7.272s] Level 1:colcon.colcon_core.environment:create_file_with_runtime_dependencies(/home/michfiona2002/ros2_ws/install/talker/share/colcon-core/packages/talker)
[7.278s] Level 1:colcon.colcon_core.environment:checking '/home/michfiona2002/ros2_ws/install/listener' for CMake module files
[7.283s] DEBUG:colcon.colcon_core.event_handler.log_command:Invoked command in '/home/michfiona2002/ros2_ws/listener' returned '0': PYTHONPATH=/home/michfiona2002/ros2_ws/build/listener/prefix_override:/usr/lib/python3/dist-packages/colcon_core/task/python/colcon_distutils_commands:/home/michfiona2002/ros2_ws/install/listener/lib/python3.10/site-packages:${PYTHONPATH} /usr/bin/python3 -W ignore:setup.py install is deprecated -W ignore:easy_install command is deprecated setup.py egg_info --egg-base ../build/listener build --build-base /home/michfiona2002/ros2_ws/build/listener/build install --record /home/michfiona2002/ros2_ws/build/listener/install.log --single-version-externally-managed install_data
[7.285s] Level 1:colcon.colcon_core.environment:checking '/home/michfiona2002/ros2_ws/install/listener' for CMake config files
[7.289s] Level 1:colcon.colcon_core.environment:checking '/home/michfiona2002/ros2_ws/install/listener/lib'
[7.290s] Level 1:colcon.colcon_core.environment:checking '/home/michfiona2002/ros2_ws/install/listener/bin'
[7.290s] Level 1:colcon.colcon_core.environment:checking '/home/michfiona2002/ros2_ws/install/listener/lib/pkgconfig/listener.pc'
[7.291s] Level 1:colcon.colcon_core.environment:checking '/home/michfiona2002/ros2_ws/install/listener/lib/python3.10/site-packages'
[7.292s] Level 1:colcon.colcon_core.shell:create_environment_hook('listener', 'pythonpath')
[7.292s] INFO:colcon.colcon_core.shell:Creating environment hook '/home/michfiona2002/ros2_ws/install/listener/share/listener/hook/pythonpath.ps1'
[7.293s] INFO:colcon.colcon_core.shell:Creating environment descriptor '/home/michfiona2002/ros2_ws/install/listener/share/listener/hook/pythonpath.dsv'
[7.295s] INFO:colcon.colcon_core.shell:Creating environment hook '/home/michfiona2002/ros2_ws/install/listener/share/listener/hook/pythonpath.sh'
[7.298s] Level 1:colcon.colcon_core.environment:checking '/home/michfiona2002/ros2_ws/install/listener/bin'
[7.299s] Level 1:colcon.colcon_core.environment:create_environment_scripts_only(listener)
[7.301s] INFO:colcon.colcon_core.shell:Creating package script '/home/michfiona2002/ros2_ws/install/listener/share/listener/package.ps1'
[7.307s] INFO:colcon.colcon_core.shell:Creating package descriptor '/home/michfiona2002/ros2_ws/install/listener/share/listener/package.dsv'
[7.309s] INFO:colcon.colcon_core.shell:Creating package script '/home/michfiona2002/ros2_ws/install/listener/share/listener/package.sh'
[7.312s] INFO:colcon.colcon_core.shell:Creating package script '/home/michfiona2002/ros2_ws/install/listener/share/listener/package.bash'
[7.316s] INFO:colcon.colcon_core.shell:Creating package script '/home/michfiona2002/ros2_ws/install/listener/share/listener/package.zsh'
[7.319s] Level 1:colcon.colcon_core.environment:create_file_with_runtime_dependencies(/home/michfiona2002/ros2_ws/install/listener/share/colcon-core/packages/listener)
[16.489s] DEBUG:colcon.colcon_core.event_handler.log_command:Invoked command in '/home/michfiona2002/ros2_ws/build/cpp_pubsub' returned '0': CMAKE_PREFIX_PATH=${CMAKE_PREFIX_PATH}:/home/michfiona2002/ros2_ws/install/talker:/home/michfiona2002/ros2_ws/install/listener:/home/michfiona2002/dojo_robotics_2025/install/my_robot_package:/opt/ros/humble /usr/bin/cmake --build /home/michfiona2002/ros2_ws/build/cpp_pubsub -- -j8 -l8
[16.525s] DEBUG:colcon.colcon_core.event_handler.log_command:Invoking command in '/home/michfiona2002/ros2_ws/build/cpp_pubsub': CMAKE_PREFIX_PATH=${CMAKE_PREFIX_PATH}:/home/michfiona2002/ros2_ws/install/talker:/home/michfiona2002/ros2_ws/install/listener:/home/michfiona2002/dojo_robotics_2025/install/my_robot_package:/opt/ros/humble /usr/bin/cmake --install /home/michfiona2002/ros2_ws/build/cpp_pubsub
[16.560s] Level 1:colcon.colcon_core.environment:create_environment_scripts_only(cpp_pubsub)
[16.560s] DEBUG:colcon.colcon_core.event_handler.log_command:Invoked command in '/home/michfiona2002/ros2_ws/build/cpp_pubsub' returned '0': CMAKE_PREFIX_PATH=${CMAKE_PREFIX_PATH}:/home/michfiona2002/ros2_ws/install/talker:/home/michfiona2002/ros2_ws/install/listener:/home/michfiona2002/dojo_robotics_2025/install/my_robot_package:/opt/ros/humble /usr/bin/cmake --install /home/michfiona2002/ros2_ws/build/cpp_pubsub
[16.561s] Level 1:colcon.colcon_core.environment:checking '/home/michfiona2002/ros2_ws/install/cpp_pubsub' for CMake module files
[16.562s] Level 1:colcon.colcon_core.environment:checking '/home/michfiona2002/ros2_ws/install/cpp_pubsub' for CMake config files
[16.563s] Level 1:colcon.colcon_core.shell:create_environment_hook('cpp_pubsub', 'cmake_prefix_path')
[16.564s] INFO:colcon.colcon_core.shell:Creating environment hook '/home/michfiona2002/ros2_ws/install/cpp_pubsub/share/cpp_pubsub/hook/cmake_prefix_path.ps1'
[16.565s] INFO:colcon.colcon_core.shell:Creating environment descriptor '/home/michfiona2002/ros2_ws/install/cpp_pubsub/share/cpp_pubsub/hook/cmake_prefix_path.dsv'
[16.566s] INFO:colcon.colcon_core.shell:Creating environment hook '/home/michfiona2002/ros2_ws/install/cpp_pubsub/share/cpp_pubsub/hook/cmake_prefix_path.sh'
[16.568s] Level 1:colcon.colcon_core.environment:checking '/home/michfiona2002/ros2_ws/install/cpp_pubsub/lib'
[16.568s] Level 1:colcon.colcon_core.environment:checking '/home/michfiona2002/ros2_ws/install/cpp_pubsub/bin'
[16.568s] Level 1:colcon.colcon_core.environment:checking '/home/michfiona2002/ros2_ws/install/cpp_pubsub/lib/pkgconfig/cpp_pubsub.pc'
[16.568s] Level 1:colcon.colcon_core.environment:checking '/home/michfiona2002/ros2_ws/install/cpp_pubsub/lib/python3.10/site-packages'
[16.569s] Level 1:colcon.colcon_core.environment:checking '/home/michfiona2002/ros2_ws/install/cpp_pubsub/bin'
[16.569s] INFO:colcon.colcon_core.shell:Creating package script '/home/michfiona2002/ros2_ws/install/cpp_pubsub/share/cpp_pubsub/package.ps1'
[16.570s] INFO:colcon.colcon_core.shell:Creating package descriptor '/home/michfiona2002/ros2_ws/install/cpp_pubsub/share/cpp_pubsub/package.dsv'
[16.571s] INFO:colcon.colcon_core.shell:Creating package script '/home/michfiona2002/ros2_ws/install/cpp_pubsub/share/cpp_pubsub/package.sh'
[16.572s] INFO:colcon.colcon_core.shell:Creating package script '/home/michfiona2002/ros2_ws/install/cpp_pubsub/share/cpp_pubsub/package.bash'
[16.574s] INFO:colcon.colcon_core.shell:Creating package script '/home/michfiona2002/ros2_ws/install/cpp_pubsub/share/cpp_pubsub/package.zsh'
[16.576s] Level 1:colcon.colcon_core.environment:create_file_with_runtime_dependencies(/home/michfiona2002/ros2_ws/install/cpp_pubsub/share/colcon-core/packages/cpp_pubsub)
[16.578s] Level 1:colcon.colcon_core.environment:create_environment_scripts_only(cpp_pubsub)
[16.578s] Level 1:colcon.colcon_core.environment:checking '/home/michfiona2002/ros2_ws/install/cpp_pubsub' for CMake module files
[16.580s] Level 1:colcon.colcon_core.environment:checking '/home/michfiona2002/ros2_ws/install/cpp_pubsub' for CMake config files
[16.581s] Level 1:colcon.colcon_core.shell:create_environment_hook('cpp_pubsub', 'cmake_prefix_path')
[16.581s] INFO:colcon.colcon_core.shell:Creating environment hook '/home/michfiona2002/ros2_ws/install/cpp_pubsub/share/cpp_pubsub/hook/cmake_prefix_path.ps1'
[16.582s] INFO:colcon.colcon_core.shell:Creating environment descriptor '/home/michfiona2002/ros2_ws/install/cpp_pubsub/share/cpp_pubsub/hook/cmake_prefix_path.dsv'
[16.583s] INFO:colcon.colcon_core.shell:Creating environment hook '/home/michfiona2002/ros2_ws/install/cpp_pubsub/share/cpp_pubsub/hook/cmake_prefix_path.sh'
[16.585s] Level 1:colcon.colcon_core.environment:checking '/home/michfiona2002/ros2_ws/install/cpp_pubsub/lib'
[16.585s] Level 1:colcon.colcon_core.environment:checking '/home/michfiona2002/ros2_ws/install/cpp_pubsub/bin'
[16.585s] Level 1:colcon.colcon_core.environment:checking '/home/michfiona2002/ros2_ws/install/cpp_pubsub/lib/pkgconfig/cpp_pubsub.pc'
[16.585s] Level 1:colcon.colcon_core.environment:checking '/home/michfiona2002/ros2_ws/install/cpp_pubsub/lib/python3.10/site-packages'
[16.586s] Level 1:colcon.colcon_core.environment:checking '/home/michfiona2002/ros2_ws/install/cpp_pubsub/bin'
[16.586s] INFO:colcon.colcon_core.shell:Creating package script '/home/michfiona2002/ros2_ws/install/cpp_pubsub/share/cpp_pubsub/package.ps1'
[16.588s] INFO:colcon.colcon_core.shell:Creating package descriptor '/home/michfiona2002/ros2_ws/install/cpp_pubsub/share/cpp_pubsub/package.dsv'
[16.589s] INFO:colcon.colcon_core.shell:Creating package script '/home/michfiona2002/ros2_ws/install/cpp_pubsub/share/cpp_pubsub/package.sh'
[16.591s] INFO:colcon.colcon_core.shell:Creating package script '/home/michfiona2002/ros2_ws/install/cpp_pubsub/share/cpp_pubsub/package.bash'
[16.593s] INFO:colcon.colcon_core.shell:Creating package script '/home/michfiona2002/ros2_ws/install/cpp_pubsub/share/cpp_pubsub/package.zsh'
[16.595s] Level 1:colcon.colcon_core.environment:create_file_with_runtime_dependencies(/home/michfiona2002/ros2_ws/install/cpp_pubsub/share/colcon-core/packages/cpp_pubsub)
[16.596s] DEBUG:colcon.colcon_parallel_executor.executor.parallel:closing loop
[16.599s] DEBUG:colcon.colcon_parallel_executor.executor.parallel:loop closed
[16.600s] DEBUG:colcon.colcon_parallel_executor.executor.parallel:run_until_complete finished with '0'
[16.600s] DEBUG:colcon.colcon_core.event_reactor:joining thread
[16.703s] INFO:colcon.colcon_core.plugin_system:Skipping extension 'colcon_notification.desktop_notification.notify_send': Could not find 'notify-send'
[16.704s] INFO:colcon.colcon_core.plugin_system:Skipping extension 'colcon_notification.desktop_notification.terminal_notifier': Not used on non-Darwin systems
[16.704s] INFO:colcon.colcon_core.plugin_system:Skipping extension 'colcon_notification.desktop_notification.win32': Not used on non-Windows systems
[16.705s] INFO:colcon.colcon_notification.desktop_notification:Sending desktop notification using 'notify2'
[16.707s] DEBUG:colcon.colcon_notification.desktop_notification.notify2:Failed to initialize notify2: org.freedesktop.DBus.Error.FileNotFound: Failed to connect to socket /run/user/1000/bus: No such file or directory
[16.708s] DEBUG:colcon.colcon_core.event_reactor:joined thread
[16.709s] INFO:colcon.colcon_core.shell:Creating prefix script '/home/michfiona2002/ros2_ws/install/local_setup.ps1'
[16.714s] INFO:colcon.colcon_core.shell:Creating prefix util module '/home/michfiona2002/ros2_ws/install/_local_setup_util_ps1.py'
[16.724s] INFO:colcon.colcon_core.shell:Creating prefix chain script '/home/michfiona2002/ros2_ws/install/setup.ps1'
[16.728s] INFO:colcon.colcon_core.shell:Creating prefix script '/home/michfiona2002/ros2_ws/install/local_setup.sh'
[16.730s] INFO:colcon.colcon_core.shell:Creating prefix util module '/home/michfiona2002/ros2_ws/install/_local_setup_util_sh.py'
[16.733s] INFO:colcon.colcon_core.shell:Creating prefix chain script '/home/michfiona2002/ros2_ws/install/setup.sh'
[16.738s] INFO:colcon.colcon_core.shell:Creating prefix script '/home/michfiona2002/ros2_ws/install/local_setup.bash'
[16.739s] INFO:colcon.colcon_core.shell:Creating prefix chain script '/home/michfiona2002/ros2_ws/install/setup.bash'
[16.745s] INFO:colcon.colcon_core.shell:Creating prefix script '/home/michfiona2002/ros2_ws/install/local_setup.zsh'
[16.748s] INFO:colcon.colcon_core.shell:Creating prefix chain script '/home/michfiona2002/ros2_ws/install/setup.zsh'
