[3.036s] Invoking command in '/home/michfiona2002/ros2_ws/listener': PYTHONPATH=/home/michfiona2002/ros2_ws/build/listener/prefix_override:/usr/lib/python3/dist-packages/colcon_core/task/python/colcon_distutils_commands:/home/michfiona2002/ros2_ws/install/listener/lib/python3.10/site-packages:${PYTHONPATH} /usr/bin/python3 -W ignore:setup.py install is deprecated -W ignore:easy_install command is deprecated setup.py egg_info --egg-base ../build/listener build --build-base /home/michfiona2002/ros2_ws/build/listener/build install --record /home/michfiona2002/ros2_ws/build/listener/install.log --single-version-externally-managed install_data
[3.749s] running egg_info
[3.751s] creating ../build/listener/listener.egg-info
[3.754s] writing ../build/listener/listener.egg-info/PKG-INFO
[3.755s] writing dependency_links to ../build/listener/listener.egg-info/dependency_links.txt
[3.758s] writing entry points to ../build/listener/listener.egg-info/entry_points.txt
[3.758s] writing requirements to ../build/listener/listener.egg-info/requires.txt
[3.759s] writing top-level names to ../build/listener/listener.egg-info/top_level.txt
[3.760s] writing manifest file '../build/listener/listener.egg-info/SOURCES.txt'
[3.768s] reading manifest file '../build/listener/listener.egg-info/SOURCES.txt'
[3.771s] writing manifest file '../build/listener/listener.egg-info/SOURCES.txt'
[3.771s] running build
[3.772s] running build_py
[3.772s] creating /home/michfiona2002/ros2_ws/build/listener/build
[3.773s] creating /home/michfiona2002/ros2_ws/build/listener/build/lib
[3.775s] creating /home/michfiona2002/ros2_ws/build/listener/build/lib/listener
[3.776s] copying listener/listener.py -> /home/michfiona2002/ros2_ws/build/listener/build/lib/listener
[3.777s] copying listener/__init__.py -> /home/michfiona2002/ros2_ws/build/listener/build/lib/listener
[3.777s] running install
[3.779s] running install_lib
[3.781s] creating /home/michfiona2002/ros2_ws/install/listener/lib/python3.10/site-packages/listener
[3.782s] copying /home/michfiona2002/ros2_ws/build/listener/build/lib/listener/listener.py -> /home/michfiona2002/ros2_ws/install/listener/lib/python3.10/site-packages/listener
[3.783s] copying /home/michfiona2002/ros2_ws/build/listener/build/lib/listener/__init__.py -> /home/michfiona2002/ros2_ws/install/listener/lib/python3.10/site-packages/listener
[3.785s] byte-compiling /home/michfiona2002/ros2_ws/install/listener/lib/python3.10/site-packages/listener/listener.py to listener.cpython-310.pyc
[3.788s] byte-compiling /home/michfiona2002/ros2_ws/install/listener/lib/python3.10/site-packages/listener/__init__.py to __init__.cpython-310.pyc
[3.789s] running install_data
[3.789s] creating /home/michfiona2002/ros2_ws/install/listener/share/ament_index
[3.790s] creating /home/michfiona2002/ros2_ws/install/listener/share/ament_index/resource_index
[3.791s] creating /home/michfiona2002/ros2_ws/install/listener/share/ament_index/resource_index/packages
[3.793s] copying resource/listener -> /home/michfiona2002/ros2_ws/install/listener/share/ament_index/resource_index/packages
[3.793s] copying package.xml -> /home/michfiona2002/ros2_ws/install/listener/share/listener
[3.794s] running install_egg_info
[3.799s] Copying ../build/listener/listener.egg-info to /home/michfiona2002/ros2_ws/install/listener/lib/python3.10/site-packages/listener-0.0.0-py3.10.egg-info
[3.805s] running install_scripts
[3.869s] Installing listener script to /home/michfiona2002/ros2_ws/install/listener/lib/listener
[3.870s] writing list of installed files to '/home/michfiona2002/ros2_ws/build/listener/install.log'
[3.937s] Invoked command in '/home/michfiona2002/ros2_ws/listener' returned '0': PYTHONPATH=/home/michfiona2002/ros2_ws/build/listener/prefix_override:/usr/lib/python3/dist-packages/colcon_core/task/python/colcon_distutils_commands:/home/michfiona2002/ros2_ws/install/listener/lib/python3.10/site-packages:${PYTHONPATH} /usr/bin/python3 -W ignore:setup.py install is deprecated -W ignore:easy_install command is deprecated setup.py egg_info --egg-base ../build/listener build --build-base /home/michfiona2002/ros2_ws/build/listener/build install --record /home/michfiona2002/ros2_ws/build/listener/install.log --single-version-externally-managed install_data
