[0.178s] Invoking command in '/home/michfiona2002/ros2_ws/build/cpp_pubsub': CMAKE_PREFIX_PATH=${CMAKE_PREFIX_PATH}:/home/michfiona2002/ros2_ws/install/talker:/home/michfiona2002/ros2_ws/install/listener:/home/michfiona2002/dojo_robotics_2025/install/my_robot_package:/opt/ros/humble /usr/bin/cmake --build /home/michfiona2002/ros2_ws/build/cpp_pubsub -- -j8 -l8
[1.185s] -- Found ament_cmake: 1.3.11 (/opt/ros/humble/share/ament_cmake/cmake)
[1.187s] -- Found rclcpp: 16.0.12 (/opt/ros/humble/share/rclcpp/cmake)
[1.718s] -- Found rosidl_generator_c: 3.1.6 (/opt/ros/humble/share/rosidl_generator_c/cmake)
[1.734s] -- Found rosidl_adapter: 3.1.6 (/opt/ros/humble/share/rosidl_adapter/cmake)
[1.774s] -- Found rosidl_generator_cpp: 3.1.6 (/opt/ros/humble/share/rosidl_generator_cpp/cmake)
[1.822s] -- Using all available rosidl_typesupport_c: rosidl_typesupport_fastrtps_c;rosidl_typesupport_introspection_c
[1.878s] -- Using all available rosidl_typesupport_cpp: rosidl_typesupport_fastrtps_cpp;rosidl_typesupport_introspection_cpp
[2.034s] -- Found rmw_implementation_cmake: 6.1.2 (/opt/ros/humble/share/rmw_implementation_cmake/cmake)
[2.050s] -- Found rmw_fastrtps_cpp: 6.2.7 (/opt/ros/humble/share/rmw_fastrtps_cpp/cmake)
[15.116s] -- Using RMW implementation 'rmw_fastrtps_cpp' as default
[15.412s] -- Found ament_lint_auto: 0.12.12 (/opt/ros/humble/share/ament_lint_auto/cmake)
[15.734s] -- Added test 'cppcheck' to perform static code analysis on C / C++ code
[15.734s] -- Configured cppcheck include dirs: 
[15.735s] -- Configured cppcheck exclude dirs and/or files: 
[15.737s] -- Added test 'lint_cmake' to check CMake code style
[15.743s] -- Added test 'uncrustify' to check C / C++ code style
[15.744s] -- Configured uncrustify additional arguments: 
[15.745s] -- Added test 'xmllint' to check XML markup files
[15.749s] -- Configuring done
[15.805s] -- Generating done
[15.827s] -- Build files have been written to: /home/michfiona2002/ros2_ws/build/cpp_pubsub
[15.924s] [35m[1mConsolidate compiler generated dependencies of target talker[0m
[15.929s] [35m[1mConsolidate compiler generated dependencies of target listener[0m
[16.050s] [100%] Built target talker
[16.061s] [100%] Built target listener
[16.104s] Invoked command in '/home/michfiona2002/ros2_ws/build/cpp_pubsub' returned '0': CMAKE_PREFIX_PATH=${CMAKE_PREFIX_PATH}:/home/michfiona2002/ros2_ws/install/talker:/home/michfiona2002/ros2_ws/install/listener:/home/michfiona2002/dojo_robotics_2025/install/my_robot_package:/opt/ros/humble /usr/bin/cmake --build /home/michfiona2002/ros2_ws/build/cpp_pubsub -- -j8 -l8
[16.150s] Invoking command in '/home/michfiona2002/ros2_ws/build/cpp_pubsub': CMAKE_PREFIX_PATH=${CMAKE_PREFIX_PATH}:/home/michfiona2002/ros2_ws/install/talker:/home/michfiona2002/ros2_ws/install/listener:/home/michfiona2002/dojo_robotics_2025/install/my_robot_package:/opt/ros/humble /usr/bin/cmake --install /home/michfiona2002/ros2_ws/build/cpp_pubsub
[16.176s] -- Install configuration: ""
[16.177s] -- Up-to-date: /home/michfiona2002/ros2_ws/install/cpp_pubsub/lib/cpp_pubsub/talker
[16.181s] -- Up-to-date: /home/michfiona2002/ros2_ws/install/cpp_pubsub/lib/cpp_pubsub/listener
[16.182s] -- Up-to-date: /home/michfiona2002/ros2_ws/install/cpp_pubsub/share/ament_index/resource_index/package_run_dependencies/cpp_pubsub
[16.182s] -- Installing: /home/michfiona2002/ros2_ws/install/cpp_pubsub/share/ament_index/resource_index/parent_prefix_path/cpp_pubsub
[16.183s] -- Up-to-date: /home/michfiona2002/ros2_ws/install/cpp_pubsub/share/cpp_pubsub/environment/ament_prefix_path.sh
[16.184s] -- Installing: /home/michfiona2002/ros2_ws/install/cpp_pubsub/share/cpp_pubsub/environment/ament_prefix_path.dsv
[16.185s] -- Up-to-date: /home/michfiona2002/ros2_ws/install/cpp_pubsub/share/cpp_pubsub/environment/path.sh
[16.186s] -- Installing: /home/michfiona2002/ros2_ws/install/cpp_pubsub/share/cpp_pubsub/environment/path.dsv
[16.188s] -- Up-to-date: /home/michfiona2002/ros2_ws/install/cpp_pubsub/share/cpp_pubsub/local_setup.bash
[16.189s] -- Up-to-date: /home/michfiona2002/ros2_ws/install/cpp_pubsub/share/cpp_pubsub/local_setup.sh
[16.191s] -- Up-to-date: /home/michfiona2002/ros2_ws/install/cpp_pubsub/share/cpp_pubsub/local_setup.zsh
[16.193s] -- Installing: /home/michfiona2002/ros2_ws/install/cpp_pubsub/share/cpp_pubsub/local_setup.dsv
[16.194s] -- Installing: /home/michfiona2002/ros2_ws/install/cpp_pubsub/share/cpp_pubsub/package.dsv
[16.195s] -- Up-to-date: /home/michfiona2002/ros2_ws/install/cpp_pubsub/share/ament_index/resource_index/packages/cpp_pubsub
[16.197s] -- Up-to-date: /home/michfiona2002/ros2_ws/install/cpp_pubsub/share/cpp_pubsub/cmake/cpp_pubsubConfig.cmake
[16.197s] -- Up-to-date: /home/michfiona2002/ros2_ws/install/cpp_pubsub/share/cpp_pubsub/cmake/cpp_pubsubConfig-version.cmake
[16.197s] -- Installing: /home/michfiona2002/ros2_ws/install/cpp_pubsub/share/cpp_pubsub/package.xml
[16.203s] Invoked command in '/home/michfiona2002/ros2_ws/build/cpp_pubsub' returned '0': CMAKE_PREFIX_PATH=${CMAKE_PREFIX_PATH}:/home/michfiona2002/ros2_ws/install/talker:/home/michfiona2002/ros2_ws/install/listener:/home/michfiona2002/dojo_robotics_2025/install/my_robot_package:/opt/ros/humble /usr/bin/cmake --install /home/michfiona2002/ros2_ws/build/cpp_pubsub
