[1.399s] Invoking command in '/home/michfiona2002/dojo_robotics_2025/src/my_robot_package': PYTHONPATH=/home/michfiona2002/dojo_robotics_2025/src/my_robot_package/build/my_robot_package/prefix_override:/usr/lib/python3/dist-packages/colcon_core/task/python/colcon_distutils_commands:/home/michfiona2002/dojo_robotics_2025/src/my_robot_package/install/my_robot_package/lib/python3.10/site-packages:${PYTHONPATH} /usr/bin/python3 -W ignore:setup.py install is deprecated -W ignore:easy_install command is deprecated setup.py egg_info --egg-base build/my_robot_package build --build-base /home/michfiona2002/dojo_robotics_2025/src/my_robot_package/build/my_robot_package/build install --record /home/michfiona2002/dojo_robotics_2025/src/my_robot_package/build/my_robot_package/install.log --single-version-externally-managed install_data
[1.749s] running egg_info
[1.750s] creating build/my_robot_package/my_robot_package.egg-info
[1.751s] writing build/my_robot_package/my_robot_package.egg-info/PKG-INFO
[1.751s] writing dependency_links to build/my_robot_package/my_robot_package.egg-info/dependency_links.txt
[1.752s] writing entry points to build/my_robot_package/my_robot_package.egg-info/entry_points.txt
[1.752s] writing requirements to build/my_robot_package/my_robot_package.egg-info/requires.txt
[1.752s] writing top-level names to build/my_robot_package/my_robot_package.egg-info/top_level.txt
[1.754s] writing manifest file 'build/my_robot_package/my_robot_package.egg-info/SOURCES.txt'
[1.757s] reading manifest file 'build/my_robot_package/my_robot_package.egg-info/SOURCES.txt'
[1.758s] writing manifest file 'build/my_robot_package/my_robot_package.egg-info/SOURCES.txt'
[1.759s] running build
[1.759s] running build_py
[1.760s] creating /home/michfiona2002/dojo_robotics_2025/src/my_robot_package/build/my_robot_package/build
[1.760s] creating /home/michfiona2002/dojo_robotics_2025/src/my_robot_package/build/my_robot_package/build/lib
[1.761s] creating /home/michfiona2002/dojo_robotics_2025/src/my_robot_package/build/my_robot_package/build/lib/my_robot_package
[1.761s] copying my_robot_package/listener.py -> /home/michfiona2002/dojo_robotics_2025/src/my_robot_package/build/my_robot_package/build/lib/my_robot_package
[1.761s] copying my_robot_package/__init__.py -> /home/michfiona2002/dojo_robotics_2025/src/my_robot_package/build/my_robot_package/build/lib/my_robot_package
[1.762s] copying my_robot_package/talker.py -> /home/michfiona2002/dojo_robotics_2025/src/my_robot_package/build/my_robot_package/build/lib/my_robot_package
[1.762s] running install
[1.763s] running install_lib
[1.764s] creating /home/michfiona2002/dojo_robotics_2025/src/my_robot_package/install/my_robot_package/lib/python3.10/site-packages/my_robot_package
[1.764s] copying /home/michfiona2002/dojo_robotics_2025/src/my_robot_package/build/my_robot_package/build/lib/my_robot_package/listener.py -> /home/michfiona2002/dojo_robotics_2025/src/my_robot_package/install/my_robot_package/lib/python3.10/site-packages/my_robot_package
[1.764s] copying /home/michfiona2002/dojo_robotics_2025/src/my_robot_package/build/my_robot_package/build/lib/my_robot_package/__init__.py -> /home/michfiona2002/dojo_robotics_2025/src/my_robot_package/install/my_robot_package/lib/python3.10/site-packages/my_robot_package
[1.764s] copying /home/michfiona2002/dojo_robotics_2025/src/my_robot_package/build/my_robot_package/build/lib/my_robot_package/talker.py -> /home/michfiona2002/dojo_robotics_2025/src/my_robot_package/install/my_robot_package/lib/python3.10/site-packages/my_robot_package
[1.765s] byte-compiling /home/michfiona2002/dojo_robotics_2025/src/my_robot_package/install/my_robot_package/lib/python3.10/site-packages/my_robot_package/listener.py to listener.cpython-310.pyc
[1.766s] byte-compiling /home/michfiona2002/dojo_robotics_2025/src/my_robot_package/install/my_robot_package/lib/python3.10/site-packages/my_robot_package/__init__.py to __init__.cpython-310.pyc
[1.766s] byte-compiling /home/michfiona2002/dojo_robotics_2025/src/my_robot_package/install/my_robot_package/lib/python3.10/site-packages/my_robot_package/talker.py to talker.cpython-310.pyc
[1.767s] running install_data
[1.767s] creating /home/michfiona2002/dojo_robotics_2025/src/my_robot_package/install/my_robot_package/share/ament_index
[1.768s] creating /home/michfiona2002/dojo_robotics_2025/src/my_robot_package/install/my_robot_package/share/ament_index/resource_index
[1.768s] creating /home/michfiona2002/dojo_robotics_2025/src/my_robot_package/install/my_robot_package/share/ament_index/resource_index/packages
[1.769s] copying resource/my_robot_package -> /home/michfiona2002/dojo_robotics_2025/src/my_robot_package/install/my_robot_package/share/ament_index/resource_index/packages
[1.770s] copying package.xml -> /home/michfiona2002/dojo_robotics_2025/src/my_robot_package/install/my_robot_package/share/my_robot_package
[1.770s] running install_egg_info
[1.773s] Copying build/my_robot_package/my_robot_package.egg-info to /home/michfiona2002/dojo_robotics_2025/src/my_robot_package/install/my_robot_package/lib/python3.10/site-packages/my_robot_package-0.0.0-py3.10.egg-info
[1.776s] running install_scripts
[1.800s] writing list of installed files to '/home/michfiona2002/dojo_robotics_2025/src/my_robot_package/build/my_robot_package/install.log'
[1.833s] Invoked command in '/home/michfiona2002/dojo_robotics_2025/src/my_robot_package' returned '0': PYTHONPATH=/home/michfiona2002/dojo_robotics_2025/src/my_robot_package/build/my_robot_package/prefix_override:/usr/lib/python3/dist-packages/colcon_core/task/python/colcon_distutils_commands:/home/michfiona2002/dojo_robotics_2025/src/my_robot_package/install/my_robot_package/lib/python3.10/site-packages:${PYTHONPATH} /usr/bin/python3 -W ignore:setup.py install is deprecated -W ignore:easy_install command is deprecated setup.py egg_info --egg-base build/my_robot_package build --build-base /home/michfiona2002/dojo_robotics_2025/src/my_robot_package/build/my_robot_package/build install --record /home/michfiona2002/dojo_robotics_2025/src/my_robot_package/build/my_robot_package/install.log --single-version-externally-managed install_data
