running egg_info
creating ../build/talker/talker.egg-info
writing ../build/talker/talker.egg-info/PKG-INFO
writing dependency_links to ../build/talker/talker.egg-info/dependency_links.txt
writing entry points to ../build/talker/talker.egg-info/entry_points.txt
writing requirements to ../build/talker/talker.egg-info/requires.txt
writing top-level names to ../build/talker/talker.egg-info/top_level.txt
writing manifest file '../build/talker/talker.egg-info/SOURCES.txt'
reading manifest file '../build/talker/talker.egg-info/SOURCES.txt'
writing manifest file '../build/talker/talker.egg-info/SOURCES.txt'
running build
running build_py
creating /home/caleb253/internship2025/caleb_ros2_ws/src/build/talker/build
creating /home/caleb253/internship2025/caleb_ros2_ws/src/build/talker/build/lib
creating /home/caleb253/internship2025/caleb_ros2_ws/src/build/talker/build/lib/talker
copying talker/main.py -> /home/caleb253/internship2025/caleb_ros2_ws/src/build/talker/build/lib/talker
copying talker/__init__.py -> /home/caleb253/internship2025/caleb_ros2_ws/src/build/talker/build/lib/talker
running install
running install_lib
creating /home/caleb253/internship2025/caleb_ros2_ws/src/install/talker/lib/python3.10/site-packages/talker
copying /home/caleb253/internship2025/caleb_ros2_ws/src/build/talker/build/lib/talker/main.py -> /home/caleb253/internship2025/caleb_ros2_ws/src/install/talker/lib/python3.10/site-packages/talker
copying /home/caleb253/internship2025/caleb_ros2_ws/src/build/talker/build/lib/talker/__init__.py -> /home/caleb253/internship2025/caleb_ros2_ws/src/install/talker/lib/python3.10/site-packages/talker
byte-compiling /home/caleb253/internship2025/caleb_ros2_ws/src/install/talker/lib/python3.10/site-packages/talker/main.py to main.cpython-310.pyc
byte-compiling /home/caleb253/internship2025/caleb_ros2_ws/src/install/talker/lib/python3.10/site-packages/talker/__init__.py to __init__.cpython-310.pyc
running install_data
creating /home/caleb253/internship2025/caleb_ros2_ws/src/install/talker/share/ament_index
creating /home/caleb253/internship2025/caleb_ros2_ws/src/install/talker/share/ament_index/resource_index
  File "/home/caleb253/internship2025/caleb_ros2_ws/src/install/talker/lib/python3.10/site-packages/talker/main.py", line 14
    timer period = 0.5
          ^^^^^^
SyntaxError: invalid syntax

creating /home/caleb253/internship2025/caleb_ros2_ws/src/install/talker/share/ament_index/resource_index/packages
copying resource/talker -> /home/caleb253/internship2025/caleb_ros2_ws/src/install/talker/share/ament_index/resource_index/packages
copying package.xml -> /home/caleb253/internship2025/caleb_ros2_ws/src/install/talker/share/talker
running install_egg_info
Copying ../build/talker/talker.egg-info to /home/caleb253/internship2025/caleb_ros2_ws/src/install/talker/lib/python3.10/site-packages/talker-0.0.0-py3.10.egg-info
running install_scripts
Installing talker script to /home/caleb253/internship2025/caleb_ros2_ws/src/install/talker/lib/talker
writing list of installed files to '/home/caleb253/internship2025/caleb_ros2_ws/src/build/talker/install.log'
