running egg_info
creating ../build/robotic_dojo/robotic_dojo.egg-info
writing ../build/robotic_dojo/robotic_dojo.egg-info/PKG-INFO
writing dependency_links to ../build/robotic_dojo/robotic_dojo.egg-info/dependency_links.txt
writing entry points to ../build/robotic_dojo/robotic_dojo.egg-info/entry_points.txt
writing requirements to ../build/robotic_dojo/robotic_dojo.egg-info/requires.txt
writing top-level names to ../build/robotic_dojo/robotic_dojo.egg-info/top_level.txt
writing manifest file '../build/robotic_dojo/robotic_dojo.egg-info/SOURCES.txt'
reading manifest file '../build/robotic_dojo/robotic_dojo.egg-info/SOURCES.txt'
writing manifest file '../build/robotic_dojo/robotic_dojo.egg-info/SOURCES.txt'
running build
running build_py
creating /home/caleb253/internship2025/caleb_ros2_ws/src/build/robotic_dojo/build
creating /home/caleb253/internship2025/caleb_ros2_ws/src/build/robotic_dojo/build/lib
creating /home/caleb253/internship2025/caleb_ros2_ws/src/build/robotic_dojo/build/lib/robotic_dojo
copying robotic_dojo/my_first_node.py -> /home/caleb253/internship2025/caleb_ros2_ws/src/build/robotic_dojo/build/lib/robotic_dojo
copying robotic_dojo/__init__.py -> /home/caleb253/internship2025/caleb_ros2_ws/src/build/robotic_dojo/build/lib/robotic_dojo
running install
running install_lib
creating /home/caleb253/internship2025/caleb_ros2_ws/src/install/robotic_dojo/lib/python3.10/site-packages/robotic_dojo
copying /home/caleb253/internship2025/caleb_ros2_ws/src/build/robotic_dojo/build/lib/robotic_dojo/my_first_node.py -> /home/caleb253/internship2025/caleb_ros2_ws/src/install/robotic_dojo/lib/python3.10/site-packages/robotic_dojo
copying /home/caleb253/internship2025/caleb_ros2_ws/src/build/robotic_dojo/build/lib/robotic_dojo/__init__.py -> /home/caleb253/internship2025/caleb_ros2_ws/src/install/robotic_dojo/lib/python3.10/site-packages/robotic_dojo
byte-compiling /home/caleb253/internship2025/caleb_ros2_ws/src/install/robotic_dojo/lib/python3.10/site-packages/robotic_dojo/my_first_node.py to my_first_node.cpython-310.pyc
byte-compiling /home/caleb253/internship2025/caleb_ros2_ws/src/install/robotic_dojo/lib/python3.10/site-packages/robotic_dojo/__init__.py to __init__.cpython-310.pyc
running install_data
creating /home/caleb253/internship2025/caleb_ros2_ws/src/install/robotic_dojo/share/ament_index
creating /home/caleb253/internship2025/caleb_ros2_ws/src/install/robotic_dojo/share/ament_index/resource_index
creating /home/caleb253/internship2025/caleb_ros2_ws/src/install/robotic_dojo/share/ament_index/resource_index/packages
copying resource/robotic_dojo -> /home/caleb253/internship2025/caleb_ros2_ws/src/install/robotic_dojo/share/ament_index/resource_index/packages
copying package.xml -> /home/caleb253/internship2025/caleb_ros2_ws/src/install/robotic_dojo/share/robotic_dojo
running install_egg_info
Copying ../build/robotic_dojo/robotic_dojo.egg-info to /home/caleb253/internship2025/caleb_ros2_ws/src/install/robotic_dojo/lib/python3.10/site-packages/robotic_dojo-0.0.0-py3.10.egg-info
running install_scripts
Installing test_node script to /home/caleb253/internship2025/caleb_ros2_ws/src/install/robotic_dojo/lib/robotic_dojo
writing list of installed files to '/home/caleb253/internship2025/caleb_ros2_ws/src/build/robotic_dojo/install.log'
