[3.911s] Invoking command in '/home/caleb253/internship2025/caleb_ros2_ws/src/robotic_dojo': PYTHONPATH=/home/caleb253/internship2025/caleb_ros2_ws/src/build/robotic_dojo/prefix_override:/usr/lib/python3/dist-packages/colcon_core/task/python/colcon_distutils_commands:/home/caleb253/internship2025/caleb_ros2_ws/src/install/robotic_dojo/lib/python3.10/site-packages:${PYTHONPATH} /usr/bin/python3 -W ignore:setup.py install is deprecated -W ignore:easy_install command is deprecated setup.py egg_info --egg-base ../build/robotic_dojo build --build-base /home/caleb253/internship2025/caleb_ros2_ws/src/build/robotic_dojo/build install --record /home/caleb253/internship2025/caleb_ros2_ws/src/build/robotic_dojo/install.log --single-version-externally-managed install_data
[4.984s] running egg_info
[4.984s] creating ../build/robotic_dojo/robotic_dojo.egg-info
[4.992s] writing ../build/robotic_dojo/robotic_dojo.egg-info/PKG-INFO
[4.992s] writing dependency_links to ../build/robotic_dojo/robotic_dojo.egg-info/dependency_links.txt
[4.992s] writing entry points to ../build/robotic_dojo/robotic_dojo.egg-info/entry_points.txt
[4.992s] writing requirements to ../build/robotic_dojo/robotic_dojo.egg-info/requires.txt
[4.993s] writing top-level names to ../build/robotic_dojo/robotic_dojo.egg-info/top_level.txt
[4.993s] writing manifest file '../build/robotic_dojo/robotic_dojo.egg-info/SOURCES.txt'
[4.995s] reading manifest file '../build/robotic_dojo/robotic_dojo.egg-info/SOURCES.txt'
[5.007s] writing manifest file '../build/robotic_dojo/robotic_dojo.egg-info/SOURCES.txt'
[5.008s] running build
[5.008s] running build_py
[5.009s] creating /home/caleb253/internship2025/caleb_ros2_ws/src/build/robotic_dojo/build
[5.009s] creating /home/caleb253/internship2025/caleb_ros2_ws/src/build/robotic_dojo/build/lib
[5.009s] creating /home/caleb253/internship2025/caleb_ros2_ws/src/build/robotic_dojo/build/lib/robotic_dojo
[5.009s] copying robotic_dojo/my_first_node.py -> /home/caleb253/internship2025/caleb_ros2_ws/src/build/robotic_dojo/build/lib/robotic_dojo
[5.011s] copying robotic_dojo/__init__.py -> /home/caleb253/internship2025/caleb_ros2_ws/src/build/robotic_dojo/build/lib/robotic_dojo
[5.012s] running install
[5.012s] running install_lib
[5.012s] creating /home/caleb253/internship2025/caleb_ros2_ws/src/install/robotic_dojo/lib/python3.10/site-packages/robotic_dojo
[5.015s] copying /home/caleb253/internship2025/caleb_ros2_ws/src/build/robotic_dojo/build/lib/robotic_dojo/my_first_node.py -> /home/caleb253/internship2025/caleb_ros2_ws/src/install/robotic_dojo/lib/python3.10/site-packages/robotic_dojo
[5.016s] copying /home/caleb253/internship2025/caleb_ros2_ws/src/build/robotic_dojo/build/lib/robotic_dojo/__init__.py -> /home/caleb253/internship2025/caleb_ros2_ws/src/install/robotic_dojo/lib/python3.10/site-packages/robotic_dojo
[5.016s] byte-compiling /home/caleb253/internship2025/caleb_ros2_ws/src/install/robotic_dojo/lib/python3.10/site-packages/robotic_dojo/my_first_node.py to my_first_node.cpython-310.pyc
[5.016s] byte-compiling /home/caleb253/internship2025/caleb_ros2_ws/src/install/robotic_dojo/lib/python3.10/site-packages/robotic_dojo/__init__.py to __init__.cpython-310.pyc
[5.016s] running install_data
[5.017s] creating /home/caleb253/internship2025/caleb_ros2_ws/src/install/robotic_dojo/share/ament_index
[5.017s] creating /home/caleb253/internship2025/caleb_ros2_ws/src/install/robotic_dojo/share/ament_index/resource_index
[5.017s] creating /home/caleb253/internship2025/caleb_ros2_ws/src/install/robotic_dojo/share/ament_index/resource_index/packages
[5.017s] copying resource/robotic_dojo -> /home/caleb253/internship2025/caleb_ros2_ws/src/install/robotic_dojo/share/ament_index/resource_index/packages
[5.018s] copying package.xml -> /home/caleb253/internship2025/caleb_ros2_ws/src/install/robotic_dojo/share/robotic_dojo
[5.018s] running install_egg_info
[5.018s] Copying ../build/robotic_dojo/robotic_dojo.egg-info to /home/caleb253/internship2025/caleb_ros2_ws/src/install/robotic_dojo/lib/python3.10/site-packages/robotic_dojo-0.0.0-py3.10.egg-info
[5.027s] running install_scripts
[5.090s] Installing test_node script to /home/caleb253/internship2025/caleb_ros2_ws/src/install/robotic_dojo/lib/robotic_dojo
[5.094s] writing list of installed files to '/home/caleb253/internship2025/caleb_ros2_ws/src/build/robotic_dojo/install.log'
[5.293s] Invoked command in '/home/caleb253/internship2025/caleb_ros2_ws/src/robotic_dojo' returned '0': PYTHONPATH=/home/caleb253/internship2025/caleb_ros2_ws/src/build/robotic_dojo/prefix_override:/usr/lib/python3/dist-packages/colcon_core/task/python/colcon_distutils_commands:/home/caleb253/internship2025/caleb_ros2_ws/src/install/robotic_dojo/lib/python3.10/site-packages:${PYTHONPATH} /usr/bin/python3 -W ignore:setup.py install is deprecated -W ignore:easy_install command is deprecated setup.py egg_info --egg-base ../build/robotic_dojo build --build-base /home/caleb253/internship2025/caleb_ros2_ws/src/build/robotic_dojo/build install --record /home/caleb253/internship2025/caleb_ros2_ws/src/build/robotic_dojo/install.log --single-version-externally-managed install_data
