[0.085s] Invoking command in '/home/michfiona2002/ros2_ws/build/cpp_pubsub': CMAKE_PREFIX_PATH=${CMAKE_PREFIX_PATH}:/home/michfiona2002/ros2_ws/install/talker:/home/michfiona2002/ros2_ws/install/listener:/home/michfiona2002/dojo_robotics_2025/install/my_robot_package:/opt/ros/humble /usr/bin/cmake --build /home/michfiona2002/ros2_ws/build/cpp_pubsub -- -j8 -l8
[0.812s] [ 50%] Built target listener
[0.814s] [100%] Built target talker
[1.528s] Invoked command in '/home/michfiona2002/ros2_ws/build/cpp_pubsub' returned '0': CMAKE_PREFIX_PATH=${CMAKE_PREFIX_PATH}:/home/michfiona2002/ros2_ws/install/talker:/home/michfiona2002/ros2_ws/install/listener:/home/michfiona2002/dojo_robotics_2025/install/my_robot_package:/opt/ros/humble /usr/bin/cmake --build /home/michfiona2002/ros2_ws/build/cpp_pubsub -- -j8 -l8
[1.562s] Invoking command in '/home/michfiona2002/ros2_ws/build/cpp_pubsub': CMAKE_PREFIX_PATH=${CMAKE_PREFIX_PATH}:/home/michfiona2002/ros2_ws/install/talker:/home/michfiona2002/ros2_ws/install/listener:/home/michfiona2002/dojo_robotics_2025/install/my_robot_package:/opt/ros/humble /usr/bin/cmake --install /home/michfiona2002/ros2_ws/build/cpp_pubsub
[1.586s] -- Install configuration: ""
[1.587s] -- Up-to-date: /home/michfiona2002/ros2_ws/install/cpp_pubsub/lib/cpp_pubsub/talker
[1.589s] -- Up-to-date: /home/michfiona2002/ros2_ws/install/cpp_pubsub/lib/cpp_pubsub/listener
[1.590s] -- Up-to-date: /home/michfiona2002/ros2_ws/install/cpp_pubsub/share/ament_index/resource_index/package_run_dependencies/cpp_pubsub
[1.591s] -- Up-to-date: /home/michfiona2002/ros2_ws/install/cpp_pubsub/share/ament_index/resource_index/parent_prefix_path/cpp_pubsub
[1.592s] -- Up-to-date: /home/michfiona2002/ros2_ws/install/cpp_pubsub/share/cpp_pubsub/environment/ament_prefix_path.sh
[1.592s] -- Up-to-date: /home/michfiona2002/ros2_ws/install/cpp_pubsub/share/cpp_pubsub/environment/ament_prefix_path.dsv
[1.593s] -- Up-to-date: /home/michfiona2002/ros2_ws/install/cpp_pubsub/share/cpp_pubsub/environment/path.sh
[1.593s] -- Up-to-date: /home/michfiona2002/ros2_ws/install/cpp_pubsub/share/cpp_pubsub/environment/path.dsv
[1.593s] -- Up-to-date: /home/michfiona2002/ros2_ws/install/cpp_pubsub/share/cpp_pubsub/local_setup.bash
[1.594s] -- Up-to-date: /home/michfiona2002/ros2_ws/install/cpp_pubsub/share/cpp_pubsub/local_setup.sh
[1.595s] -- Up-to-date: /home/michfiona2002/ros2_ws/install/cpp_pubsub/share/cpp_pubsub/local_setup.zsh
[1.595s] -- Up-to-date: /home/michfiona2002/ros2_ws/install/cpp_pubsub/share/cpp_pubsub/local_setup.dsv
[1.595s] -- Installing: /home/michfiona2002/ros2_ws/install/cpp_pubsub/share/cpp_pubsub/package.dsv
[1.596s] -- Up-to-date: /home/michfiona2002/ros2_ws/install/cpp_pubsub/share/ament_index/resource_index/packages/cpp_pubsub
[1.596s] -- Up-to-date: /home/michfiona2002/ros2_ws/install/cpp_pubsub/share/cpp_pubsub/cmake/cpp_pubsubConfig.cmake
[1.596s] -- Up-to-date: /home/michfiona2002/ros2_ws/install/cpp_pubsub/share/cpp_pubsub/cmake/cpp_pubsubConfig-version.cmake
[1.597s] -- Up-to-date: /home/michfiona2002/ros2_ws/install/cpp_pubsub/share/cpp_pubsub/package.xml
[1.602s] Invoked command in '/home/michfiona2002/ros2_ws/build/cpp_pubsub' returned '0': CMAKE_PREFIX_PATH=${CMAKE_PREFIX_PATH}:/home/michfiona2002/ros2_ws/install/talker:/home/michfiona2002/ros2_ws/install/listener:/home/michfiona2002/dojo_robotics_2025/install/my_robot_package:/opt/ros/humble /usr/bin/cmake --install /home/michfiona2002/ros2_ws/build/cpp_pubsub
