[0.664s] Invoking command in '/home/michfiona2002/dojo_robotics_2025/src/my_robot_package': PYTHONPATH=/home/michfiona2002/dojo_robotics_2025/build/my_robot_package/prefix_override:/usr/lib/python3/dist-packages/colcon_core/task/python/colcon_distutils_commands:/home/michfiona2002/dojo_robotics_2025/install/my_robot_package/lib/python3.10/site-packages:${PYTHONPATH} /usr/bin/python3 -W ignore:setup.py install is deprecated -W ignore:easy_install command is deprecated setup.py egg_info --egg-base ../../build/my_robot_package build --build-base /home/michfiona2002/dojo_robotics_2025/build/my_robot_package/build install --record /home/michfiona2002/dojo_robotics_2025/build/my_robot_package/install.log --single-version-externally-managed install_data
[1.089s] running egg_info
[1.089s] writing ../../build/my_robot_package/my_robot_package.egg-info/PKG-INFO
[1.090s] writing dependency_links to ../../build/my_robot_package/my_robot_package.egg-info/dependency_links.txt
[1.090s] writing entry points to ../../build/my_robot_package/my_robot_package.egg-info/entry_points.txt
[1.090s] writing requirements to ../../build/my_robot_package/my_robot_package.egg-info/requires.txt
[1.090s] writing top-level names to ../../build/my_robot_package/my_robot_package.egg-info/top_level.txt
[1.093s] reading manifest file '../../build/my_robot_package/my_robot_package.egg-info/SOURCES.txt'
[1.094s] writing manifest file '../../build/my_robot_package/my_robot_package.egg-info/SOURCES.txt'
[1.094s] running build
[1.094s] running build_py
[1.095s] running install
[1.095s] running install_lib
[1.097s] running install_data
[1.097s] running install_egg_info
[1.099s] removing '/home/michfiona2002/dojo_robotics_2025/install/my_robot_package/lib/python3.10/site-packages/my_robot_package-0.0.0-py3.10.egg-info' (and everything under it)
[1.100s] Copying ../../build/my_robot_package/my_robot_package.egg-info to /home/michfiona2002/dojo_robotics_2025/install/my_robot_package/lib/python3.10/site-packages/my_robot_package-0.0.0-py3.10.egg-info
[1.101s] running install_scripts
[1.132s] Installing my_first_node script to /home/michfiona2002/dojo_robotics_2025/install/my_robot_package/lib/my_robot_package
[1.133s] writing list of installed files to '/home/michfiona2002/dojo_robotics_2025/build/my_robot_package/install.log'
[1.159s] Invoked command in '/home/michfiona2002/dojo_robotics_2025/src/my_robot_package' returned '0': PYTHONPATH=/home/michfiona2002/dojo_robotics_2025/build/my_robot_package/prefix_override:/usr/lib/python3/dist-packages/colcon_core/task/python/colcon_distutils_commands:/home/michfiona2002/dojo_robotics_2025/install/my_robot_package/lib/python3.10/site-packages:${PYTHONPATH} /usr/bin/python3 -W ignore:setup.py install is deprecated -W ignore:easy_install command is deprecated setup.py egg_info --egg-base ../../build/my_robot_package build --build-base /home/michfiona2002/dojo_robotics_2025/build/my_robot_package/build install --record /home/michfiona2002/dojo_robotics_2025/build/my_robot_package/install.log --single-version-externally-managed install_data
