[0.485s] DEBUG:colcon:Command line arguments: ['/usr/bin/colcon', 'build']
[0.485s] DEBUG:colcon:Parsed command line arguments: Namespace(log_base=None, log_level=None, verb_name='build', build_base='build', install_base='install', merge_install=False, symlink_install=False, test_result_base=None, continue_on_error=False, executor='parallel', parallel_workers=8, event_handlers=None, ignore_user_meta=False, metas=['./colcon.meta'], base_paths=['.'], packages_ignore=None, packages_ignore_regex=None, paths=None, packages_up_to=None, packages_up_to_regex=None, packages_above=None, packages_above_and_dependencies=None, packages_above_depth=None, packages_select_by_dep=None, packages_skip_by_dep=None, packages_skip_up_to=None, packages_select_build_failed=False, packages_skip_build_finished=False, packages_select_test_failures=False, packages_skip_test_passed=False, packages_select=None, packages_skip=None, packages_select_regex=None, packages_skip_regex=None, packages_start=None, packages_end=None, allow_overriding=[], cmake_args=None, cmake_target=None, cmake_target_skip_unavailable=False, cmake_clean_cache=False, cmake_clean_first=False, cmake_force_configure=False, ament_cmake_args=None, catkin_cmake_args=None, catkin_skip_building_tests=False, verb_parser=<colcon_defaults.argument_parser.defaults.DefaultArgumentsDecorator object at 0x7a8a276972b0>, verb_extension=<colcon_core.verb.build.BuildVerb object at 0x7a8a27850730>, main=<bound method BuildVerb.main of <colcon_core.verb.build.BuildVerb object at 0x7a8a27850730>>)
[0.927s] Level 1:colcon.colcon_core.package_discovery:discover_packages(colcon_meta) check parameters
[0.927s] Level 1:colcon.colcon_core.package_discovery:discover_packages(recursive) check parameters
[0.927s] Level 1:colcon.colcon_core.package_discovery:discover_packages(ignore) check parameters
[0.927s] Level 1:colcon.colcon_core.package_discovery:discover_packages(path) check parameters
[0.927s] Level 1:colcon.colcon_core.package_discovery:discover_packages(colcon_meta) discover
[0.927s] Level 1:colcon.colcon_core.package_discovery:discover_packages(recursive) discover
[0.927s] INFO:colcon.colcon_core.package_discovery:Crawling recursively for packages in '/home/michfiona2002/dojo_robotics_2025/src/my_robot_package'
[0.928s] Level 1:colcon.colcon_core.package_identification:_identify(.) by extensions ['ignore', 'ignore_ament_install']
[0.928s] Level 1:colcon.colcon_core.package_identification:_identify(.) by extension 'ignore'
[0.928s] Level 1:colcon.colcon_core.package_identification:_identify(.) by extension 'ignore_ament_install'
[0.928s] Level 1:colcon.colcon_core.package_identification:_identify(.) by extensions ['colcon_pkg']
[0.928s] Level 1:colcon.colcon_core.package_identification:_identify(.) by extension 'colcon_pkg'
[0.928s] Level 1:colcon.colcon_core.package_identification:_identify(.) by extensions ['colcon_meta']
[0.928s] Level 1:colcon.colcon_core.package_identification:_identify(.) by extension 'colcon_meta'
[0.928s] Level 1:colcon.colcon_core.package_identification:_identify(.) by extensions ['ros']
[0.928s] Level 1:colcon.colcon_core.package_identification:_identify(.) by extension 'ros'
[0.966s] DEBUG:colcon.colcon_core.package_identification:Package '.' with type 'ros.ament_python' and name 'my_robot_package'
[0.966s] Level 1:colcon.colcon_core.package_discovery:discover_packages(recursive) using defaults
[0.966s] Level 1:colcon.colcon_core.package_discovery:discover_packages(ignore) discover
[0.966s] Level 1:colcon.colcon_core.package_discovery:discover_packages(ignore) using defaults
[0.966s] Level 1:colcon.colcon_core.package_discovery:discover_packages(path) discover
[0.966s] Level 1:colcon.colcon_core.package_discovery:discover_packages(path) using defaults
[1.022s] Level 1:colcon.colcon_core.package_discovery:discover_packages(prefix_path) check parameters
[1.022s] Level 1:colcon.colcon_core.package_discovery:discover_packages(prefix_path) discover
[1.028s] DEBUG:colcon.colcon_installed_package_information.package_discovery:Found 0 installed packages in /home/michfiona2002/dojo_robotics_2025/install
[1.032s] DEBUG:colcon.colcon_installed_package_information.package_discovery:Found 295 installed packages in /opt/ros/humble
[1.035s] Level 1:colcon.colcon_core.package_discovery:discover_packages(prefix_path) using defaults
[1.188s] Level 5:colcon.colcon_core.verb:set package 'my_robot_package' build argument 'cmake_args' from command line to 'None'
[1.189s] Level 5:colcon.colcon_core.verb:set package 'my_robot_package' build argument 'cmake_target' from command line to 'None'
[1.189s] Level 5:colcon.colcon_core.verb:set package 'my_robot_package' build argument 'cmake_target_skip_unavailable' from command line to 'False'
[1.189s] Level 5:colcon.colcon_core.verb:set package 'my_robot_package' build argument 'cmake_clean_cache' from command line to 'False'
[1.189s] Level 5:colcon.colcon_core.verb:set package 'my_robot_package' build argument 'cmake_clean_first' from command line to 'False'
[1.189s] Level 5:colcon.colcon_core.verb:set package 'my_robot_package' build argument 'cmake_force_configure' from command line to 'False'
[1.189s] Level 5:colcon.colcon_core.verb:set package 'my_robot_package' build argument 'ament_cmake_args' from command line to 'None'
[1.189s] Level 5:colcon.colcon_core.verb:set package 'my_robot_package' build argument 'catkin_cmake_args' from command line to 'None'
[1.189s] Level 5:colcon.colcon_core.verb:set package 'my_robot_package' build argument 'catkin_skip_building_tests' from command line to 'False'
[1.189s] DEBUG:colcon.colcon_core.verb:Building package 'my_robot_package' with the following arguments: {'ament_cmake_args': None, 'build_base': '/home/michfiona2002/dojo_robotics_2025/src/my_robot_package/build/my_robot_package', 'catkin_cmake_args': None, 'catkin_skip_building_tests': False, 'cmake_args': None, 'cmake_clean_cache': False, 'cmake_clean_first': False, 'cmake_force_configure': False, 'cmake_target': None, 'cmake_target_skip_unavailable': False, 'install_base': '/home/michfiona2002/dojo_robotics_2025/src/my_robot_package/install/my_robot_package', 'merge_install': False, 'path': '/home/michfiona2002/dojo_robotics_2025/src/my_robot_package', 'symlink_install': False, 'test_result_base': None}
[1.189s] INFO:colcon.colcon_core.executor:Executing jobs using 'parallel' executor
[1.192s] DEBUG:colcon.colcon_parallel_executor.executor.parallel:run_until_complete
[1.193s] INFO:colcon.colcon_ros.task.ament_python.build:Building ROS package in '/home/michfiona2002/dojo_robotics_2025/src/my_robot_package' with build type 'ament_python'
[1.193s] Level 1:colcon.colcon_core.shell:create_environment_hook('my_robot_package', 'ament_prefix_path')
[1.201s] INFO:colcon.colcon_core.plugin_system:Skipping extension 'colcon_core.shell.bat': Not used on non-Windows systems
[1.202s] INFO:colcon.colcon_core.shell:Creating environment hook '/home/michfiona2002/dojo_robotics_2025/src/my_robot_package/install/my_robot_package/share/my_robot_package/hook/ament_prefix_path.ps1'
[1.208s] INFO:colcon.colcon_core.shell:Creating environment descriptor '/home/michfiona2002/dojo_robotics_2025/src/my_robot_package/install/my_robot_package/share/my_robot_package/hook/ament_prefix_path.dsv'
[1.209s] INFO:colcon.colcon_core.shell:Creating environment hook '/home/michfiona2002/dojo_robotics_2025/src/my_robot_package/install/my_robot_package/share/my_robot_package/hook/ament_prefix_path.sh'
[1.211s] INFO:colcon.colcon_core.shell:Skip shell extension 'powershell' for command environment: Not usable outside of PowerShell
[1.211s] DEBUG:colcon.colcon_core.shell:Skip shell extension 'dsv' for command environment
[1.631s] INFO:colcon.colcon_core.task.python.build:Building Python package in '/home/michfiona2002/dojo_robotics_2025/src/my_robot_package'
[1.631s] INFO:colcon.colcon_core.shell:Skip shell extension 'powershell' for command environment: Not usable outside of PowerShell
[1.632s] DEBUG:colcon.colcon_core.shell:Skip shell extension 'dsv' for command environment
[2.592s] DEBUG:colcon.colcon_core.event_handler.log_command:Invoking command in '/home/michfiona2002/dojo_robotics_2025/src/my_robot_package': PYTHONPATH=/home/michfiona2002/dojo_robotics_2025/src/my_robot_package/build/my_robot_package/prefix_override:/usr/lib/python3/dist-packages/colcon_core/task/python/colcon_distutils_commands:/home/michfiona2002/dojo_robotics_2025/src/my_robot_package/install/my_robot_package/lib/python3.10/site-packages:${PYTHONPATH} /usr/bin/python3 -W ignore:setup.py install is deprecated -W ignore:easy_install command is deprecated setup.py egg_info --egg-base build/my_robot_package build --build-base /home/michfiona2002/dojo_robotics_2025/src/my_robot_package/build/my_robot_package/build install --record /home/michfiona2002/dojo_robotics_2025/src/my_robot_package/build/my_robot_package/install.log --single-version-externally-managed install_data
[3.026s] DEBUG:colcon.colcon_core.event_handler.log_command:Invoked command in '/home/michfiona2002/dojo_robotics_2025/src/my_robot_package' returned '0': PYTHONPATH=/home/michfiona2002/dojo_robotics_2025/src/my_robot_package/build/my_robot_package/prefix_override:/usr/lib/python3/dist-packages/colcon_core/task/python/colcon_distutils_commands:/home/michfiona2002/dojo_robotics_2025/src/my_robot_package/install/my_robot_package/lib/python3.10/site-packages:${PYTHONPATH} /usr/bin/python3 -W ignore:setup.py install is deprecated -W ignore:easy_install command is deprecated setup.py egg_info --egg-base build/my_robot_package build --build-base /home/michfiona2002/dojo_robotics_2025/src/my_robot_package/build/my_robot_package/build install --record /home/michfiona2002/dojo_robotics_2025/src/my_robot_package/build/my_robot_package/install.log --single-version-externally-managed install_data
[3.039s] Level 1:colcon.colcon_core.environment:checking '/home/michfiona2002/dojo_robotics_2025/src/my_robot_package/install/my_robot_package' for CMake module files
[3.040s] Level 1:colcon.colcon_core.environment:checking '/home/michfiona2002/dojo_robotics_2025/src/my_robot_package/install/my_robot_package' for CMake config files
[3.040s] Level 1:colcon.colcon_core.environment:checking '/home/michfiona2002/dojo_robotics_2025/src/my_robot_package/install/my_robot_package/lib'
[3.040s] Level 1:colcon.colcon_core.environment:checking '/home/michfiona2002/dojo_robotics_2025/src/my_robot_package/install/my_robot_package/bin'
[3.041s] Level 1:colcon.colcon_core.environment:checking '/home/michfiona2002/dojo_robotics_2025/src/my_robot_package/install/my_robot_package/lib/pkgconfig/my_robot_package.pc'
[3.041s] Level 1:colcon.colcon_core.environment:checking '/home/michfiona2002/dojo_robotics_2025/src/my_robot_package/install/my_robot_package/lib/python3.10/site-packages'
[3.041s] Level 1:colcon.colcon_core.shell:create_environment_hook('my_robot_package', 'pythonpath')
[3.041s] INFO:colcon.colcon_core.shell:Creating environment hook '/home/michfiona2002/dojo_robotics_2025/src/my_robot_package/install/my_robot_package/share/my_robot_package/hook/pythonpath.ps1'
[3.042s] INFO:colcon.colcon_core.shell:Creating environment descriptor '/home/michfiona2002/dojo_robotics_2025/src/my_robot_package/install/my_robot_package/share/my_robot_package/hook/pythonpath.dsv'
[3.043s] INFO:colcon.colcon_core.shell:Creating environment hook '/home/michfiona2002/dojo_robotics_2025/src/my_robot_package/install/my_robot_package/share/my_robot_package/hook/pythonpath.sh'
[3.044s] Level 1:colcon.colcon_core.environment:checking '/home/michfiona2002/dojo_robotics_2025/src/my_robot_package/install/my_robot_package/bin'
[3.044s] Level 1:colcon.colcon_core.environment:create_environment_scripts_only(my_robot_package)
[3.045s] INFO:colcon.colcon_core.shell:Creating package script '/home/michfiona2002/dojo_robotics_2025/src/my_robot_package/install/my_robot_package/share/my_robot_package/package.ps1'
[3.047s] INFO:colcon.colcon_core.shell:Creating package descriptor '/home/michfiona2002/dojo_robotics_2025/src/my_robot_package/install/my_robot_package/share/my_robot_package/package.dsv'
[3.048s] INFO:colcon.colcon_core.shell:Creating package script '/home/michfiona2002/dojo_robotics_2025/src/my_robot_package/install/my_robot_package/share/my_robot_package/package.sh'
[3.050s] INFO:colcon.colcon_core.shell:Creating package script '/home/michfiona2002/dojo_robotics_2025/src/my_robot_package/install/my_robot_package/share/my_robot_package/package.bash'
[3.051s] INFO:colcon.colcon_core.shell:Creating package script '/home/michfiona2002/dojo_robotics_2025/src/my_robot_package/install/my_robot_package/share/my_robot_package/package.zsh'
[3.052s] Level 1:colcon.colcon_core.environment:create_file_with_runtime_dependencies(/home/michfiona2002/dojo_robotics_2025/src/my_robot_package/install/my_robot_package/share/colcon-core/packages/my_robot_package)
[3.054s] DEBUG:colcon.colcon_parallel_executor.executor.parallel:closing loop
[3.055s] DEBUG:colcon.colcon_parallel_executor.executor.parallel:loop closed
[3.055s] DEBUG:colcon.colcon_parallel_executor.executor.parallel:run_until_complete finished with '0'
[3.056s] DEBUG:colcon.colcon_core.event_reactor:joining thread
[3.119s] INFO:colcon.colcon_core.plugin_system:Skipping extension 'colcon_notification.desktop_notification.notify_send': Could not find 'notify-send'
[3.119s] INFO:colcon.colcon_core.plugin_system:Skipping extension 'colcon_notification.desktop_notification.terminal_notifier': Not used on non-Darwin systems
[3.119s] INFO:colcon.colcon_core.plugin_system:Skipping extension 'colcon_notification.desktop_notification.win32': Not used on non-Windows systems
[3.120s] INFO:colcon.colcon_notification.desktop_notification:Sending desktop notification using 'notify2'
[3.122s] DEBUG:colcon.colcon_notification.desktop_notification.notify2:Failed to initialize notify2: org.freedesktop.DBus.Error.FileNotFound: Failed to connect to socket /run/user/1000/bus: No such file or directory
[3.122s] DEBUG:colcon.colcon_core.event_reactor:joined thread
[3.122s] INFO:colcon.colcon_core.shell:Creating prefix script '/home/michfiona2002/dojo_robotics_2025/src/my_robot_package/install/local_setup.ps1'
[3.124s] INFO:colcon.colcon_core.shell:Creating prefix util module '/home/michfiona2002/dojo_robotics_2025/src/my_robot_package/install/_local_setup_util_ps1.py'
[3.126s] INFO:colcon.colcon_core.shell:Creating prefix chain script '/home/michfiona2002/dojo_robotics_2025/src/my_robot_package/install/setup.ps1'
[3.129s] INFO:colcon.colcon_core.shell:Creating prefix script '/home/michfiona2002/dojo_robotics_2025/src/my_robot_package/install/local_setup.sh'
[3.130s] INFO:colcon.colcon_core.shell:Creating prefix util module '/home/michfiona2002/dojo_robotics_2025/src/my_robot_package/install/_local_setup_util_sh.py'
[3.131s] INFO:colcon.colcon_core.shell:Creating prefix chain script '/home/michfiona2002/dojo_robotics_2025/src/my_robot_package/install/setup.sh'
[3.133s] INFO:colcon.colcon_core.shell:Creating prefix script '/home/michfiona2002/dojo_robotics_2025/src/my_robot_package/install/local_setup.bash'
[3.134s] INFO:colcon.colcon_core.shell:Creating prefix chain script '/home/michfiona2002/dojo_robotics_2025/src/my_robot_package/install/setup.bash'
[3.135s] INFO:colcon.colcon_core.shell:Creating prefix script '/home/michfiona2002/dojo_robotics_2025/src/my_robot_package/install/local_setup.zsh'
[3.136s] INFO:colcon.colcon_core.shell:Creating prefix chain script '/home/michfiona2002/dojo_robotics_2025/src/my_robot_package/install/setup.zsh'
