running egg_info
creating ../build/talker/talker.egg-info
writing ../build/talker/talker.egg-info/PKG-INFO
writing dependency_links to ../build/talker/talker.egg-info/dependency_links.txt
writing entry points to ../build/talker/talker.egg-info/entry_points.txt
writing requirements to ../build/talker/talker.egg-info/requires.txt
writing top-level names to ../build/talker/talker.egg-info/top_level.txt
writing manifest file '../build/talker/talker.egg-info/SOURCES.txt'
reading manifest file '../build/talker/talker.egg-info/SOURCES.txt'
writing manifest file '../build/talker/talker.egg-info/SOURCES.txt'
running build
running build_py
creating /home/michfiona2002/ros2_ws/build/talker/build
creating /home/michfiona2002/ros2_ws/build/talker/build/lib
creating /home/michfiona2002/ros2_ws/build/talker/build/lib/talker
copying talker/__init__.py -> /home/michfiona2002/ros2_ws/build/talker/build/lib/talker
copying talker/talker.py -> /home/michfiona2002/ros2_ws/build/talker/build/lib/talker
running install
running install_lib
creating /home/michfiona2002/ros2_ws/install/talker/lib/python3.10/site-packages/talker
copying /home/michfiona2002/ros2_ws/build/talker/build/lib/talker/__init__.py -> /home/michfiona2002/ros2_ws/install/talker/lib/python3.10/site-packages/talker
copying /home/michfiona2002/ros2_ws/build/talker/build/lib/talker/talker.py -> /home/michfiona2002/ros2_ws/install/talker/lib/python3.10/site-packages/talker
byte-compiling /home/michfiona2002/ros2_ws/install/talker/lib/python3.10/site-packages/talker/__init__.py to __init__.cpython-310.pyc
byte-compiling /home/michfiona2002/ros2_ws/install/talker/lib/python3.10/site-packages/talker/talker.py to talker.cpython-310.pyc
running install_data
creating /home/michfiona2002/ros2_ws/install/talker/share/ament_index
creating /home/michfiona2002/ros2_ws/install/talker/share/ament_index/resource_index
creating /home/michfiona2002/ros2_ws/install/talker/share/ament_index/resource_index/packages
copying resource/talker -> /home/michfiona2002/ros2_ws/install/talker/share/ament_index/resource_index/packages
copying package.xml -> /home/michfiona2002/ros2_ws/install/talker/share/talker
running install_egg_info
Copying ../build/talker/talker.egg-info to /home/michfiona2002/ros2_ws/install/talker/lib/python3.10/site-packages/talker-0.0.0-py3.10.egg-info
running install_scripts
Installing talker script to /home/michfiona2002/ros2_ws/install/talker/lib/talker
writing list of installed files to '/home/michfiona2002/ros2_ws/build/talker/install.log'
