[3.023s] Invoking command in '/home/michfiona2002/ros2_ws/talker': PYTHONPATH=/home/michfiona2002/ros2_ws/build/talker/prefix_override:/usr/lib/python3/dist-packages/colcon_core/task/python/colcon_distutils_commands:/home/michfiona2002/ros2_ws/install/talker/lib/python3.10/site-packages:${PYTHONPATH} /usr/bin/python3 -W ignore:setup.py install is deprecated -W ignore:easy_install command is deprecated setup.py egg_info --egg-base ../build/talker build --build-base /home/michfiona2002/ros2_ws/build/talker/build install --record /home/michfiona2002/ros2_ws/build/talker/install.log --single-version-externally-managed install_data
[3.727s] running egg_info
[3.728s] creating ../build/talker/talker.egg-info
[3.731s] writing ../build/talker/talker.egg-info/PKG-INFO
[3.734s] writing dependency_links to ../build/talker/talker.egg-info/dependency_links.txt
[3.734s] writing entry points to ../build/talker/talker.egg-info/entry_points.txt
[3.736s] writing requirements to ../build/talker/talker.egg-info/requires.txt
[3.736s] writing top-level names to ../build/talker/talker.egg-info/top_level.txt
[3.737s] writing manifest file '../build/talker/talker.egg-info/SOURCES.txt'
[3.743s] reading manifest file '../build/talker/talker.egg-info/SOURCES.txt'
[3.745s] writing manifest file '../build/talker/talker.egg-info/SOURCES.txt'
[3.746s] running build
[3.746s] running build_py
[3.747s] creating /home/michfiona2002/ros2_ws/build/talker/build
[3.748s] creating /home/michfiona2002/ros2_ws/build/talker/build/lib
[3.749s] creating /home/michfiona2002/ros2_ws/build/talker/build/lib/talker
[3.750s] copying talker/__init__.py -> /home/michfiona2002/ros2_ws/build/talker/build/lib/talker
[3.751s] copying talker/talker.py -> /home/michfiona2002/ros2_ws/build/talker/build/lib/talker
[3.752s] running install
[3.754s] running install_lib
[3.756s] creating /home/michfiona2002/ros2_ws/install/talker/lib/python3.10/site-packages/talker
[3.757s] copying /home/michfiona2002/ros2_ws/build/talker/build/lib/talker/__init__.py -> /home/michfiona2002/ros2_ws/install/talker/lib/python3.10/site-packages/talker
[3.757s] copying /home/michfiona2002/ros2_ws/build/talker/build/lib/talker/talker.py -> /home/michfiona2002/ros2_ws/install/talker/lib/python3.10/site-packages/talker
[3.760s] byte-compiling /home/michfiona2002/ros2_ws/install/talker/lib/python3.10/site-packages/talker/__init__.py to __init__.cpython-310.pyc
[3.762s] byte-compiling /home/michfiona2002/ros2_ws/install/talker/lib/python3.10/site-packages/talker/talker.py to talker.cpython-310.pyc
[3.762s] running install_data
[3.763s] creating /home/michfiona2002/ros2_ws/install/talker/share/ament_index
[3.764s] creating /home/michfiona2002/ros2_ws/install/talker/share/ament_index/resource_index
[3.765s] creating /home/michfiona2002/ros2_ws/install/talker/share/ament_index/resource_index/packages
[3.766s] copying resource/talker -> /home/michfiona2002/ros2_ws/install/talker/share/ament_index/resource_index/packages
[3.767s] copying package.xml -> /home/michfiona2002/ros2_ws/install/talker/share/talker
[3.767s] running install_egg_info
[3.772s] Copying ../build/talker/talker.egg-info to /home/michfiona2002/ros2_ws/install/talker/lib/python3.10/site-packages/talker-0.0.0-py3.10.egg-info
[3.778s] running install_scripts
[3.849s] Installing talker script to /home/michfiona2002/ros2_ws/install/talker/lib/talker
[3.852s] writing list of installed files to '/home/michfiona2002/ros2_ws/build/talker/install.log'
[3.955s] Invoked command in '/home/michfiona2002/ros2_ws/talker' returned '0': PYTHONPATH=/home/michfiona2002/ros2_ws/build/talker/prefix_override:/usr/lib/python3/dist-packages/colcon_core/task/python/colcon_distutils_commands:/home/michfiona2002/ros2_ws/install/talker/lib/python3.10/site-packages:${PYTHONPATH} /usr/bin/python3 -W ignore:setup.py install is deprecated -W ignore:easy_install command is deprecated setup.py egg_info --egg-base ../build/talker build --build-base /home/michfiona2002/ros2_ws/build/talker/build install --record /home/michfiona2002/ros2_ws/build/talker/install.log --single-version-externally-managed install_data
