[0.422s] DEBUG:colcon:Command line arguments: ['/usr/bin/colcon', 'build']
[0.422s] DEBUG:colcon:Parsed command line arguments: Namespace(log_base=None, log_level=None, verb_name='build', build_base='build', install_base='install', merge_install=False, symlink_install=False, test_result_base=None, continue_on_error=False, executor='parallel', parallel_workers=8, event_handlers=None, ignore_user_meta=False, metas=['./colcon.meta'], base_paths=['.'], packages_ignore=None, packages_ignore_regex=None, paths=None, packages_up_to=None, packages_up_to_regex=None, packages_above=None, packages_above_and_dependencies=None, packages_above_depth=None, packages_select_by_dep=None, packages_skip_by_dep=None, packages_skip_up_to=None, packages_select_build_failed=False, packages_skip_build_finished=False, packages_select_test_failures=False, packages_skip_test_passed=False, packages_select=None, packages_skip=None, packages_select_regex=None, packages_skip_regex=None, packages_start=None, packages_end=None, allow_overriding=[], cmake_args=None, cmake_target=None, cmake_target_skip_unavailable=False, cmake_clean_cache=False, cmake_clean_first=False, cmake_force_configure=False, ament_cmake_args=None, catkin_cmake_args=None, catkin_skip_building_tests=False, verb_parser=<colcon_defaults.argument_parser.defaults.DefaultArgumentsDecorator object at 0x7b4f7cd1f5e0>, verb_extension=<colcon_core.verb.build.BuildVerb object at 0x7b4f7ce64970>, main=<bound method BuildVerb.main of <colcon_core.verb.build.BuildVerb object at 0x7b4f7ce64970>>)
[0.801s] Level 1:colcon.colcon_core.package_discovery:discover_packages(colcon_meta) check parameters
[0.801s] Level 1:colcon.colcon_core.package_discovery:discover_packages(recursive) check parameters
[0.801s] Level 1:colcon.colcon_core.package_discovery:discover_packages(ignore) check parameters
[0.801s] Level 1:colcon.colcon_core.package_discovery:discover_packages(path) check parameters
[0.801s] Level 1:colcon.colcon_core.package_discovery:discover_packages(colcon_meta) discover
[0.801s] Level 1:colcon.colcon_core.package_discovery:discover_packages(recursive) discover
[0.801s] INFO:colcon.colcon_core.package_discovery:Crawling recursively for packages in '/home/michfiona2002/dojo_robotics_2025'
[0.801s] Level 1:colcon.colcon_core.package_identification:_identify(.) by extensions ['ignore', 'ignore_ament_install']
[0.801s] Level 1:colcon.colcon_core.package_identification:_identify(.) by extension 'ignore'
[0.801s] Level 1:colcon.colcon_core.package_identification:_identify(.) by extension 'ignore_ament_install'
[0.801s] Level 1:colcon.colcon_core.package_identification:_identify(.) by extensions ['colcon_pkg']
[0.801s] Level 1:colcon.colcon_core.package_identification:_identify(.) by extension 'colcon_pkg'
[0.801s] Level 1:colcon.colcon_core.package_identification:_identify(.) by extensions ['colcon_meta']
[0.801s] Level 1:colcon.colcon_core.package_identification:_identify(.) by extension 'colcon_meta'
[0.802s] Level 1:colcon.colcon_core.package_identification:_identify(.) by extensions ['ros']
[0.802s] Level 1:colcon.colcon_core.package_identification:_identify(.) by extension 'ros'
[0.820s] Level 1:colcon.colcon_core.package_identification:_identify(.) by extensions ['cmake', 'python']
[0.820s] Level 1:colcon.colcon_core.package_identification:_identify(.) by extension 'cmake'
[0.821s] Level 1:colcon.colcon_core.package_identification:_identify(.) by extension 'python'
[0.821s] Level 1:colcon.colcon_core.package_identification:_identify(.) by extensions ['python_setup_py']
[0.821s] Level 1:colcon.colcon_core.package_identification:_identify(.) by extension 'python_setup_py'
[0.821s] Level 1:colcon.colcon_core.package_identification:_identify(build) by extensions ['ignore', 'ignore_ament_install']
[0.821s] Level 1:colcon.colcon_core.package_identification:_identify(build) by extension 'ignore'
[0.821s] Level 1:colcon.colcon_core.package_identification:_identify(build) ignored
[0.822s] Level 1:colcon.colcon_core.package_identification:_identify(install) by extensions ['ignore', 'ignore_ament_install']
[0.822s] Level 1:colcon.colcon_core.package_identification:_identify(install) by extension 'ignore'
[0.822s] Level 1:colcon.colcon_core.package_identification:_identify(install) ignored
[0.822s] Level 1:colcon.colcon_core.package_identification:_identify(log) by extensions ['ignore', 'ignore_ament_install']
[0.822s] Level 1:colcon.colcon_core.package_identification:_identify(log) by extension 'ignore'
[0.822s] Level 1:colcon.colcon_core.package_identification:_identify(log) ignored
[0.823s] Level 1:colcon.colcon_core.package_identification:_identify(my_robot_pack2) by extensions ['ignore', 'ignore_ament_install']
[0.823s] Level 1:colcon.colcon_core.package_identification:_identify(my_robot_pack2) by extension 'ignore'
[0.823s] Level 1:colcon.colcon_core.package_identification:_identify(my_robot_pack2) by extension 'ignore_ament_install'
[0.823s] Level 1:colcon.colcon_core.package_identification:_identify(my_robot_pack2) by extensions ['colcon_pkg']
[0.823s] Level 1:colcon.colcon_core.package_identification:_identify(my_robot_pack2) by extension 'colcon_pkg'
[0.823s] Level 1:colcon.colcon_core.package_identification:_identify(my_robot_pack2) by extensions ['colcon_meta']
[0.823s] Level 1:colcon.colcon_core.package_identification:_identify(my_robot_pack2) by extension 'colcon_meta'
[0.823s] Level 1:colcon.colcon_core.package_identification:_identify(my_robot_pack2) by extensions ['ros']
[0.823s] Level 1:colcon.colcon_core.package_identification:_identify(my_robot_pack2) by extension 'ros'
[0.828s] DEBUG:colcon.colcon_core.package_identification:Package 'my_robot_pack2' with type 'ros.ament_cmake' and name 'my_robot_pack2'
[0.829s] Level 1:colcon.colcon_core.package_identification:_identify(src) by extensions ['ignore', 'ignore_ament_install']
[0.829s] Level 1:colcon.colcon_core.package_identification:_identify(src) by extension 'ignore'
[0.829s] Level 1:colcon.colcon_core.package_identification:_identify(src) by extension 'ignore_ament_install'
[0.829s] Level 1:colcon.colcon_core.package_identification:_identify(src) by extensions ['colcon_pkg']
[0.829s] Level 1:colcon.colcon_core.package_identification:_identify(src) by extension 'colcon_pkg'
[0.829s] Level 1:colcon.colcon_core.package_identification:_identify(src) by extensions ['colcon_meta']
[0.829s] Level 1:colcon.colcon_core.package_identification:_identify(src) by extension 'colcon_meta'
[0.829s] Level 1:colcon.colcon_core.package_identification:_identify(src) by extensions ['ros']
[0.829s] Level 1:colcon.colcon_core.package_identification:_identify(src) by extension 'ros'
[0.829s] Level 1:colcon.colcon_core.package_identification:_identify(src) by extensions ['cmake', 'python']
[0.829s] Level 1:colcon.colcon_core.package_identification:_identify(src) by extension 'cmake'
[0.829s] Level 1:colcon.colcon_core.package_identification:_identify(src) by extension 'python'
[0.829s] Level 1:colcon.colcon_core.package_identification:_identify(src) by extensions ['python_setup_py']
[0.829s] Level 1:colcon.colcon_core.package_identification:_identify(src) by extension 'python_setup_py'
[0.829s] Level 1:colcon.colcon_core.package_identification:_identify(src/my_robot_package) by extensions ['ignore', 'ignore_ament_install']
[0.830s] Level 1:colcon.colcon_core.package_identification:_identify(src/my_robot_package) by extension 'ignore'
[0.830s] Level 1:colcon.colcon_core.package_identification:_identify(src/my_robot_package) by extension 'ignore_ament_install'
[0.830s] Level 1:colcon.colcon_core.package_identification:_identify(src/my_robot_package) by extensions ['colcon_pkg']
[0.830s] Level 1:colcon.colcon_core.package_identification:_identify(src/my_robot_package) by extension 'colcon_pkg'
[0.830s] Level 1:colcon.colcon_core.package_identification:_identify(src/my_robot_package) by extensions ['colcon_meta']
[0.830s] Level 1:colcon.colcon_core.package_identification:_identify(src/my_robot_package) by extension 'colcon_meta'
[0.830s] Level 1:colcon.colcon_core.package_identification:_identify(src/my_robot_package) by extensions ['ros']
[0.830s] Level 1:colcon.colcon_core.package_identification:_identify(src/my_robot_package) by extension 'ros'
[0.831s] DEBUG:colcon.colcon_core.package_identification:Package 'src/my_robot_package' with type 'ros.ament_python' and name 'my_robot_package'
[0.831s] Level 1:colcon.colcon_core.package_discovery:discover_packages(recursive) using defaults
[0.831s] Level 1:colcon.colcon_core.package_discovery:discover_packages(ignore) discover
[0.831s] Level 1:colcon.colcon_core.package_discovery:discover_packages(ignore) using defaults
[0.831s] Level 1:colcon.colcon_core.package_discovery:discover_packages(path) discover
[0.831s] Level 1:colcon.colcon_core.package_discovery:discover_packages(path) using defaults
[0.873s] Level 1:colcon.colcon_core.package_discovery:discover_packages(prefix_path) check parameters
[0.874s] Level 1:colcon.colcon_core.package_discovery:discover_packages(prefix_path) discover
[0.879s] DEBUG:colcon.colcon_installed_package_information.package_discovery:Found 2 installed packages in /home/michfiona2002/dojo_robotics_2025/install
[0.882s] DEBUG:colcon.colcon_installed_package_information.package_discovery:Found 295 installed packages in /opt/ros/humble
[0.895s] Level 1:colcon.colcon_core.package_discovery:discover_packages(prefix_path) using defaults
[1.004s] Level 5:colcon.colcon_core.verb:set package 'my_robot_pack2' build argument 'cmake_args' from command line to 'None'
[1.004s] Level 5:colcon.colcon_core.verb:set package 'my_robot_pack2' build argument 'cmake_target' from command line to 'None'
[1.004s] Level 5:colcon.colcon_core.verb:set package 'my_robot_pack2' build argument 'cmake_target_skip_unavailable' from command line to 'False'
[1.004s] Level 5:colcon.colcon_core.verb:set package 'my_robot_pack2' build argument 'cmake_clean_cache' from command line to 'False'
[1.004s] Level 5:colcon.colcon_core.verb:set package 'my_robot_pack2' build argument 'cmake_clean_first' from command line to 'False'
[1.004s] Level 5:colcon.colcon_core.verb:set package 'my_robot_pack2' build argument 'cmake_force_configure' from command line to 'False'
[1.004s] Level 5:colcon.colcon_core.verb:set package 'my_robot_pack2' build argument 'ament_cmake_args' from command line to 'None'
[1.004s] Level 5:colcon.colcon_core.verb:set package 'my_robot_pack2' build argument 'catkin_cmake_args' from command line to 'None'
[1.004s] Level 5:colcon.colcon_core.verb:set package 'my_robot_pack2' build argument 'catkin_skip_building_tests' from command line to 'False'
[1.004s] DEBUG:colcon.colcon_core.verb:Building package 'my_robot_pack2' with the following arguments: {'ament_cmake_args': None, 'build_base': '/home/michfiona2002/dojo_robotics_2025/build/my_robot_pack2', 'catkin_cmake_args': None, 'catkin_skip_building_tests': False, 'cmake_args': None, 'cmake_clean_cache': False, 'cmake_clean_first': False, 'cmake_force_configure': False, 'cmake_target': None, 'cmake_target_skip_unavailable': False, 'install_base': '/home/michfiona2002/dojo_robotics_2025/install/my_robot_pack2', 'merge_install': False, 'path': '/home/michfiona2002/dojo_robotics_2025/my_robot_pack2', 'symlink_install': False, 'test_result_base': None}
[1.005s] Level 5:colcon.colcon_core.verb:set package 'my_robot_package' build argument 'cmake_args' from command line to 'None'
[1.005s] Level 5:colcon.colcon_core.verb:set package 'my_robot_package' build argument 'cmake_target' from command line to 'None'
[1.005s] Level 5:colcon.colcon_core.verb:set package 'my_robot_package' build argument 'cmake_target_skip_unavailable' from command line to 'False'
[1.005s] Level 5:colcon.colcon_core.verb:set package 'my_robot_package' build argument 'cmake_clean_cache' from command line to 'False'
[1.005s] Level 5:colcon.colcon_core.verb:set package 'my_robot_package' build argument 'cmake_clean_first' from command line to 'False'
[1.005s] Level 5:colcon.colcon_core.verb:set package 'my_robot_package' build argument 'cmake_force_configure' from command line to 'False'
[1.005s] Level 5:colcon.colcon_core.verb:set package 'my_robot_package' build argument 'ament_cmake_args' from command line to 'None'
[1.005s] Level 5:colcon.colcon_core.verb:set package 'my_robot_package' build argument 'catkin_cmake_args' from command line to 'None'
[1.005s] Level 5:colcon.colcon_core.verb:set package 'my_robot_package' build argument 'catkin_skip_building_tests' from command line to 'False'
[1.005s] DEBUG:colcon.colcon_core.verb:Building package 'my_robot_package' with the following arguments: {'ament_cmake_args': None, 'build_base': '/home/michfiona2002/dojo_robotics_2025/build/my_robot_package', 'catkin_cmake_args': None, 'catkin_skip_building_tests': False, 'cmake_args': None, 'cmake_clean_cache': False, 'cmake_clean_first': False, 'cmake_force_configure': False, 'cmake_target': None, 'cmake_target_skip_unavailable': False, 'install_base': '/home/michfiona2002/dojo_robotics_2025/install/my_robot_package', 'merge_install': False, 'path': '/home/michfiona2002/dojo_robotics_2025/src/my_robot_package', 'symlink_install': False, 'test_result_base': None}
[1.005s] INFO:colcon.colcon_core.executor:Executing jobs using 'parallel' executor
[1.006s] DEBUG:colcon.colcon_parallel_executor.executor.parallel:run_until_complete
[1.006s] INFO:colcon.colcon_ros.task.ament_cmake.build:Building ROS package in '/home/michfiona2002/dojo_robotics_2025/my_robot_pack2' with build type 'ament_cmake'
[1.007s] INFO:colcon.colcon_cmake.task.cmake.build:Building CMake package in '/home/michfiona2002/dojo_robotics_2025/my_robot_pack2'
[1.015s] INFO:colcon.colcon_core.plugin_system:Skipping extension 'colcon_core.shell.bat': Not used on non-Windows systems
[1.015s] INFO:colcon.colcon_core.shell:Skip shell extension 'powershell' for command environment: Not usable outside of PowerShell
[1.015s] DEBUG:colcon.colcon_core.shell:Skip shell extension 'dsv' for command environment
[1.021s] INFO:colcon.colcon_ros.task.ament_python.build:Building ROS package in '/home/michfiona2002/dojo_robotics_2025/src/my_robot_package' with build type 'ament_python'
[1.022s] Level 1:colcon.colcon_core.shell:create_environment_hook('my_robot_package', 'ament_prefix_path')
[1.022s] INFO:colcon.colcon_core.shell:Creating environment hook '/home/michfiona2002/dojo_robotics_2025/install/my_robot_package/share/my_robot_package/hook/ament_prefix_path.ps1'
[1.025s] INFO:colcon.colcon_core.shell:Creating environment descriptor '/home/michfiona2002/dojo_robotics_2025/install/my_robot_package/share/my_robot_package/hook/ament_prefix_path.dsv'
[1.026s] INFO:colcon.colcon_core.shell:Creating environment hook '/home/michfiona2002/dojo_robotics_2025/install/my_robot_package/share/my_robot_package/hook/ament_prefix_path.sh'
[1.027s] INFO:colcon.colcon_core.shell:Skip shell extension 'powershell' for command environment: Not usable outside of PowerShell
[1.028s] DEBUG:colcon.colcon_core.shell:Skip shell extension 'dsv' for command environment
[1.049s] DEBUG:colcon.colcon_core.event_handler.log_command:Invoking command in '/home/michfiona2002/dojo_robotics_2025/build/my_robot_pack2': CMAKE_PREFIX_PATH=/home/michfiona2002/dojo_robotics_2025/install/my_robot_package:/opt/ros/humble /usr/bin/cmake /home/michfiona2002/dojo_robotics_2025/my_robot_pack2 -DCMAKE_INSTALL_PREFIX=/home/michfiona2002/dojo_robotics_2025/install/my_robot_pack2
[1.412s] INFO:colcon.colcon_core.task.python.build:Building Python package in '/home/michfiona2002/dojo_robotics_2025/src/my_robot_package'
[1.413s] INFO:colcon.colcon_core.shell:Skip shell extension 'powershell' for command environment: Not usable outside of PowerShell
[1.413s] DEBUG:colcon.colcon_core.shell:Skip shell extension 'dsv' for command environment
[2.076s] DEBUG:colcon.colcon_core.event_handler.log_command:Invoking command in '/home/michfiona2002/dojo_robotics_2025/src/my_robot_package': PYTHONPATH=/home/michfiona2002/dojo_robotics_2025/build/my_robot_package/prefix_override:/usr/lib/python3/dist-packages/colcon_core/task/python/colcon_distutils_commands:/home/michfiona2002/dojo_robotics_2025/install/my_robot_package/lib/python3.10/site-packages:${PYTHONPATH} /usr/bin/python3 -W ignore:setup.py install is deprecated -W ignore:easy_install command is deprecated setup.py egg_info --egg-base ../../build/my_robot_package build --build-base /home/michfiona2002/dojo_robotics_2025/build/my_robot_package/build install --record /home/michfiona2002/dojo_robotics_2025/build/my_robot_package/install.log --single-version-externally-managed install_data
[2.507s] DEBUG:colcon.colcon_core.event_handler.log_command:Invoked command in '/home/michfiona2002/dojo_robotics_2025/src/my_robot_package' returned '0': PYTHONPATH=/home/michfiona2002/dojo_robotics_2025/build/my_robot_package/prefix_override:/usr/lib/python3/dist-packages/colcon_core/task/python/colcon_distutils_commands:/home/michfiona2002/dojo_robotics_2025/install/my_robot_package/lib/python3.10/site-packages:${PYTHONPATH} /usr/bin/python3 -W ignore:setup.py install is deprecated -W ignore:easy_install command is deprecated setup.py egg_info --egg-base ../../build/my_robot_package build --build-base /home/michfiona2002/dojo_robotics_2025/build/my_robot_package/build install --record /home/michfiona2002/dojo_robotics_2025/build/my_robot_package/install.log --single-version-externally-managed install_data
[2.517s] Level 1:colcon.colcon_core.environment:checking '/home/michfiona2002/dojo_robotics_2025/install/my_robot_package' for CMake module files
[2.518s] Level 1:colcon.colcon_core.environment:checking '/home/michfiona2002/dojo_robotics_2025/install/my_robot_package' for CMake config files
[2.522s] Level 1:colcon.colcon_core.environment:checking '/home/michfiona2002/dojo_robotics_2025/install/my_robot_package/lib'
[2.522s] Level 1:colcon.colcon_core.environment:checking '/home/michfiona2002/dojo_robotics_2025/install/my_robot_package/bin'
[2.522s] Level 1:colcon.colcon_core.environment:checking '/home/michfiona2002/dojo_robotics_2025/install/my_robot_package/lib/pkgconfig/my_robot_package.pc'
[2.522s] Level 1:colcon.colcon_core.environment:checking '/home/michfiona2002/dojo_robotics_2025/install/my_robot_package/lib/python3.10/site-packages'
[2.523s] Level 1:colcon.colcon_core.shell:create_environment_hook('my_robot_package', 'pythonpath')
[2.523s] INFO:colcon.colcon_core.shell:Creating environment hook '/home/michfiona2002/dojo_robotics_2025/install/my_robot_package/share/my_robot_package/hook/pythonpath.ps1'
[2.524s] INFO:colcon.colcon_core.shell:Creating environment descriptor '/home/michfiona2002/dojo_robotics_2025/install/my_robot_package/share/my_robot_package/hook/pythonpath.dsv'
[2.524s] INFO:colcon.colcon_core.shell:Creating environment hook '/home/michfiona2002/dojo_robotics_2025/install/my_robot_package/share/my_robot_package/hook/pythonpath.sh'
[2.525s] Level 1:colcon.colcon_core.environment:checking '/home/michfiona2002/dojo_robotics_2025/install/my_robot_package/bin'
[2.525s] Level 1:colcon.colcon_core.environment:create_environment_scripts_only(my_robot_package)
[2.525s] INFO:colcon.colcon_core.shell:Creating package script '/home/michfiona2002/dojo_robotics_2025/install/my_robot_package/share/my_robot_package/package.ps1'
[2.527s] INFO:colcon.colcon_core.shell:Creating package descriptor '/home/michfiona2002/dojo_robotics_2025/install/my_robot_package/share/my_robot_package/package.dsv'
[2.528s] INFO:colcon.colcon_core.shell:Creating package script '/home/michfiona2002/dojo_robotics_2025/install/my_robot_package/share/my_robot_package/package.sh'
[2.530s] INFO:colcon.colcon_core.shell:Creating package script '/home/michfiona2002/dojo_robotics_2025/install/my_robot_package/share/my_robot_package/package.bash'
[2.531s] INFO:colcon.colcon_core.shell:Creating package script '/home/michfiona2002/dojo_robotics_2025/install/my_robot_package/share/my_robot_package/package.zsh'
[2.532s] Level 1:colcon.colcon_core.environment:create_file_with_runtime_dependencies(/home/michfiona2002/dojo_robotics_2025/install/my_robot_package/share/colcon-core/packages/my_robot_package)
[10.049s] DEBUG:colcon.colcon_core.event_handler.log_command:Invoked command in '/home/michfiona2002/dojo_robotics_2025/build/my_robot_pack2' returned '0': CMAKE_PREFIX_PATH=/home/michfiona2002/dojo_robotics_2025/install/my_robot_package:/opt/ros/humble /usr/bin/cmake /home/michfiona2002/dojo_robotics_2025/my_robot_pack2 -DCMAKE_INSTALL_PREFIX=/home/michfiona2002/dojo_robotics_2025/install/my_robot_pack2
[10.055s] DEBUG:colcon.colcon_core.event_handler.log_command:Invoking command in '/home/michfiona2002/dojo_robotics_2025/build/my_robot_pack2': CMAKE_PREFIX_PATH=/home/michfiona2002/dojo_robotics_2025/install/my_robot_package:/opt/ros/humble /usr/bin/cmake --build /home/michfiona2002/dojo_robotics_2025/build/my_robot_pack2 -- -j8 -l8
[16.771s] DEBUG:colcon.colcon_core.event_handler.log_command:Invoked command in '/home/michfiona2002/dojo_robotics_2025/build/my_robot_pack2' returned '0': CMAKE_PREFIX_PATH=/home/michfiona2002/dojo_robotics_2025/install/my_robot_package:/opt/ros/humble /usr/bin/cmake --build /home/michfiona2002/dojo_robotics_2025/build/my_robot_pack2 -- -j8 -l8
[16.788s] DEBUG:colcon.colcon_core.event_handler.log_command:Invoking command in '/home/michfiona2002/dojo_robotics_2025/build/my_robot_pack2': CMAKE_PREFIX_PATH=/home/michfiona2002/dojo_robotics_2025/install/my_robot_package:/opt/ros/humble /usr/bin/cmake --install /home/michfiona2002/dojo_robotics_2025/build/my_robot_pack2
[16.812s] Level 1:colcon.colcon_core.environment:create_environment_scripts_only(my_robot_pack2)
[16.813s] Level 1:colcon.colcon_core.environment:checking '/home/michfiona2002/dojo_robotics_2025/install/my_robot_pack2' for CMake module files
[16.814s] DEBUG:colcon.colcon_core.event_handler.log_command:Invoked command in '/home/michfiona2002/dojo_robotics_2025/build/my_robot_pack2' returned '0': CMAKE_PREFIX_PATH=/home/michfiona2002/dojo_robotics_2025/install/my_robot_package:/opt/ros/humble /usr/bin/cmake --install /home/michfiona2002/dojo_robotics_2025/build/my_robot_pack2
[16.815s] Level 1:colcon.colcon_core.environment:checking '/home/michfiona2002/dojo_robotics_2025/install/my_robot_pack2' for CMake config files
[16.817s] Level 1:colcon.colcon_core.shell:create_environment_hook('my_robot_pack2', 'cmake_prefix_path')
[16.818s] INFO:colcon.colcon_core.shell:Creating environment hook '/home/michfiona2002/dojo_robotics_2025/install/my_robot_pack2/share/my_robot_pack2/hook/cmake_prefix_path.ps1'
[16.820s] INFO:colcon.colcon_core.shell:Creating environment descriptor '/home/michfiona2002/dojo_robotics_2025/install/my_robot_pack2/share/my_robot_pack2/hook/cmake_prefix_path.dsv'
[16.821s] INFO:colcon.colcon_core.shell:Creating environment hook '/home/michfiona2002/dojo_robotics_2025/install/my_robot_pack2/share/my_robot_pack2/hook/cmake_prefix_path.sh'
[16.822s] Level 1:colcon.colcon_core.environment:checking '/home/michfiona2002/dojo_robotics_2025/install/my_robot_pack2/lib'
[16.822s] Level 1:colcon.colcon_core.environment:checking '/home/michfiona2002/dojo_robotics_2025/install/my_robot_pack2/bin'
[16.822s] Level 1:colcon.colcon_core.environment:checking '/home/michfiona2002/dojo_robotics_2025/install/my_robot_pack2/lib/pkgconfig/my_robot_pack2.pc'
[16.823s] Level 1:colcon.colcon_core.environment:checking '/home/michfiona2002/dojo_robotics_2025/install/my_robot_pack2/lib/python3.10/site-packages'
[16.824s] Level 1:colcon.colcon_core.environment:checking '/home/michfiona2002/dojo_robotics_2025/install/my_robot_pack2/bin'
[16.824s] INFO:colcon.colcon_core.shell:Creating package script '/home/michfiona2002/dojo_robotics_2025/install/my_robot_pack2/share/my_robot_pack2/package.ps1'
[16.825s] INFO:colcon.colcon_core.shell:Creating package descriptor '/home/michfiona2002/dojo_robotics_2025/install/my_robot_pack2/share/my_robot_pack2/package.dsv'
[16.825s] INFO:colcon.colcon_core.shell:Creating package script '/home/michfiona2002/dojo_robotics_2025/install/my_robot_pack2/share/my_robot_pack2/package.sh'
[16.826s] INFO:colcon.colcon_core.shell:Creating package script '/home/michfiona2002/dojo_robotics_2025/install/my_robot_pack2/share/my_robot_pack2/package.bash'
[16.826s] INFO:colcon.colcon_core.shell:Creating package script '/home/michfiona2002/dojo_robotics_2025/install/my_robot_pack2/share/my_robot_pack2/package.zsh'
[16.826s] Level 1:colcon.colcon_core.environment:create_file_with_runtime_dependencies(/home/michfiona2002/dojo_robotics_2025/install/my_robot_pack2/share/colcon-core/packages/my_robot_pack2)
[16.827s] Level 1:colcon.colcon_core.environment:create_environment_scripts_only(my_robot_pack2)
[16.827s] Level 1:colcon.colcon_core.environment:checking '/home/michfiona2002/dojo_robotics_2025/install/my_robot_pack2' for CMake module files
[16.828s] Level 1:colcon.colcon_core.environment:checking '/home/michfiona2002/dojo_robotics_2025/install/my_robot_pack2' for CMake config files
[16.829s] Level 1:colcon.colcon_core.shell:create_environment_hook('my_robot_pack2', 'cmake_prefix_path')
[16.830s] INFO:colcon.colcon_core.shell:Creating environment hook '/home/michfiona2002/dojo_robotics_2025/install/my_robot_pack2/share/my_robot_pack2/hook/cmake_prefix_path.ps1'
[16.831s] INFO:colcon.colcon_core.shell:Creating environment descriptor '/home/michfiona2002/dojo_robotics_2025/install/my_robot_pack2/share/my_robot_pack2/hook/cmake_prefix_path.dsv'
[16.832s] INFO:colcon.colcon_core.shell:Creating environment hook '/home/michfiona2002/dojo_robotics_2025/install/my_robot_pack2/share/my_robot_pack2/hook/cmake_prefix_path.sh'
[16.833s] Level 1:colcon.colcon_core.environment:checking '/home/michfiona2002/dojo_robotics_2025/install/my_robot_pack2/lib'
[16.833s] Level 1:colcon.colcon_core.environment:checking '/home/michfiona2002/dojo_robotics_2025/install/my_robot_pack2/bin'
[16.833s] Level 1:colcon.colcon_core.environment:checking '/home/michfiona2002/dojo_robotics_2025/install/my_robot_pack2/lib/pkgconfig/my_robot_pack2.pc'
[16.833s] Level 1:colcon.colcon_core.environment:checking '/home/michfiona2002/dojo_robotics_2025/install/my_robot_pack2/lib/python3.10/site-packages'
[16.834s] Level 1:colcon.colcon_core.environment:checking '/home/michfiona2002/dojo_robotics_2025/install/my_robot_pack2/bin'
[16.834s] INFO:colcon.colcon_core.shell:Creating package script '/home/michfiona2002/dojo_robotics_2025/install/my_robot_pack2/share/my_robot_pack2/package.ps1'
[16.835s] INFO:colcon.colcon_core.shell:Creating package descriptor '/home/michfiona2002/dojo_robotics_2025/install/my_robot_pack2/share/my_robot_pack2/package.dsv'
[16.835s] INFO:colcon.colcon_core.shell:Creating package script '/home/michfiona2002/dojo_robotics_2025/install/my_robot_pack2/share/my_robot_pack2/package.sh'
[16.836s] INFO:colcon.colcon_core.shell:Creating package script '/home/michfiona2002/dojo_robotics_2025/install/my_robot_pack2/share/my_robot_pack2/package.bash'
[16.837s] INFO:colcon.colcon_core.shell:Creating package script '/home/michfiona2002/dojo_robotics_2025/install/my_robot_pack2/share/my_robot_pack2/package.zsh'
[16.837s] Level 1:colcon.colcon_core.environment:create_file_with_runtime_dependencies(/home/michfiona2002/dojo_robotics_2025/install/my_robot_pack2/share/colcon-core/packages/my_robot_pack2)
[16.837s] DEBUG:colcon.colcon_parallel_executor.executor.parallel:closing loop
[16.838s] DEBUG:colcon.colcon_parallel_executor.executor.parallel:loop closed
[16.838s] DEBUG:colcon.colcon_parallel_executor.executor.parallel:run_until_complete finished with '0'
[16.838s] DEBUG:colcon.colcon_core.event_reactor:joining thread
[16.882s] INFO:colcon.colcon_core.plugin_system:Skipping extension 'colcon_notification.desktop_notification.notify_send': Could not find 'notify-send'
[16.882s] INFO:colcon.colcon_core.plugin_system:Skipping extension 'colcon_notification.desktop_notification.terminal_notifier': Not used on non-Darwin systems
[16.883s] INFO:colcon.colcon_core.plugin_system:Skipping extension 'colcon_notification.desktop_notification.win32': Not used on non-Windows systems
[16.883s] INFO:colcon.colcon_notification.desktop_notification:Sending desktop notification using 'notify2'
[16.884s] DEBUG:colcon.colcon_notification.desktop_notification.notify2:Failed to initialize notify2: org.freedesktop.DBus.Error.FileNotFound: Failed to connect to socket /run/user/1000/bus: No such file or directory
[16.884s] DEBUG:colcon.colcon_core.event_reactor:joined thread
[16.885s] INFO:colcon.colcon_core.shell:Creating prefix script '/home/michfiona2002/dojo_robotics_2025/install/local_setup.ps1'
[16.887s] INFO:colcon.colcon_core.shell:Creating prefix util module '/home/michfiona2002/dojo_robotics_2025/install/_local_setup_util_ps1.py'
[16.889s] INFO:colcon.colcon_core.shell:Creating prefix chain script '/home/michfiona2002/dojo_robotics_2025/install/setup.ps1'
[16.891s] INFO:colcon.colcon_core.shell:Creating prefix script '/home/michfiona2002/dojo_robotics_2025/install/local_setup.sh'
[16.892s] INFO:colcon.colcon_core.shell:Creating prefix util module '/home/michfiona2002/dojo_robotics_2025/install/_local_setup_util_sh.py'
[16.893s] INFO:colcon.colcon_core.shell:Creating prefix chain script '/home/michfiona2002/dojo_robotics_2025/install/setup.sh'
[16.895s] INFO:colcon.colcon_core.shell:Creating prefix script '/home/michfiona2002/dojo_robotics_2025/install/local_setup.bash'
[16.896s] INFO:colcon.colcon_core.shell:Creating prefix chain script '/home/michfiona2002/dojo_robotics_2025/install/setup.bash'
[16.900s] INFO:colcon.colcon_core.shell:Creating prefix script '/home/michfiona2002/dojo_robotics_2025/install/local_setup.zsh'
[16.901s] INFO:colcon.colcon_core.shell:Creating prefix chain script '/home/michfiona2002/dojo_robotics_2025/install/setup.zsh'
