[0.362s] DEBUG:colcon:Command line arguments: ['/usr/bin/colcon', 'build']
[0.362s] DEBUG:colcon:Parsed command line arguments: Namespace(log_base=None, log_level=None, verb_name='build', build_base='build', install_base='install', merge_install=False, symlink_install=False, test_result_base=None, continue_on_error=False, executor='parallel', parallel_workers=8, event_handlers=None, ignore_user_meta=False, metas=['./colcon.meta'], base_paths=['.'], packages_ignore=None, packages_ignore_regex=None, paths=None, packages_up_to=None, packages_up_to_regex=None, packages_above=None, packages_above_and_dependencies=None, packages_above_depth=None, packages_select_by_dep=None, packages_skip_by_dep=None, packages_skip_up_to=None, packages_select_build_failed=False, packages_skip_build_finished=False, packages_select_test_failures=False, packages_skip_test_passed=False, packages_select=None, packages_skip=None, packages_select_regex=None, packages_skip_regex=None, packages_start=None, packages_end=None, allow_overriding=[], cmake_args=None, cmake_target=None, cmake_target_skip_unavailable=False, cmake_clean_cache=False, cmake_clean_first=False, cmake_force_configure=False, ament_cmake_args=None, catkin_cmake_args=None, catkin_skip_building_tests=False, verb_parser=<colcon_defaults.argument_parser.defaults.DefaultArgumentsDecorator object at 0x7e281344c250>, verb_extension=<colcon_core.verb.build.BuildVerb object at 0x7e281355d630>, main=<bound method BuildVerb.main of <colcon_core.verb.build.BuildVerb object at 0x7e281355d630>>)
[0.706s] Level 1:colcon.colcon_core.package_discovery:discover_packages(colcon_meta) check parameters
[0.706s] Level 1:colcon.colcon_core.package_discovery:discover_packages(recursive) check parameters
[0.706s] Level 1:colcon.colcon_core.package_discovery:discover_packages(ignore) check parameters
[0.706s] Level 1:colcon.colcon_core.package_discovery:discover_packages(path) check parameters
[0.707s] Level 1:colcon.colcon_core.package_discovery:discover_packages(colcon_meta) discover
[0.707s] Level 1:colcon.colcon_core.package_discovery:discover_packages(recursive) discover
[0.707s] INFO:colcon.colcon_core.package_discovery:Crawling recursively for packages in '/home/michfiona2002/ros2_ws'
[0.707s] Level 1:colcon.colcon_core.package_identification:_identify(.) by extensions ['ignore', 'ignore_ament_install']
[0.707s] Level 1:colcon.colcon_core.package_identification:_identify(.) by extension 'ignore'
[0.708s] Level 1:colcon.colcon_core.package_identification:_identify(.) by extension 'ignore_ament_install'
[0.708s] Level 1:colcon.colcon_core.package_identification:_identify(.) by extensions ['colcon_pkg']
[0.708s] Level 1:colcon.colcon_core.package_identification:_identify(.) by extension 'colcon_pkg'
[0.708s] Level 1:colcon.colcon_core.package_identification:_identify(.) by extensions ['colcon_meta']
[0.708s] Level 1:colcon.colcon_core.package_identification:_identify(.) by extension 'colcon_meta'
[0.708s] Level 1:colcon.colcon_core.package_identification:_identify(.) by extensions ['ros']
[0.708s] Level 1:colcon.colcon_core.package_identification:_identify(.) by extension 'ros'
[0.733s] Level 1:colcon.colcon_core.package_identification:_identify(.) by extensions ['cmake', 'python']
[0.733s] Level 1:colcon.colcon_core.package_identification:_identify(.) by extension 'cmake'
[0.733s] Level 1:colcon.colcon_core.package_identification:_identify(.) by extension 'python'
[0.733s] Level 1:colcon.colcon_core.package_identification:_identify(.) by extensions ['python_setup_py']
[0.733s] Level 1:colcon.colcon_core.package_identification:_identify(.) by extension 'python_setup_py'
[0.733s] Level 1:colcon.colcon_core.package_identification:_identify(build) by extensions ['ignore', 'ignore_ament_install']
[0.734s] Level 1:colcon.colcon_core.package_identification:_identify(build) by extension 'ignore'
[0.734s] Level 1:colcon.colcon_core.package_identification:_identify(build) ignored
[0.734s] Level 1:colcon.colcon_core.package_identification:_identify(install) by extensions ['ignore', 'ignore_ament_install']
[0.735s] Level 1:colcon.colcon_core.package_identification:_identify(install) by extension 'ignore'
[0.735s] Level 1:colcon.colcon_core.package_identification:_identify(install) ignored
[0.735s] Level 1:colcon.colcon_core.package_identification:_identify(listener) by extensions ['ignore', 'ignore_ament_install']
[0.735s] Level 1:colcon.colcon_core.package_identification:_identify(listener) by extension 'ignore'
[0.735s] Level 1:colcon.colcon_core.package_identification:_identify(listener) by extension 'ignore_ament_install'
[0.735s] Level 1:colcon.colcon_core.package_identification:_identify(listener) by extensions ['colcon_pkg']
[0.736s] Level 1:colcon.colcon_core.package_identification:_identify(listener) by extension 'colcon_pkg'
[0.736s] Level 1:colcon.colcon_core.package_identification:_identify(listener) by extensions ['colcon_meta']
[0.736s] Level 1:colcon.colcon_core.package_identification:_identify(listener) by extension 'colcon_meta'
[0.736s] Level 1:colcon.colcon_core.package_identification:_identify(listener) by extensions ['ros']
[0.736s] Level 1:colcon.colcon_core.package_identification:_identify(listener) by extension 'ros'
[0.741s] DEBUG:colcon.colcon_core.package_identification:Package 'listener' with type 'ros.ament_python' and name 'listener'
[0.742s] Level 1:colcon.colcon_core.package_identification:_identify(log) by extensions ['ignore', 'ignore_ament_install']
[0.742s] Level 1:colcon.colcon_core.package_identification:_identify(log) by extension 'ignore'
[0.742s] Level 1:colcon.colcon_core.package_identification:_identify(log) ignored
[0.742s] Level 1:colcon.colcon_core.package_identification:_identify(src) by extensions ['ignore', 'ignore_ament_install']
[0.742s] Level 1:colcon.colcon_core.package_identification:_identify(src) by extension 'ignore'
[0.743s] Level 1:colcon.colcon_core.package_identification:_identify(src) by extension 'ignore_ament_install'
[0.743s] Level 1:colcon.colcon_core.package_identification:_identify(src) by extensions ['colcon_pkg']
[0.743s] Level 1:colcon.colcon_core.package_identification:_identify(src) by extension 'colcon_pkg'
[0.743s] Level 1:colcon.colcon_core.package_identification:_identify(src) by extensions ['colcon_meta']
[0.743s] Level 1:colcon.colcon_core.package_identification:_identify(src) by extension 'colcon_meta'
[0.743s] Level 1:colcon.colcon_core.package_identification:_identify(src) by extensions ['ros']
[0.743s] Level 1:colcon.colcon_core.package_identification:_identify(src) by extension 'ros'
[0.743s] Level 1:colcon.colcon_core.package_identification:_identify(src) by extensions ['cmake', 'python']
[0.744s] Level 1:colcon.colcon_core.package_identification:_identify(src) by extension 'cmake'
[0.744s] Level 1:colcon.colcon_core.package_identification:_identify(src) by extension 'python'
[0.744s] Level 1:colcon.colcon_core.package_identification:_identify(src) by extensions ['python_setup_py']
[0.744s] Level 1:colcon.colcon_core.package_identification:_identify(src) by extension 'python_setup_py'
[0.744s] Level 1:colcon.colcon_core.package_identification:_identify(src/cpp_pubsub) by extensions ['ignore', 'ignore_ament_install']
[0.744s] Level 1:colcon.colcon_core.package_identification:_identify(src/cpp_pubsub) by extension 'ignore'
[0.744s] Level 1:colcon.colcon_core.package_identification:_identify(src/cpp_pubsub) by extension 'ignore_ament_install'
[0.745s] Level 1:colcon.colcon_core.package_identification:_identify(src/cpp_pubsub) by extensions ['colcon_pkg']
[0.745s] Level 1:colcon.colcon_core.package_identification:_identify(src/cpp_pubsub) by extension 'colcon_pkg'
[0.745s] Level 1:colcon.colcon_core.package_identification:_identify(src/cpp_pubsub) by extensions ['colcon_meta']
[0.745s] Level 1:colcon.colcon_core.package_identification:_identify(src/cpp_pubsub) by extension 'colcon_meta'
[0.745s] Level 1:colcon.colcon_core.package_identification:_identify(src/cpp_pubsub) by extensions ['ros']
[0.745s] Level 1:colcon.colcon_core.package_identification:_identify(src/cpp_pubsub) by extension 'ros'
[0.746s] DEBUG:colcon.colcon_core.package_identification:Package 'src/cpp_pubsub' with type 'ros.ament_cmake' and name 'cpp_pubsub'
[0.746s] Level 1:colcon.colcon_core.package_identification:_identify(talker) by extensions ['ignore', 'ignore_ament_install']
[0.747s] Level 1:colcon.colcon_core.package_identification:_identify(talker) by extension 'ignore'
[0.747s] Level 1:colcon.colcon_core.package_identification:_identify(talker) by extension 'ignore_ament_install'
[0.747s] Level 1:colcon.colcon_core.package_identification:_identify(talker) by extensions ['colcon_pkg']
[0.747s] Level 1:colcon.colcon_core.package_identification:_identify(talker) by extension 'colcon_pkg'
[0.747s] Level 1:colcon.colcon_core.package_identification:_identify(talker) by extensions ['colcon_meta']
[0.747s] Level 1:colcon.colcon_core.package_identification:_identify(talker) by extension 'colcon_meta'
[0.747s] Level 1:colcon.colcon_core.package_identification:_identify(talker) by extensions ['ros']
[0.747s] Level 1:colcon.colcon_core.package_identification:_identify(talker) by extension 'ros'
[0.748s] DEBUG:colcon.colcon_core.package_identification:Package 'talker' with type 'ros.ament_python' and name 'talker'
[0.749s] Level 1:colcon.colcon_core.package_discovery:discover_packages(recursive) using defaults
[0.749s] Level 1:colcon.colcon_core.package_discovery:discover_packages(ignore) discover
[0.749s] Level 1:colcon.colcon_core.package_discovery:discover_packages(ignore) using defaults
[0.749s] Level 1:colcon.colcon_core.package_discovery:discover_packages(path) discover
[0.749s] Level 1:colcon.colcon_core.package_discovery:discover_packages(path) using defaults
[0.792s] Level 1:colcon.colcon_core.package_discovery:discover_packages(prefix_path) check parameters
[0.793s] Level 1:colcon.colcon_core.package_discovery:discover_packages(prefix_path) discover
[0.797s] DEBUG:colcon.colcon_installed_package_information.package_discovery:Found 3 installed packages in /home/michfiona2002/ros2_ws/install
[0.798s] DEBUG:colcon.colcon_installed_package_information.package_discovery:Found 2 installed packages in /home/michfiona2002/dojo_robotics_2025/install
[0.800s] DEBUG:colcon.colcon_installed_package_information.package_discovery:Found 295 installed packages in /opt/ros/humble
[0.818s] Level 1:colcon.colcon_core.package_discovery:discover_packages(prefix_path) using defaults
[0.912s] Level 5:colcon.colcon_core.verb:set package 'cpp_pubsub' build argument 'cmake_args' from command line to 'None'
[0.912s] Level 5:colcon.colcon_core.verb:set package 'cpp_pubsub' build argument 'cmake_target' from command line to 'None'
[0.912s] Level 5:colcon.colcon_core.verb:set package 'cpp_pubsub' build argument 'cmake_target_skip_unavailable' from command line to 'False'
[0.912s] Level 5:colcon.colcon_core.verb:set package 'cpp_pubsub' build argument 'cmake_clean_cache' from command line to 'False'
[0.912s] Level 5:colcon.colcon_core.verb:set package 'cpp_pubsub' build argument 'cmake_clean_first' from command line to 'False'
[0.912s] Level 5:colcon.colcon_core.verb:set package 'cpp_pubsub' build argument 'cmake_force_configure' from command line to 'False'
[0.912s] Level 5:colcon.colcon_core.verb:set package 'cpp_pubsub' build argument 'ament_cmake_args' from command line to 'None'
[0.912s] Level 5:colcon.colcon_core.verb:set package 'cpp_pubsub' build argument 'catkin_cmake_args' from command line to 'None'
[0.912s] Level 5:colcon.colcon_core.verb:set package 'cpp_pubsub' build argument 'catkin_skip_building_tests' from command line to 'False'
[0.912s] DEBUG:colcon.colcon_core.verb:Building package 'cpp_pubsub' with the following arguments: {'ament_cmake_args': None, 'build_base': '/home/michfiona2002/ros2_ws/build/cpp_pubsub', 'catkin_cmake_args': None, 'catkin_skip_building_tests': False, 'cmake_args': None, 'cmake_clean_cache': False, 'cmake_clean_first': False, 'cmake_force_configure': False, 'cmake_target': None, 'cmake_target_skip_unavailable': False, 'install_base': '/home/michfiona2002/ros2_ws/install/cpp_pubsub', 'merge_install': False, 'path': '/home/michfiona2002/ros2_ws/src/cpp_pubsub', 'symlink_install': False, 'test_result_base': None}
[0.913s] Level 5:colcon.colcon_core.verb:set package 'listener' build argument 'cmake_args' from command line to 'None'
[0.913s] Level 5:colcon.colcon_core.verb:set package 'listener' build argument 'cmake_target' from command line to 'None'
[0.913s] Level 5:colcon.colcon_core.verb:set package 'listener' build argument 'cmake_target_skip_unavailable' from command line to 'False'
[0.913s] Level 5:colcon.colcon_core.verb:set package 'listener' build argument 'cmake_clean_cache' from command line to 'False'
[0.914s] Level 5:colcon.colcon_core.verb:set package 'listener' build argument 'cmake_clean_first' from command line to 'False'
[0.914s] Level 5:colcon.colcon_core.verb:set package 'listener' build argument 'cmake_force_configure' from command line to 'False'
[0.914s] Level 5:colcon.colcon_core.verb:set package 'listener' build argument 'ament_cmake_args' from command line to 'None'
[0.914s] Level 5:colcon.colcon_core.verb:set package 'listener' build argument 'catkin_cmake_args' from command line to 'None'
[0.914s] Level 5:colcon.colcon_core.verb:set package 'listener' build argument 'catkin_skip_building_tests' from command line to 'False'
[0.914s] DEBUG:colcon.colcon_core.verb:Building package 'listener' with the following arguments: {'ament_cmake_args': None, 'build_base': '/home/michfiona2002/ros2_ws/build/listener', 'catkin_cmake_args': None, 'catkin_skip_building_tests': False, 'cmake_args': None, 'cmake_clean_cache': False, 'cmake_clean_first': False, 'cmake_force_configure': False, 'cmake_target': None, 'cmake_target_skip_unavailable': False, 'install_base': '/home/michfiona2002/ros2_ws/install/listener', 'merge_install': False, 'path': '/home/michfiona2002/ros2_ws/listener', 'symlink_install': False, 'test_result_base': None}
[0.914s] Level 5:colcon.colcon_core.verb:set package 'talker' build argument 'cmake_args' from command line to 'None'
[0.915s] Level 5:colcon.colcon_core.verb:set package 'talker' build argument 'cmake_target' from command line to 'None'
[0.915s] Level 5:colcon.colcon_core.verb:set package 'talker' build argument 'cmake_target_skip_unavailable' from command line to 'False'
[0.915s] Level 5:colcon.colcon_core.verb:set package 'talker' build argument 'cmake_clean_cache' from command line to 'False'
[0.915s] Level 5:colcon.colcon_core.verb:set package 'talker' build argument 'cmake_clean_first' from command line to 'False'
[0.915s] Level 5:colcon.colcon_core.verb:set package 'talker' build argument 'cmake_force_configure' from command line to 'False'
[0.915s] Level 5:colcon.colcon_core.verb:set package 'talker' build argument 'ament_cmake_args' from command line to 'None'
[0.915s] Level 5:colcon.colcon_core.verb:set package 'talker' build argument 'catkin_cmake_args' from command line to 'None'
[0.915s] Level 5:colcon.colcon_core.verb:set package 'talker' build argument 'catkin_skip_building_tests' from command line to 'False'
[0.915s] DEBUG:colcon.colcon_core.verb:Building package 'talker' with the following arguments: {'ament_cmake_args': None, 'build_base': '/home/michfiona2002/ros2_ws/build/talker', 'catkin_cmake_args': None, 'catkin_skip_building_tests': False, 'cmake_args': None, 'cmake_clean_cache': False, 'cmake_clean_first': False, 'cmake_force_configure': False, 'cmake_target': None, 'cmake_target_skip_unavailable': False, 'install_base': '/home/michfiona2002/ros2_ws/install/talker', 'merge_install': False, 'path': '/home/michfiona2002/ros2_ws/talker', 'symlink_install': False, 'test_result_base': None}
[0.915s] INFO:colcon.colcon_core.executor:Executing jobs using 'parallel' executor
[0.918s] DEBUG:colcon.colcon_parallel_executor.executor.parallel:run_until_complete
[0.918s] INFO:colcon.colcon_ros.task.ament_cmake.build:Building ROS package in '/home/michfiona2002/ros2_ws/src/cpp_pubsub' with build type 'ament_cmake'
[0.919s] INFO:colcon.colcon_cmake.task.cmake.build:Building CMake package in '/home/michfiona2002/ros2_ws/src/cpp_pubsub'
[0.924s] INFO:colcon.colcon_core.plugin_system:Skipping extension 'colcon_core.shell.bat': Not used on non-Windows systems
[0.925s] INFO:colcon.colcon_core.shell:Skip shell extension 'powershell' for command environment: Not usable outside of PowerShell
[0.925s] DEBUG:colcon.colcon_core.shell:Skip shell extension 'dsv' for command environment
[0.936s] INFO:colcon.colcon_ros.task.ament_python.build:Building ROS package in '/home/michfiona2002/ros2_ws/listener' with build type 'ament_python'
[0.937s] Level 1:colcon.colcon_core.shell:create_environment_hook('listener', 'ament_prefix_path')
[0.938s] INFO:colcon.colcon_core.shell:Creating environment hook '/home/michfiona2002/ros2_ws/install/listener/share/listener/hook/ament_prefix_path.ps1'
[0.940s] INFO:colcon.colcon_core.shell:Creating environment descriptor '/home/michfiona2002/ros2_ws/install/listener/share/listener/hook/ament_prefix_path.dsv'
[0.942s] INFO:colcon.colcon_core.shell:Creating environment hook '/home/michfiona2002/ros2_ws/install/listener/share/listener/hook/ament_prefix_path.sh'
[0.944s] INFO:colcon.colcon_core.shell:Skip shell extension 'powershell' for command environment: Not usable outside of PowerShell
[0.945s] DEBUG:colcon.colcon_core.shell:Skip shell extension 'dsv' for command environment
[0.960s] INFO:colcon.colcon_ros.task.ament_python.build:Building ROS package in '/home/michfiona2002/ros2_ws/talker' with build type 'ament_python'
[0.961s] Level 1:colcon.colcon_core.shell:create_environment_hook('talker', 'ament_prefix_path')
[0.962s] INFO:colcon.colcon_core.shell:Creating environment hook '/home/michfiona2002/ros2_ws/install/talker/share/talker/hook/ament_prefix_path.ps1'
[0.964s] INFO:colcon.colcon_core.shell:Creating environment descriptor '/home/michfiona2002/ros2_ws/install/talker/share/talker/hook/ament_prefix_path.dsv'
[0.966s] INFO:colcon.colcon_core.shell:Creating environment hook '/home/michfiona2002/ros2_ws/install/talker/share/talker/hook/ament_prefix_path.sh'
[0.968s] INFO:colcon.colcon_core.shell:Skip shell extension 'powershell' for command environment: Not usable outside of PowerShell
[0.969s] DEBUG:colcon.colcon_core.shell:Skip shell extension 'dsv' for command environment
[1.006s] DEBUG:colcon.colcon_core.event_handler.log_command:Invoking command in '/home/michfiona2002/ros2_ws/build/cpp_pubsub': CMAKE_PREFIX_PATH=${CMAKE_PREFIX_PATH}:/home/michfiona2002/ros2_ws/install/talker:/home/michfiona2002/ros2_ws/install/listener:/home/michfiona2002/dojo_robotics_2025/install/my_robot_package:/opt/ros/humble /usr/bin/cmake --build /home/michfiona2002/ros2_ws/build/cpp_pubsub -- -j8 -l8
[1.720s] INFO:colcon.colcon_core.task.python.build:Building Python package in '/home/michfiona2002/ros2_ws/listener'
[1.720s] INFO:colcon.colcon_core.shell:Skip shell extension 'powershell' for command environment: Not usable outside of PowerShell
[1.720s] DEBUG:colcon.colcon_core.shell:Skip shell extension 'dsv' for command environment
[2.433s] INFO:colcon.colcon_core.task.python.build:Building Python package in '/home/michfiona2002/ros2_ws/talker'
[2.433s] INFO:colcon.colcon_core.shell:Skip shell extension 'powershell' for command environment: Not usable outside of PowerShell
[2.434s] DEBUG:colcon.colcon_core.shell:Skip shell extension 'dsv' for command environment
[2.448s] DEBUG:colcon.colcon_core.event_handler.log_command:Invoked command in '/home/michfiona2002/ros2_ws/build/cpp_pubsub' returned '0': CMAKE_PREFIX_PATH=${CMAKE_PREFIX_PATH}:/home/michfiona2002/ros2_ws/install/talker:/home/michfiona2002/ros2_ws/install/listener:/home/michfiona2002/dojo_robotics_2025/install/my_robot_package:/opt/ros/humble /usr/bin/cmake --build /home/michfiona2002/ros2_ws/build/cpp_pubsub -- -j8 -l8
[2.483s] DEBUG:colcon.colcon_core.event_handler.log_command:Invoking command in '/home/michfiona2002/ros2_ws/build/cpp_pubsub': CMAKE_PREFIX_PATH=${CMAKE_PREFIX_PATH}:/home/michfiona2002/ros2_ws/install/talker:/home/michfiona2002/ros2_ws/install/listener:/home/michfiona2002/dojo_robotics_2025/install/my_robot_package:/opt/ros/humble /usr/bin/cmake --install /home/michfiona2002/ros2_ws/build/cpp_pubsub
[2.520s] Level 1:colcon.colcon_core.environment:create_environment_scripts_only(cpp_pubsub)
[2.522s] DEBUG:colcon.colcon_core.event_handler.log_command:Invoked command in '/home/michfiona2002/ros2_ws/build/cpp_pubsub' returned '0': CMAKE_PREFIX_PATH=${CMAKE_PREFIX_PATH}:/home/michfiona2002/ros2_ws/install/talker:/home/michfiona2002/ros2_ws/install/listener:/home/michfiona2002/dojo_robotics_2025/install/my_robot_package:/opt/ros/humble /usr/bin/cmake --install /home/michfiona2002/ros2_ws/build/cpp_pubsub
[2.532s] Level 1:colcon.colcon_core.environment:checking '/home/michfiona2002/ros2_ws/install/cpp_pubsub' for CMake module files
[2.534s] Level 1:colcon.colcon_core.environment:checking '/home/michfiona2002/ros2_ws/install/cpp_pubsub' for CMake config files
[2.535s] Level 1:colcon.colcon_core.shell:create_environment_hook('cpp_pubsub', 'cmake_prefix_path')
[2.536s] INFO:colcon.colcon_core.shell:Creating environment hook '/home/michfiona2002/ros2_ws/install/cpp_pubsub/share/cpp_pubsub/hook/cmake_prefix_path.ps1'
[2.538s] INFO:colcon.colcon_core.shell:Creating environment descriptor '/home/michfiona2002/ros2_ws/install/cpp_pubsub/share/cpp_pubsub/hook/cmake_prefix_path.dsv'
[2.540s] INFO:colcon.colcon_core.shell:Creating environment hook '/home/michfiona2002/ros2_ws/install/cpp_pubsub/share/cpp_pubsub/hook/cmake_prefix_path.sh'
[2.542s] Level 1:colcon.colcon_core.environment:checking '/home/michfiona2002/ros2_ws/install/cpp_pubsub/lib'
[2.543s] Level 1:colcon.colcon_core.environment:checking '/home/michfiona2002/ros2_ws/install/cpp_pubsub/bin'
[2.543s] Level 1:colcon.colcon_core.environment:checking '/home/michfiona2002/ros2_ws/install/cpp_pubsub/lib/pkgconfig/cpp_pubsub.pc'
[2.544s] Level 1:colcon.colcon_core.environment:checking '/home/michfiona2002/ros2_ws/install/cpp_pubsub/lib/python3.10/site-packages'
[2.544s] Level 1:colcon.colcon_core.environment:checking '/home/michfiona2002/ros2_ws/install/cpp_pubsub/bin'
[2.545s] INFO:colcon.colcon_core.shell:Creating package script '/home/michfiona2002/ros2_ws/install/cpp_pubsub/share/cpp_pubsub/package.ps1'
[2.548s] INFO:colcon.colcon_core.shell:Creating package descriptor '/home/michfiona2002/ros2_ws/install/cpp_pubsub/share/cpp_pubsub/package.dsv'
[2.549s] INFO:colcon.colcon_core.shell:Creating package script '/home/michfiona2002/ros2_ws/install/cpp_pubsub/share/cpp_pubsub/package.sh'
[2.551s] INFO:colcon.colcon_core.shell:Creating package script '/home/michfiona2002/ros2_ws/install/cpp_pubsub/share/cpp_pubsub/package.bash'
[2.555s] INFO:colcon.colcon_core.shell:Creating package script '/home/michfiona2002/ros2_ws/install/cpp_pubsub/share/cpp_pubsub/package.zsh'
[2.558s] Level 1:colcon.colcon_core.environment:create_file_with_runtime_dependencies(/home/michfiona2002/ros2_ws/install/cpp_pubsub/share/colcon-core/packages/cpp_pubsub)
[2.560s] Level 1:colcon.colcon_core.environment:create_environment_scripts_only(cpp_pubsub)
[2.562s] Level 1:colcon.colcon_core.environment:checking '/home/michfiona2002/ros2_ws/install/cpp_pubsub' for CMake module files
[2.564s] Level 1:colcon.colcon_core.environment:checking '/home/michfiona2002/ros2_ws/install/cpp_pubsub' for CMake config files
[2.565s] Level 1:colcon.colcon_core.shell:create_environment_hook('cpp_pubsub', 'cmake_prefix_path')
[2.566s] INFO:colcon.colcon_core.shell:Creating environment hook '/home/michfiona2002/ros2_ws/install/cpp_pubsub/share/cpp_pubsub/hook/cmake_prefix_path.ps1'
[2.568s] INFO:colcon.colcon_core.shell:Creating environment descriptor '/home/michfiona2002/ros2_ws/install/cpp_pubsub/share/cpp_pubsub/hook/cmake_prefix_path.dsv'
[2.570s] INFO:colcon.colcon_core.shell:Creating environment hook '/home/michfiona2002/ros2_ws/install/cpp_pubsub/share/cpp_pubsub/hook/cmake_prefix_path.sh'
[2.573s] Level 1:colcon.colcon_core.environment:checking '/home/michfiona2002/ros2_ws/install/cpp_pubsub/lib'
[2.574s] Level 1:colcon.colcon_core.environment:checking '/home/michfiona2002/ros2_ws/install/cpp_pubsub/bin'
[2.574s] Level 1:colcon.colcon_core.environment:checking '/home/michfiona2002/ros2_ws/install/cpp_pubsub/lib/pkgconfig/cpp_pubsub.pc'
[2.574s] Level 1:colcon.colcon_core.environment:checking '/home/michfiona2002/ros2_ws/install/cpp_pubsub/lib/python3.10/site-packages'
[2.575s] Level 1:colcon.colcon_core.environment:checking '/home/michfiona2002/ros2_ws/install/cpp_pubsub/bin'
[2.575s] INFO:colcon.colcon_core.shell:Creating package script '/home/michfiona2002/ros2_ws/install/cpp_pubsub/share/cpp_pubsub/package.ps1'
[2.578s] INFO:colcon.colcon_core.shell:Creating package descriptor '/home/michfiona2002/ros2_ws/install/cpp_pubsub/share/cpp_pubsub/package.dsv'
[2.580s] INFO:colcon.colcon_core.shell:Creating package script '/home/michfiona2002/ros2_ws/install/cpp_pubsub/share/cpp_pubsub/package.sh'
[2.584s] INFO:colcon.colcon_core.shell:Creating package script '/home/michfiona2002/ros2_ws/install/cpp_pubsub/share/cpp_pubsub/package.bash'
[2.585s] INFO:colcon.colcon_core.shell:Creating package script '/home/michfiona2002/ros2_ws/install/cpp_pubsub/share/cpp_pubsub/package.zsh'
[2.586s] Level 1:colcon.colcon_core.environment:create_file_with_runtime_dependencies(/home/michfiona2002/ros2_ws/install/cpp_pubsub/share/colcon-core/packages/cpp_pubsub)
[3.533s] DEBUG:colcon.colcon_core.event_handler.log_command:Invoking command in '/home/michfiona2002/ros2_ws/talker': PYTHONPATH=/home/michfiona2002/ros2_ws/build/talker/prefix_override:/usr/lib/python3/dist-packages/colcon_core/task/python/colcon_distutils_commands:/home/michfiona2002/ros2_ws/install/talker/lib/python3.10/site-packages:${PYTHONPATH} /usr/bin/python3 -W ignore:setup.py install is deprecated -W ignore:easy_install command is deprecated setup.py egg_info --egg-base ../build/talker build --build-base /home/michfiona2002/ros2_ws/build/talker/build install --record /home/michfiona2002/ros2_ws/build/talker/install.log --single-version-externally-managed install_data
[3.544s] DEBUG:colcon.colcon_core.event_handler.log_command:Invoking command in '/home/michfiona2002/ros2_ws/listener': PYTHONPATH=/home/michfiona2002/ros2_ws/build/listener/prefix_override:/usr/lib/python3/dist-packages/colcon_core/task/python/colcon_distutils_commands:/home/michfiona2002/ros2_ws/install/listener/lib/python3.10/site-packages:${PYTHONPATH} /usr/bin/python3 -W ignore:setup.py install is deprecated -W ignore:easy_install command is deprecated setup.py egg_info --egg-base ../build/listener build --build-base /home/michfiona2002/ros2_ws/build/listener/build install --record /home/michfiona2002/ros2_ws/build/listener/install.log --single-version-externally-managed install_data
[4.453s] Level 1:colcon.colcon_core.environment:checking '/home/michfiona2002/ros2_ws/install/talker' for CMake module files
[4.455s] DEBUG:colcon.colcon_core.event_handler.log_command:Invoked command in '/home/michfiona2002/ros2_ws/talker' returned '0': PYTHONPATH=/home/michfiona2002/ros2_ws/build/talker/prefix_override:/usr/lib/python3/dist-packages/colcon_core/task/python/colcon_distutils_commands:/home/michfiona2002/ros2_ws/install/talker/lib/python3.10/site-packages:${PYTHONPATH} /usr/bin/python3 -W ignore:setup.py install is deprecated -W ignore:easy_install command is deprecated setup.py egg_info --egg-base ../build/talker build --build-base /home/michfiona2002/ros2_ws/build/talker/build install --record /home/michfiona2002/ros2_ws/build/talker/install.log --single-version-externally-managed install_data
[4.456s] Level 1:colcon.colcon_core.environment:checking '/home/michfiona2002/ros2_ws/install/talker' for CMake config files
[4.458s] Level 1:colcon.colcon_core.environment:checking '/home/michfiona2002/ros2_ws/install/talker/lib'
[4.458s] Level 1:colcon.colcon_core.environment:checking '/home/michfiona2002/ros2_ws/install/talker/bin'
[4.458s] Level 1:colcon.colcon_core.environment:checking '/home/michfiona2002/ros2_ws/install/talker/lib/pkgconfig/talker.pc'
[4.459s] Level 1:colcon.colcon_core.environment:checking '/home/michfiona2002/ros2_ws/install/talker/lib/python3.10/site-packages'
[4.460s] Level 1:colcon.colcon_core.shell:create_environment_hook('talker', 'pythonpath')
[4.461s] INFO:colcon.colcon_core.shell:Creating environment hook '/home/michfiona2002/ros2_ws/install/talker/share/talker/hook/pythonpath.ps1'
[4.462s] INFO:colcon.colcon_core.shell:Creating environment descriptor '/home/michfiona2002/ros2_ws/install/talker/share/talker/hook/pythonpath.dsv'
[4.464s] INFO:colcon.colcon_core.shell:Creating environment hook '/home/michfiona2002/ros2_ws/install/talker/share/talker/hook/pythonpath.sh'
[4.466s] Level 1:colcon.colcon_core.environment:checking '/home/michfiona2002/ros2_ws/install/talker/bin'
[4.466s] Level 1:colcon.colcon_core.environment:create_environment_scripts_only(talker)
[4.467s] INFO:colcon.colcon_core.shell:Creating package script '/home/michfiona2002/ros2_ws/install/talker/share/talker/package.ps1'
[4.469s] INFO:colcon.colcon_core.shell:Creating package descriptor '/home/michfiona2002/ros2_ws/install/talker/share/talker/package.dsv'
[4.471s] INFO:colcon.colcon_core.shell:Creating package script '/home/michfiona2002/ros2_ws/install/talker/share/talker/package.sh'
[4.473s] INFO:colcon.colcon_core.shell:Creating package script '/home/michfiona2002/ros2_ws/install/talker/share/talker/package.bash'
[4.474s] INFO:colcon.colcon_core.shell:Creating package script '/home/michfiona2002/ros2_ws/install/talker/share/talker/package.zsh'
[4.475s] Level 1:colcon.colcon_core.environment:create_file_with_runtime_dependencies(/home/michfiona2002/ros2_ws/install/talker/share/colcon-core/packages/talker)
[4.487s] Level 1:colcon.colcon_core.environment:checking '/home/michfiona2002/ros2_ws/install/listener' for CMake module files
[4.490s] DEBUG:colcon.colcon_core.event_handler.log_command:Invoked command in '/home/michfiona2002/ros2_ws/listener' returned '0': PYTHONPATH=/home/michfiona2002/ros2_ws/build/listener/prefix_override:/usr/lib/python3/dist-packages/colcon_core/task/python/colcon_distutils_commands:/home/michfiona2002/ros2_ws/install/listener/lib/python3.10/site-packages:${PYTHONPATH} /usr/bin/python3 -W ignore:setup.py install is deprecated -W ignore:easy_install command is deprecated setup.py egg_info --egg-base ../build/listener build --build-base /home/michfiona2002/ros2_ws/build/listener/build install --record /home/michfiona2002/ros2_ws/build/listener/install.log --single-version-externally-managed install_data
[4.492s] Level 1:colcon.colcon_core.environment:checking '/home/michfiona2002/ros2_ws/install/listener' for CMake config files
[4.494s] Level 1:colcon.colcon_core.environment:checking '/home/michfiona2002/ros2_ws/install/listener/lib'
[4.494s] Level 1:colcon.colcon_core.environment:checking '/home/michfiona2002/ros2_ws/install/listener/bin'
[4.494s] Level 1:colcon.colcon_core.environment:checking '/home/michfiona2002/ros2_ws/install/listener/lib/pkgconfig/listener.pc'
[4.495s] Level 1:colcon.colcon_core.environment:checking '/home/michfiona2002/ros2_ws/install/listener/lib/python3.10/site-packages'
[4.495s] Level 1:colcon.colcon_core.shell:create_environment_hook('listener', 'pythonpath')
[4.496s] INFO:colcon.colcon_core.shell:Creating environment hook '/home/michfiona2002/ros2_ws/install/listener/share/listener/hook/pythonpath.ps1'
[4.497s] INFO:colcon.colcon_core.shell:Creating environment descriptor '/home/michfiona2002/ros2_ws/install/listener/share/listener/hook/pythonpath.dsv'
[4.498s] INFO:colcon.colcon_core.shell:Creating environment hook '/home/michfiona2002/ros2_ws/install/listener/share/listener/hook/pythonpath.sh'
[4.499s] Level 1:colcon.colcon_core.environment:checking '/home/michfiona2002/ros2_ws/install/listener/bin'
[4.499s] Level 1:colcon.colcon_core.environment:create_environment_scripts_only(listener)
[4.501s] INFO:colcon.colcon_core.shell:Creating package script '/home/michfiona2002/ros2_ws/install/listener/share/listener/package.ps1'
[4.502s] INFO:colcon.colcon_core.shell:Creating package descriptor '/home/michfiona2002/ros2_ws/install/listener/share/listener/package.dsv'
[4.505s] INFO:colcon.colcon_core.shell:Creating package script '/home/michfiona2002/ros2_ws/install/listener/share/listener/package.sh'
[4.507s] INFO:colcon.colcon_core.shell:Creating package script '/home/michfiona2002/ros2_ws/install/listener/share/listener/package.bash'
[4.508s] INFO:colcon.colcon_core.shell:Creating package script '/home/michfiona2002/ros2_ws/install/listener/share/listener/package.zsh'
[4.511s] Level 1:colcon.colcon_core.environment:create_file_with_runtime_dependencies(/home/michfiona2002/ros2_ws/install/listener/share/colcon-core/packages/listener)
[4.514s] DEBUG:colcon.colcon_parallel_executor.executor.parallel:closing loop
[4.516s] DEBUG:colcon.colcon_parallel_executor.executor.parallel:loop closed
[4.517s] DEBUG:colcon.colcon_parallel_executor.executor.parallel:run_until_complete finished with '0'
[4.517s] DEBUG:colcon.colcon_core.event_reactor:joining thread
[4.598s] INFO:colcon.colcon_core.plugin_system:Skipping extension 'colcon_notification.desktop_notification.notify_send': Could not find 'notify-send'
[4.598s] INFO:colcon.colcon_core.plugin_system:Skipping extension 'colcon_notification.desktop_notification.terminal_notifier': Not used on non-Darwin systems
[4.598s] INFO:colcon.colcon_core.plugin_system:Skipping extension 'colcon_notification.desktop_notification.win32': Not used on non-Windows systems
[4.598s] INFO:colcon.colcon_notification.desktop_notification:Sending desktop notification using 'notify2'
[4.599s] DEBUG:colcon.colcon_notification.desktop_notification.notify2:Failed to initialize notify2: org.freedesktop.DBus.Error.FileNotFound: Failed to connect to socket /run/user/1000/bus: No such file or directory
[4.599s] DEBUG:colcon.colcon_core.event_reactor:joined thread
[4.600s] INFO:colcon.colcon_core.shell:Creating prefix script '/home/michfiona2002/ros2_ws/install/local_setup.ps1'
[4.603s] INFO:colcon.colcon_core.shell:Creating prefix util module '/home/michfiona2002/ros2_ws/install/_local_setup_util_ps1.py'
[4.607s] INFO:colcon.colcon_core.shell:Creating prefix chain script '/home/michfiona2002/ros2_ws/install/setup.ps1'
[4.610s] INFO:colcon.colcon_core.shell:Creating prefix script '/home/michfiona2002/ros2_ws/install/local_setup.sh'
[4.613s] INFO:colcon.colcon_core.shell:Creating prefix util module '/home/michfiona2002/ros2_ws/install/_local_setup_util_sh.py'
[4.615s] INFO:colcon.colcon_core.shell:Creating prefix chain script '/home/michfiona2002/ros2_ws/install/setup.sh'
[4.617s] INFO:colcon.colcon_core.shell:Creating prefix script '/home/michfiona2002/ros2_ws/install/local_setup.bash'
[4.619s] INFO:colcon.colcon_core.shell:Creating prefix chain script '/home/michfiona2002/ros2_ws/install/setup.bash'
[4.623s] INFO:colcon.colcon_core.shell:Creating prefix script '/home/michfiona2002/ros2_ws/install/local_setup.zsh'
[4.625s] INFO:colcon.colcon_core.shell:Creating prefix chain script '/home/michfiona2002/ros2_ws/install/setup.zsh'
