[3.686s] Invoking command in '/home/michfiona2002/ros2_ws/talker': PYTHONPATH=/home/michfiona2002/ros2_ws/build/talker/prefix_override:/usr/lib/python3/dist-packages/colcon_core/task/python/colcon_distutils_commands:/home/michfiona2002/ros2_ws/install/talker/lib/python3.10/site-packages:${PYTHONPATH} /usr/bin/python3 -W ignore:setup.py install is deprecated -W ignore:easy_install command is deprecated setup.py egg_info --egg-base ../build/talker build --build-base /home/michfiona2002/ros2_ws/build/talker/build install --record /home/michfiona2002/ros2_ws/build/talker/install.log --single-version-externally-managed install_data
[4.694s] running egg_info
[4.697s] writing ../build/talker/talker.egg-info/PKG-INFO
[4.697s] writing dependency_links to ../build/talker/talker.egg-info/dependency_links.txt
[4.698s] writing entry points to ../build/talker/talker.egg-info/entry_points.txt
[4.698s] writing requirements to ../build/talker/talker.egg-info/requires.txt
[4.699s] writing top-level names to ../build/talker/talker.egg-info/top_level.txt
[4.705s] reading manifest file '../build/talker/talker.egg-info/SOURCES.txt'
[4.709s] writing manifest file '../build/talker/talker.egg-info/SOURCES.txt'
[4.710s] running build
[4.710s] running build_py
[4.711s] running install
[4.712s] running install_lib
[4.715s] running install_data
[4.720s] running install_egg_info
[4.725s] removing '/home/michfiona2002/ros2_ws/install/talker/lib/python3.10/site-packages/talker-0.0.0-py3.10.egg-info' (and everything under it)
[4.726s] Copying ../build/talker/talker.egg-info to /home/michfiona2002/ros2_ws/install/talker/lib/python3.10/site-packages/talker-0.0.0-py3.10.egg-info
[4.735s] running install_scripts
[4.817s] Installing talker script to /home/michfiona2002/ros2_ws/install/talker/lib/talker
[4.819s] writing list of installed files to '/home/michfiona2002/ros2_ws/build/talker/install.log'
[4.927s] Invoked command in '/home/michfiona2002/ros2_ws/talker' returned '0': PYTHONPATH=/home/michfiona2002/ros2_ws/build/talker/prefix_override:/usr/lib/python3/dist-packages/colcon_core/task/python/colcon_distutils_commands:/home/michfiona2002/ros2_ws/install/talker/lib/python3.10/site-packages:${PYTHONPATH} /usr/bin/python3 -W ignore:setup.py install is deprecated -W ignore:easy_install command is deprecated setup.py egg_info --egg-base ../build/talker build --build-base /home/michfiona2002/ros2_ws/build/talker/build install --record /home/michfiona2002/ros2_ws/build/talker/install.log --single-version-externally-managed install_data
