[0.913s] Invoking command in '/home/michfiona2002/dojo_robotics_2025/src/my_robot_package': PYTHONPATH=/home/michfiona2002/dojo_robotics_2025/build/my_robot_package/prefix_override:/usr/lib/python3/dist-packages/colcon_core/task/python/colcon_distutils_commands:/home/michfiona2002/dojo_robotics_2025/install/my_robot_package/lib/python3.10/site-packages:${PYTHONPATH} /usr/bin/python3 -W ignore:setup.py install is deprecated -W ignore:easy_install command is deprecated setup.py egg_info --egg-base ../../build/my_robot_package build --build-base /home/michfiona2002/dojo_robotics_2025/build/my_robot_package/build install --record /home/michfiona2002/dojo_robotics_2025/build/my_robot_package/install.log --single-version-externally-managed install_data
[1.232s] running egg_info
[1.233s] writing ../../build/my_robot_package/my_robot_package.egg-info/PKG-INFO
[1.234s] writing dependency_links to ../../build/my_robot_package/my_robot_package.egg-info/dependency_links.txt
[1.234s] writing entry points to ../../build/my_robot_package/my_robot_package.egg-info/entry_points.txt
[1.234s] writing requirements to ../../build/my_robot_package/my_robot_package.egg-info/requires.txt
[1.235s] writing top-level names to ../../build/my_robot_package/my_robot_package.egg-info/top_level.txt
[1.239s] reading manifest file '../../build/my_robot_package/my_robot_package.egg-info/SOURCES.txt'
[1.242s] writing manifest file '../../build/my_robot_package/my_robot_package.egg-info/SOURCES.txt'
[1.242s] running build
[1.242s] running build_py
[1.244s] running install
[1.244s] running install_lib
[1.246s] running install_data
[1.247s] running install_egg_info
[1.253s] removing '/home/michfiona2002/dojo_robotics_2025/install/my_robot_package/lib/python3.10/site-packages/my_robot_package-0.0.0-py3.10.egg-info' (and everything under it)
[1.254s] Copying ../../build/my_robot_package/my_robot_package.egg-info to /home/michfiona2002/dojo_robotics_2025/install/my_robot_package/lib/python3.10/site-packages/my_robot_package-0.0.0-py3.10.egg-info
[1.259s] running install_scripts
[1.284s] Installing my_first_node script to /home/michfiona2002/dojo_robotics_2025/install/my_robot_package/lib/my_robot_package
[1.285s] writing list of installed files to '/home/michfiona2002/dojo_robotics_2025/build/my_robot_package/install.log'
[1.342s] Invoked command in '/home/michfiona2002/dojo_robotics_2025/src/my_robot_package' returned '0': PYTHONPATH=/home/michfiona2002/dojo_robotics_2025/build/my_robot_package/prefix_override:/usr/lib/python3/dist-packages/colcon_core/task/python/colcon_distutils_commands:/home/michfiona2002/dojo_robotics_2025/install/my_robot_package/lib/python3.10/site-packages:${PYTHONPATH} /usr/bin/python3 -W ignore:setup.py install is deprecated -W ignore:easy_install command is deprecated setup.py egg_info --egg-base ../../build/my_robot_package build --build-base /home/michfiona2002/dojo_robotics_2025/build/my_robot_package/build install --record /home/michfiona2002/dojo_robotics_2025/build/my_robot_package/install.log --single-version-externally-managed install_data
