running egg_info
creating ../build/listener/listener.egg-info
writing ../build/listener/listener.egg-info/PKG-INFO
writing dependency_links to ../build/listener/listener.egg-info/dependency_links.txt
writing entry points to ../build/listener/listener.egg-info/entry_points.txt
writing requirements to ../build/listener/listener.egg-info/requires.txt
writing top-level names to ../build/listener/listener.egg-info/top_level.txt
writing manifest file '../build/listener/listener.egg-info/SOURCES.txt'
reading manifest file '../build/listener/listener.egg-info/SOURCES.txt'
writing manifest file '../build/listener/listener.egg-info/SOURCES.txt'
running build
running build_py
creating /home/caleb253/internship2025/caleb_ros2_ws/src/build/listener/build
creating /home/caleb253/internship2025/caleb_ros2_ws/src/build/listener/build/lib
creating /home/caleb253/internship2025/caleb_ros2_ws/src/build/listener/build/lib/listener
copying listener/main.py -> /home/caleb253/internship2025/caleb_ros2_ws/src/build/listener/build/lib/listener
copying listener/__init__.py -> /home/caleb253/internship2025/caleb_ros2_ws/src/build/listener/build/lib/listener
running install
running install_lib
creating /home/caleb253/internship2025/caleb_ros2_ws/src/install/listener/lib/python3.10/site-packages/listener
copying /home/caleb253/internship2025/caleb_ros2_ws/src/build/listener/build/lib/listener/main.py -> /home/caleb253/internship2025/caleb_ros2_ws/src/install/listener/lib/python3.10/site-packages/listener
copying /home/caleb253/internship2025/caleb_ros2_ws/src/build/listener/build/lib/listener/__init__.py -> /home/caleb253/internship2025/caleb_ros2_ws/src/install/listener/lib/python3.10/site-packages/listener
byte-compiling /home/caleb253/internship2025/caleb_ros2_ws/src/install/listener/lib/python3.10/site-packages/listener/main.py to main.cpython-310.pyc
byte-compiling /home/caleb253/internship2025/caleb_ros2_ws/src/install/listener/lib/python3.10/site-packages/listener/__init__.py to __init__.cpython-310.pyc
running install_data
creating /home/caleb253/internship2025/caleb_ros2_ws/src/install/listener/share/ament_index
creating /home/caleb253/internship2025/caleb_ros2_ws/src/install/listener/share/ament_index/resource_index
creating /home/caleb253/internship2025/caleb_ros2_ws/src/install/listener/share/ament_index/resource_index/packages
copying resource/listener -> /home/caleb253/internship2025/caleb_ros2_ws/src/install/listener/share/ament_index/resource_index/packages
copying package.xml -> /home/caleb253/internship2025/caleb_ros2_ws/src/install/listener/share/listener
running install_egg_info
Copying ../build/listener/listener.egg-info to /home/caleb253/internship2025/caleb_ros2_ws/src/install/listener/lib/python3.10/site-packages/listener-0.0.0-py3.10.egg-info
running install_scripts
Installing listener script to /home/caleb253/internship2025/caleb_ros2_ws/src/install/listener/lib/listener
writing list of installed files to '/home/caleb253/internship2025/caleb_ros2_ws/src/build/listener/install.log'
