[3.942s] Invoking command in '/home/caleb253/internship2025/caleb_ros2_ws/src/listener': PYTHONPATH=/home/caleb253/internship2025/caleb_ros2_ws/src/build/listener/prefix_override:/usr/lib/python3/dist-packages/colcon_core/task/python/colcon_distutils_commands:/home/caleb253/internship2025/caleb_ros2_ws/src/install/listener/lib/python3.10/site-packages:${PYTHONPATH} /usr/bin/python3 -W ignore:setup.py install is deprecated -W ignore:easy_install command is deprecated setup.py egg_info --egg-base ../build/listener build --build-base /home/caleb253/internship2025/caleb_ros2_ws/src/build/listener/build install --record /home/caleb253/internship2025/caleb_ros2_ws/src/build/listener/install.log --single-version-externally-managed install_data
[4.966s] running egg_info
[4.978s] creating ../build/listener/listener.egg-info
[4.978s] writing ../build/listener/listener.egg-info/PKG-INFO
[4.978s] writing dependency_links to ../build/listener/listener.egg-info/dependency_links.txt
[4.978s] writing entry points to ../build/listener/listener.egg-info/entry_points.txt
[4.978s] writing requirements to ../build/listener/listener.egg-info/requires.txt
[4.979s] writing top-level names to ../build/listener/listener.egg-info/top_level.txt
[4.979s] writing manifest file '../build/listener/listener.egg-info/SOURCES.txt'
[4.997s] reading manifest file '../build/listener/listener.egg-info/SOURCES.txt'
[4.997s] writing manifest file '../build/listener/listener.egg-info/SOURCES.txt'
[4.998s] running build
[4.998s] running build_py
[4.998s] creating /home/caleb253/internship2025/caleb_ros2_ws/src/build/listener/build
[5.004s] creating /home/caleb253/internship2025/caleb_ros2_ws/src/build/listener/build/lib
[5.004s] creating /home/caleb253/internship2025/caleb_ros2_ws/src/build/listener/build/lib/listener
[5.005s] copying listener/main.py -> /home/caleb253/internship2025/caleb_ros2_ws/src/build/listener/build/lib/listener
[5.005s] copying listener/__init__.py -> /home/caleb253/internship2025/caleb_ros2_ws/src/build/listener/build/lib/listener
[5.005s] running install
[5.005s] running install_lib
[5.009s] creating /home/caleb253/internship2025/caleb_ros2_ws/src/install/listener/lib/python3.10/site-packages/listener
[5.010s] copying /home/caleb253/internship2025/caleb_ros2_ws/src/build/listener/build/lib/listener/main.py -> /home/caleb253/internship2025/caleb_ros2_ws/src/install/listener/lib/python3.10/site-packages/listener
[5.016s] copying /home/caleb253/internship2025/caleb_ros2_ws/src/build/listener/build/lib/listener/__init__.py -> /home/caleb253/internship2025/caleb_ros2_ws/src/install/listener/lib/python3.10/site-packages/listener
[5.016s] byte-compiling /home/caleb253/internship2025/caleb_ros2_ws/src/install/listener/lib/python3.10/site-packages/listener/main.py to main.cpython-310.pyc
[5.018s] byte-compiling /home/caleb253/internship2025/caleb_ros2_ws/src/install/listener/lib/python3.10/site-packages/listener/__init__.py to __init__.cpython-310.pyc
[5.018s] running install_data
[5.018s] creating /home/caleb253/internship2025/caleb_ros2_ws/src/install/listener/share/ament_index
[5.018s] creating /home/caleb253/internship2025/caleb_ros2_ws/src/install/listener/share/ament_index/resource_index
[5.019s] creating /home/caleb253/internship2025/caleb_ros2_ws/src/install/listener/share/ament_index/resource_index/packages
[5.019s] copying resource/listener -> /home/caleb253/internship2025/caleb_ros2_ws/src/install/listener/share/ament_index/resource_index/packages
[5.025s] copying package.xml -> /home/caleb253/internship2025/caleb_ros2_ws/src/install/listener/share/listener
[5.025s] running install_egg_info
[5.034s] Copying ../build/listener/listener.egg-info to /home/caleb253/internship2025/caleb_ros2_ws/src/install/listener/lib/python3.10/site-packages/listener-0.0.0-py3.10.egg-info
[5.040s] running install_scripts
[5.093s] Installing listener script to /home/caleb253/internship2025/caleb_ros2_ws/src/install/listener/lib/listener
[5.095s] writing list of installed files to '/home/caleb253/internship2025/caleb_ros2_ws/src/build/listener/install.log'
[5.347s] Invoked command in '/home/caleb253/internship2025/caleb_ros2_ws/src/listener' returned '0': PYTHONPATH=/home/caleb253/internship2025/caleb_ros2_ws/src/build/listener/prefix_override:/usr/lib/python3/dist-packages/colcon_core/task/python/colcon_distutils_commands:/home/caleb253/internship2025/caleb_ros2_ws/src/install/listener/lib/python3.10/site-packages:${PYTHONPATH} /usr/bin/python3 -W ignore:setup.py install is deprecated -W ignore:easy_install command is deprecated setup.py egg_info --egg-base ../build/listener build --build-base /home/caleb253/internship2025/caleb_ros2_ws/src/build/listener/build install --record /home/caleb253/internship2025/caleb_ros2_ws/src/build/listener/install.log --single-version-externally-managed install_data
