running egg_info
writing ../build/listener/listener.egg-info/PKG-INFO
writing dependency_links to ../build/listener/listener.egg-info/dependency_links.txt
writing entry points to ../build/listener/listener.egg-info/entry_points.txt
writing requirements to ../build/listener/listener.egg-info/requires.txt
writing top-level names to ../build/listener/listener.egg-info/top_level.txt
reading manifest file '../build/listener/listener.egg-info/SOURCES.txt'
writing manifest file '../build/listener/listener.egg-info/SOURCES.txt'
running build
running build_py
copying listener/main.py -> /home/michfiona2002/ros2_ws/build/listener/build/lib/listener
running install
running install_lib
copying /home/michfiona2002/ros2_ws/build/listener/build/lib/listener/main.py -> /home/michfiona2002/ros2_ws/install/listener/lib/python3.10/site-packages/listener
byte-compiling /home/michfiona2002/ros2_ws/install/listener/lib/python3.10/site-packages/listener/main.py to main.cpython-310.pyc
running install_data
running install_egg_info
removing '/home/michfiona2002/ros2_ws/install/listener/lib/python3.10/site-packages/listener-0.0.0-py3.10.egg-info' (and everything under it)
Copying ../build/listener/listener.egg-info to /home/michfiona2002/ros2_ws/install/listener/lib/python3.10/site-packages/listener-0.0.0-py3.10.egg-info
running install_scripts
Installing listener script to /home/michfiona2002/ros2_ws/install/listener/lib/listener
writing list of installed files to '/home/michfiona2002/ros2_ws/build/listener/install.log'
