[2.871s] Invoking command in '/home/michfiona2002/ros2_ws/listener': PYTHONPATH=/home/michfiona2002/ros2_ws/build/listener/prefix_override:/usr/lib/python3/dist-packages/colcon_core/task/python/colcon_distutils_commands:/home/michfiona2002/ros2_ws/install/listener/lib/python3.10/site-packages:${PYTHONPATH} /usr/bin/python3 -W ignore:setup.py install is deprecated -W ignore:easy_install command is deprecated setup.py egg_info --egg-base ../build/listener build --build-base /home/michfiona2002/ros2_ws/build/listener/build install --record /home/michfiona2002/ros2_ws/build/listener/install.log --single-version-externally-managed install_data
[3.620s] running egg_info
[3.621s] writing ../build/listener/listener.egg-info/PKG-INFO
[3.622s] writing dependency_links to ../build/listener/listener.egg-info/dependency_links.txt
[3.622s] writing entry points to ../build/listener/listener.egg-info/entry_points.txt
[3.623s] writing requirements to ../build/listener/listener.egg-info/requires.txt
[3.624s] writing top-level names to ../build/listener/listener.egg-info/top_level.txt
[3.628s] reading manifest file '../build/listener/listener.egg-info/SOURCES.txt'
[3.630s] writing manifest file '../build/listener/listener.egg-info/SOURCES.txt'
[3.631s] running build
[3.631s] running build_py
[3.632s] copying listener/main.py -> /home/michfiona2002/ros2_ws/build/listener/build/lib/listener
[3.633s] running install
[3.634s] running install_lib
[3.639s] copying /home/michfiona2002/ros2_ws/build/listener/build/lib/listener/main.py -> /home/michfiona2002/ros2_ws/install/listener/lib/python3.10/site-packages/listener
[3.642s] byte-compiling /home/michfiona2002/ros2_ws/install/listener/lib/python3.10/site-packages/listener/main.py to main.cpython-310.pyc
[3.643s] running install_data
[3.643s] running install_egg_info
[3.648s] removing '/home/michfiona2002/ros2_ws/install/listener/lib/python3.10/site-packages/listener-0.0.0-py3.10.egg-info' (and everything under it)
[3.648s] Copying ../build/listener/listener.egg-info to /home/michfiona2002/ros2_ws/install/listener/lib/python3.10/site-packages/listener-0.0.0-py3.10.egg-info
[3.651s] running install_scripts
[3.709s] Installing listener script to /home/michfiona2002/ros2_ws/install/listener/lib/listener
[3.710s] writing list of installed files to '/home/michfiona2002/ros2_ws/build/listener/install.log'
[3.786s] Invoked command in '/home/michfiona2002/ros2_ws/listener' returned '0': PYTHONPATH=/home/michfiona2002/ros2_ws/build/listener/prefix_override:/usr/lib/python3/dist-packages/colcon_core/task/python/colcon_distutils_commands:/home/michfiona2002/ros2_ws/install/listener/lib/python3.10/site-packages:${PYTHONPATH} /usr/bin/python3 -W ignore:setup.py install is deprecated -W ignore:easy_install command is deprecated setup.py egg_info --egg-base ../build/listener build --build-base /home/michfiona2002/ros2_ws/build/listener/build install --record /home/michfiona2002/ros2_ws/build/listener/install.log --single-version-externally-managed install_data
